C251 COMPILER V5.60.0,  pit_timer                                                          08/08/26  10:47:41  PAGE 1   


C251 COMPILER V5.60.0, COMPILATION OF MODULE pit_timer
OBJECT MODULE PLACED IN .\out_file\pit_timer.obj
COMPILER INVOKED BY: D:\keil5-C251-5.60\C251\BIN\C251.EXE ..\..\bldc\pit_timer.c XSMALL INTR2 NOALIAS WARNINGLEVEL(3) BR
                    -OWSE INCDIR(..\..\libraries\zf_common;..\..\libraries\zf_components;..\..\libraries\zf_device;..\..\libraries\zf_driver;
                    -..\user;..\code;..\..\bldc) DEBUG PRINT(.\out_file\pit_timer.lst) TABS(2) OBJECT(.\out_file\pit_timer.obj) 

stmt  level    source

    1          /********************************************************************************************************
             -*************
    2           * COPYRIGHT NOTICE
    3           * Copyright (c) 2020,逐飞科技
    4           * All rights reserved.
    5           * 技术讨论QQ群：一群：179029047(已满)  二群：244861897(已满)  三群：824575535
    6           *
    7           * 以下所有内容版权均属逐飞科技所有，未经允许不得用于商业用途，
    8           * 欢迎各位使用并传播本程序，修改内容时必须保留逐飞科技的版权声明。
    9           *
   10           * @file          pit_timer
   11           * @company       成都逐飞科技有限公司
   12           * @author        逐飞科技(QQ790875685)
   13           * @version       查看doc内version文件 版本说明
   14           * @Software    MDK FOR C251 V5.60
   15           * @Target core   STC32G12K128
   16           * @Taobao      https://seekfree.taobao.com/
   17           * @date          2024-01-22
   18           ********************************************************************************************************
             -************/
   19          
   20          #include "zf_common_typedef.h"
   21          
   22          #include "zf_driver_timer.h"
   23          #include "zf_driver_gpio.h"
   24          #include "zf_driver_delay.h"
   25          #include "zf_driver_pit.h"
   26          
   27          #include "bldc_config.h"
   28          #include "pwm_out.h"
   29          #include "signal_input.h"
   30          #include "motor_control.h"
   31          #include "battery.h"
   32          #include "pit_timer.h"
   33          #include "comparator.h"
   34          #include "motor_control.h"
   35          
   36          #include "sine_control.h"
   37          
   38          
   39          #pragma warning disable = 183
   40          
   41          
   42          #define ERR_LED P37
   43          #define RUN_LED P36
   44          
   45          static uint32 pit_count = 0;
   46          
   47          //-------------------------------------------------------------------------------------------------------
             -------------
   48          //  @brief      LED灯光控制
   49          //  @param      void
   50          //  @return     void
   51          //  @since      v1.0
   52          //  Sample usage:
   53          //-------------------------------------------------------------------------------------------------------
             -------------
C251 COMPILER V5.60.0,  pit_timer                                                          08/08/26  10:47:41  PAGE 2   

   54          void led_control(void)
   55          {
   56   1          #define TICK_TO_MS(ms)  (ms * 20)
   57   1          // 50us进一次该函数
   58   1          // LED状态显示
   59   1          if(BYTE_LOW_VOLTAGE == motor.run_flag)
   60   1          {
   61   2              // 电池电压过低，ERROR LED慢闪
   62   2              ERR_LED = 0;
   63   2              RUN_LED = 1;
   64   2          }
   65   1          else if(MOTOR_RESTART == motor.run_flag)
   66   1          {
   67   2              // 由于堵转造成的停止
   68   2              if(0 == (pit_count%TICK_TO_MS(50)))
   69   2              {
   70   3                  ERR_LED = !ERR_LED;
   71   3                  RUN_LED = 1;
   72   3              }
   73   2          }
   74   1          else if(MOTOR_IDLE == motor.run_flag)
   75   1          {
   76   2              // 空闲状态
   77   2              if(0 == (pit_count%TICK_TO_MS(200)))
   78   2              {
   79   3                  RUN_LED = !RUN_LED;
   80   3                  ERR_LED = 1;
   81   3              }
   82   2          }
   83   1          else if(MOTOR_START == motor.run_flag || MOTOR_OPEN_LOOP == motor.run_flag || MOTOR_CLOSE_LOOP == mot
             -or.run_flag)
   84   1          {
   85   2              // 电机转动状态
   86   2              ERR_LED = 1;
   87   2              RUN_LED = 0;
   88   2          }
   89   1        
   90   1      }
   91          
   92          void pit_motor_control()
   93          {
   94   1          static uint16 stall_time_out_check = 0;
   95   1        static uint8 gpio_state = 0;
   96   1          uint8 pin_state = 0;
   97   1        static uint8 oled_pin_state = 0;
   98   1        
   99   1          switch(motor.run_flag)
  100   1          {
  101   2          case MOTOR_START:
  102   2          {
  103   3            uint16 sine_delay;
  104   3            ET0 = 0;          // 关闭定时器0中断
  105   3            IE2 &= ~0x40;         // 关闭定时器4中断
  106   3            comparator_close_isr();   // 关闭比较器中断
  107   3            stall_time_out_check = 0; // 堵转检测计数器设置为0
  108   3            motor.commutation_num = 0;  // 电机换相计数器设置为0
  109   3            
  110   3                  PWMA_ENO = 0x3F;            // 打开所有PWM通道
  111   3                  
  112   3            #if BLDC_USE_SINE_START
  113   3      
  114   3            sine_init();
  115   3            do
  116   3            {
  117   4                      
  118   4                      motor.duty_register = motor.duty;
C251 COMPILER V5.60.0,  pit_timer                                                          08/08/26  10:47:41  PAGE 3   

  119   4              
  120   4                      if (motor.duty_register < ((uint32)BLDC_MIN_DUTY * BLDC_PWM_ARR_MAX / 100))
  121   4                      {
  122   5                          motor.duty_register = (uint32)BLDC_MIN_DUTY * BLDC_PWM_ARR_MAX / 100;
  123   5                      }
  124   4                      else if (motor.duty_register > ((uint32)BLDC_MAX_DUTY * BLDC_PWM_ARR_MAX / 100))
  125   4                      {
  126   5                          motor.duty_register = ((uint32)BLDC_MAX_DUTY * BLDC_PWM_ARR_MAX / 100);
  127   5                      }
  128   4      
  129   4              sine_start(motor.duty_register);
  130   4              
  131   4              T4T3M &= ~0x80; // 停止定时器
  132   4              T4L = 0;
  133   4              T4H = 0;
  134   4              T4T3M |= 0x80;  // 开启定时器
  135   4              
  136   4              sine_delay = 420 / BLDC_POLES;
  137   4              while(((T4H << 8) | T4L) < sine_delay);
  138   4            }while(motor_a_position != 0);
  139   3            
  140   3            motor.step = 2;
  141   3            motor.commutation_time[0] = 6000;
  142   3            motor.commutation_time[1] = 6000;
  143   3            motor.commutation_time[2] = 6000;
  144   3            motor.commutation_time[3] = 6000;
  145   3            motor.commutation_time[4] = 6000;
  146   3            motor.commutation_time[5] = 6000;
  147   3            motor.commutation_time_sum = motor.commutation_time[0] + motor.commutation_time[1] + motor.commutation
             -_time[2] + \
  148   3                           motor.commutation_time[3] + motor.commutation_time[4] + motor.commutation_time[5] ;
  149   3            motor.filter_commutation_time_sum = motor.commutation_time_sum;
  150   3            // 清空定时器计数器值
  151   3            T4T3M &= ~0x80; // 停止定时器
  152   3            T4L = 0;
  153   3            T4H = 0;
  154   3            T4T3M |= 0x80;  // 开启定时器
  155   3            
  156   3            IE2 &= ~0x20;   // 关闭定时器3中断
  157   3      
  158   3            motor.run_flag = MOTOR_OPEN_LOOP;
  159   3      
  160   3            // 设置占空比
  161   3            motor.duty_register = motor.duty;
  162   3                  
  163   3                  if (motor.duty_register < ((uint32)BLDC_MIN_DUTY * BLDC_PWM_ARR_MAX / 100))
  164   3                  {
  165   4                      motor.duty_register = (uint32)BLDC_MIN_DUTY * BLDC_PWM_ARR_MAX / 100;
  166   4                  }
  167   3                  else if (motor.duty_register > ((uint32)BLDC_MAX_DUTY * BLDC_PWM_ARR_MAX / 100))
  168   3                  {
  169   4                      motor.duty_register = ((uint32)BLDC_MAX_DUTY * BLDC_PWM_ARR_MAX / 100);
  170   4                  }
  171   3                  
  172   3            pwm_out_duty_update(motor.duty_register);
  173   3            
  174   3                  // 换相
  175   3            motor_next_step();
  176   3            pwm_x_output[motor.step]();
  177   3                  
  178   3            #else
               
                     // 设置启动占空比
                     motor.duty_register = motor.duty;
                                  
                           if (motor.duty_register < (BLDC_MIN_DUTY * BLDC_PWM_ARR_MAX / 100))
C251 COMPILER V5.60.0,  pit_timer                                                          08/08/26  10:47:41  PAGE 4   

                           {
                               motor.duty_register = BLDC_MIN_DUTY * BLDC_PWM_ARR_MAX / 100;
                           }
                           else if (motor.duty_register > (BLDC_MAX_DUTY * BLDC_PWM_ARR_MAX / 100))
                           {
                               motor.duty_register = (BLDC_MAX_DUTY * BLDC_PWM_ARR_MAX / 100);
                           }
                           
                     pwm_out_duty_update(motor.duty_register);
                     if(((T4H << 8) | T4L) > 20*1000)
                     {
                       motor.commutation_time[0] = 6000;
                       motor.commutation_time[1] = 6000;
                       motor.commutation_time[2] = 6000;
                       motor.commutation_time[3] = 6000;
                       motor.commutation_time[4] = 6000;
                       motor.commutation_time[5] = 6000;
                       motor.commutation_time_sum = motor.commutation_time[0] + motor.commutation_time[1] + motor.commutatio
             -n_time[2] + \
                                      motor.commutation_time[3] + motor.commutation_time[4] + motor.commutation_time[5] ;
                       motor.filter_commutation_time_sum = motor.commutation_time_sum;
                       // 清空定时器计数器值
                       T4T3M &= ~0x80; // 停止定时器
                       T4L = 0;
                       T4H = 0;
                       T4T3M |= 0x80;  // 开启定时器
                       
                       IE2 &= ~0x20;   // 关闭定时器3中断
                       
                       motor_next_step();
                       pwm_x_output[motor.step]();
                       motor.run_flag = MOTOR_OPEN_LOOP;
                     }
                     #endif
  217   3          }
  218   2          break;
  219   2          case MOTOR_OPEN_LOOP:
  220   2          {
  221   3            uint8 motor_next_step_flag = 0;
  222   3            uint16 temp_commutation_time = (T4H << 8) | T4L;
  223   3                  
  224   3                  if (motor.duty_register < ((uint32)BLDC_MIN_DUTY * BLDC_PWM_ARR_MAX / 100))
  225   3                  {
  226   4                      motor.duty_register = (uint32)BLDC_MIN_DUTY * BLDC_PWM_ARR_MAX / 100;
  227   4                  }
  228   3                  else if (motor.duty_register > ((uint32)BLDC_MAX_DUTY * BLDC_PWM_ARR_MAX / 100))
  229   3                  {
  230   4                      motor.duty_register = ((uint32)BLDC_MAX_DUTY * BLDC_PWM_ARR_MAX / 100);
  231   4                  }
  232   3                  
  233   3                  
  234   3            // 通过位移的方式，将电平数据存入变量中
  235   3            gpio_state = (gpio_state << 1) | (CMPCR1 & 0x01);
  236   3            if (!(motor.step % 2))
  237   3            {
  238   4              //下降沿
  239   4              if(gpio_state == 0)
  240   4              {
  241   5                motor_next_step_flag = 1;
  242   5                gpio_state = 0x0F;
  243   5              }
  244   4            }
  245   3            else
  246   3            {
  247   4              // 上升沿
  248   4              if(gpio_state == 0xFF)
C251 COMPILER V5.60.0,  pit_timer                                                          08/08/26  10:47:41  PAGE 5   

  249   4              {
  250   5                motor_next_step_flag = 1;
  251   5                gpio_state = 0xF0;
  252   5              }
  253   4            }
  254   3            
  255   3            if(motor_next_step_flag)
  256   3            {
  257   4              T4T3M &= ~0x80; // 停止定时器
  258   4              T4L = 0;
  259   4              T4H = 0;
  260   4              T4T3M |= 0x80;  // 开启定时器
  261   4              // 堵转计数清空
  262   4              stall_time_out_check = 0;
  263   4              // 去掉最早的数据
  264   4              motor.commutation_time_sum -= motor.commutation_time[motor.step];
  265   4              // 保存换相时间
  266   4              motor.commutation_time[motor.step] = temp_commutation_time;
  267   4              // 叠加新的换相时间，求6次换相总时长
  268   4              motor.commutation_time_sum += motor.commutation_time[motor.step];
  269   4              // 换相次数增加一
  270   4              motor.commutation_num++;
  271   4              // 一阶低通滤波
  272   4              motor.filter_commutation_time_sum = (motor.filter_commutation_time_sum * 3 + motor.commutation_time_s
             -um * 1) >> 2;
  273   4              // 等待15度
  274   4              while(((T4H << 8) | T4L) < (motor.filter_commutation_time_sum / 24));
  275   4              // 电机step加一
  276   4              motor_next_step();
  277   4              // 电机换相
  278   4              pwm_x_output[motor.step]();
  279   4            }
  280   3            else
  281   3            {
  282   4              // 堵转检测
  283   4              if((10 * 200) < stall_time_out_check++)
  284   4              {
  285   5                stall_time_out_check = 0;
  286   5                motor.commutation_num = 0;
  287   5                motor.run_flag = MOTOR_STOP_STALL;
  288   5              }
  289   4            }
  290   3            
  291   3            // 闭环状态切换
  292   3            //if((motor.commutation_num > (BLDC_OPEN_LOOP_WAIT)) && (motor.filter_commutation_time_sum < 30000))
  293   3            if(motor.commutation_num > BLDC_OPEN_LOOP_WAIT)
  294   3            {
  295   4              // 清空计数器
  296   4              motor.commutation_failed_num = 0;
  297   4              // 清除一些变量
  298   4              motor.commutation_num = 0;
  299   4              stall_time_out_check = 0;
  300   4              // 打开比较器中断
  301   4              comparator_open_isr();
  302   4              // 使能定时器4中断
  303   4              IE2 |= 0x40;
  304   4              // 使能定时器4
  305   4              T4T3M |= 0x80;
  306   4              // 切换为闭环状态
  307   4              motor.run_flag = MOTOR_CLOSE_LOOP;
  308   4            }
  309   3            
  310   3            // 超过20ms没有检测到跳变，则从进入电机开始状态
  311   3            if(((T4H << 8) | T4L) > 20*1000)
  312   3            {
  313   4              T4T3M &= ~0x80; // 停止定时器
C251 COMPILER V5.60.0,  pit_timer                                                          08/08/26  10:47:41  PAGE 6   

  314   4              T4L = 0;
  315   4              T4H = 0;
  316   4              T4T3M |= 0x80;  // 开启定时器
  317   4              // 电机step加一
  318   4              motor_next_step();
  319   4              // 电机换相
  320   4              pwm_x_output[motor.step]();
  321   4              motor.run_flag = MOTOR_START;
  322   4            }
  323   3          }
  324   2          break;
  325   2          case MOTOR_CLOSE_LOOP:
  326   2          {
  327   3            pin_state = (CMPCR1 & 0x01);
  328   3            // 通过PA2引脚的电平状态，进行堵转检测
  329   3            if(oled_pin_state != pin_state)
  330   3            {
  331   4              stall_time_out_check = 0;
  332   4              oled_pin_state = pin_state;
  333   4            }
  334   3            else
  335   3            {
  336   4              // 如果引脚一直是一个状态，且超过了 BLDC_STALL_TIME_OUT ms 则认为堵转了
  337   4              if(stall_time_out_check++ > (10 * 200))          // 10KHZ，0.1ms计数一次
  338   4              {
  339   5                stall_time_out_check = 0;
  340   5                motor.run_flag = MOTOR_STOP_STALL;
  341   5              }
  342   4            }
  343   3            
  344   3      //      // 闭环缓慢加速   
  345   3      //      if(motor.commutation_num < (BLDC_CLOSE_LOOP_WAIT))
  346   3      //            {
  347   3      //                 if (motor.duty_register < BLDC_MIN_DUTY)
  348   3      //                 {
  349   3      //                     motor.duty_register = BLDC_MIN_DUTY;
  350   3      //                 }
  351   3      //                 if (motor.duty_register > (BLDC_PWM_ARR_MAX / 10 + BLDC_MIN_DUTY))
  352   3      //                 {
  353   3      //                     motor.duty_register = BLDC_PWM_ARR_MAX / 10 + BLDC_MIN_DUTY;
  354   3      //                 }
  355   3      //            }
  356   3            
  357   3      
  358   3            // 缓慢加减速
  359   3            // BLDC_PWM_ARR_MAX = 833
  360   3            // 50us进一次PIT中断，一毫秒进20次。
  361   3            // 如果每一次进来，就修改一次duty的值，那么41.65ms就能从0%拉到100%
  362   3                  // 等待稳定。
  363   3                  if((BLDC_CLOSE_LOOP_WAIT) < motor.commutation_num)
  364   3            if((motor.duty_register != motor.duty) && (pit_count % BLDC_SPEED_INCREMENTAL == 0))
  365   3            {
  366   4              if(motor.duty > motor.duty_register)
  367   4              {
  368   5                motor.duty_register ++;
  369   5                if(BLDC_PWM_ARR_MAX < motor.duty_register)
  370   5                {
  371   6                  motor.duty_register = BLDC_PWM_ARR_MAX;
  372   6                }
  373   5              }
  374   4              else
  375   4              {
  376   5                motor.duty_register--;
  377   5                          if (motor.duty_register < ((uint32)BLDC_MIN_DUTY * BLDC_PWM_ARR_MAX / 100))
  378   5                          {
  379   6                              motor.duty_register = (uint32)BLDC_MIN_DUTY * BLDC_PWM_ARR_MAX / 100;
C251 COMPILER V5.60.0,  pit_timer                                                          08/08/26  10:47:41  PAGE 7   

  380   6                          }
  381   5              }
  382   4              
  383   4      //        // 只有在减速的时候打开互补PWM
  384   4      //        if((int16)((int16)motor.duty_register - (int16)motor.duty) >= (BLDC_PWM_ARR_MAX >> 4))
  385   4      //        {
  386   4      //          g_use_complementary = 1;
  387   4      //        }
  388   4      //        else
  389   4      //        {
  390   4      //          g_use_complementary = 0;
  391   4      //        }
  392   4              
  393   4              pwm_out_duty_update(motor.duty_register);
  394   4            }
  395   3            
  396   3        
  397   3          }
  398   2          break;
  399   2          case MOTOR_STOP_STALL:
  400   2          {
  401   3            motor_stop();
  402   3            IE2 &= ~0x40;       // 关闭定时器4中断
  403   3            comparator_close_isr();   // 关闭比较器中断
  404   3            motor.run_flag = MOTOR_RESTART;
  405   3            motor.restart_delay = BLDC_START_DELAY;
  406   3          }
  407   2          break;
  408   2          case MOTOR_RESTART:
  409   2          {
  410   3            if(motor.restart_delay)
  411   3            {
  412   4              // 延时启动时间减减
  413   4              motor.restart_delay--;
  414   4            }
  415   3            else
  416   3            {
  417   4              motor.run_flag = MOTOR_IDLE;
  418   4            }
  419   3          }
  420   2          break;
  421   2          case MOTOR_IDLE:
  422   2          case BYTE_LOW_VOLTAGE:
  423   2          {
  424   3            ET0 = 0;          // 关闭定时器0中断
  425   3            IE2 &= ~0x40;         // 关闭定时器4中断
  426   3            comparator_close_isr();   // 关闭比较器中断
  427   3            motor_stop();
  428   3          }
  429   2          break;
  430   2          }
  431   1      }
  432          
  433          //-------------------------------------------------------------------------------------------------------
             -------------
  434          //  @brief      定时器1中断
  435          //  @param      void
  436          //  @return     void
  437          //  @since      v1.0
  438          //  Sample usage:
  439          //-------------------------------------------------------------------------------------------------------
             -------------
  440          void TM1_Isr() interrupt 3
  441          {
  442   1          pit_count++;
  443   1          pwm_input_timeout_tick();
C251 COMPILER V5.60.0,  pit_timer                                                          08/08/26  10:47:41  PAGE 8   

  444   1          //if(battery_voltage_get())
  445   1          //{
  446   1          //    motor.run_flag = BYTE_LOW_VOLTAGE;
  447   1          //}
  448   1          // 电池电压检测为最高优先级，当电压过低，就不转
  449   1          if(motor.run_flag != BYTE_LOW_VOLTAGE)
  450   1          {
  451   2              // 输入的占空比为0，则为空闲状态
  452   2              if(motor.duty == 0)
  453   2              {
  454   3                  motor.run_flag = MOTOR_IDLE;
  455   3              }
  456   2              else
  457   2              {
  458   3                  // 输入的占空比不为0，则从空闲状态转为电机开始
  459   3                  if(motor.run_flag == MOTOR_IDLE)
  460   3                  {
  461   4                      motor.run_flag = MOTOR_START;
  462   4                  }
  463   3              }
  464   2          }
  465   1          led_control();
  466   1          pit_motor_control();
  467   1      }
  468          
  469          //-------------------------------------------------------------------------------------------------------
             -------------
  470          //  @brief      周期定时器初始化
  471          //  @param      void
  472          //  @return     void
  473          //  @since      v1.0
  474          //  Sample usage:
  475          //-------------------------------------------------------------------------------------------------------
             -------------
  476             void pit_timer_init(void)
  477          {
  478   1      //  uint8 freq_div = 0;                
  479   1      //    uint16 period_temp = 0;               
  480   1      //    uint16 temp = 0;
  481   1      //  uint16 tim_us = 50;   // 设置为0.5ms中断一次,200hz频率
  482   1      
  483   1      //  AUXR |= 0x40;                         // 设置为1T模式
  484   1      //  freq_div = ((tim_us * system_clock / 1000000) / (1 << 16));          // 计算预分频
  485   1      //  period_temp = ((tim_us * system_clock / 1000000) / (freq_div));  // 计算自动重装载值
  486   1      //  temp = (uint16)65536 - period_temp;
  487   1      
  488   1      //  TM1PS = freq_div; // 设置分频值
  489   1      //  TMOD |= 0x00;     // 模式 0
  490   1      //  TL1 = temp;
  491   1      //  TH1 = temp >> 8;
  492   1      //  TR1 = 1;      // 启动定时器
  493   1      //  ET1 = 1;      // 使能定时器中断
  494   1        pit_us_init(TIM1_PIT, 50);
  495   1        pit_count = 0;
  496   1          motor.run_flag = MOTOR_IDLE;
  497   1      }
  498          
  499          //-------------------------------------------------------------------------------------------------------
             -------------
  500          //  @brief      LED初始化
  501          //  @param      void
  502          //  @return     void
  503          //  @since      v1.0
  504          //  Sample usage:
  505          //-------------------------------------------------------------------------------------------------------
             -------------
C251 COMPILER V5.60.0,  pit_timer                                                          08/08/26  10:47:41  PAGE 9   

  506          void led_init(void)
  507          {
  508   1        gpio_init(IO_P36, GPO, 0, GPO_PUSH_PULL);
  509   1        gpio_init(IO_P37, GPO, 0, GPO_PUSH_PULL);
  510   1          
  511   1          system_delay_ms(20);
  512   1          
  513   1          RUN_LED = 1;
  514   1          ERR_LED = 1;
  515   1      }


Module Information          Static   Overlayable
------------------------------------------------
  code size            =      1260     ------
  ecode size           =    ------     ------
  data size            =    ------     ------
  idata size           =    ------     ------
  pdata size           =    ------     ------
  xdata size           =    ------     ------
  xdata-const size     =    ------     ------
  edata size           =         8     ------
  bit size             =    ------     ------
  ebit size            =    ------     ------
  bitaddressable size  =    ------     ------
  ebitaddressable size =    ------     ------
  far data size        =    ------     ------
  huge data size       =    ------     ------
  const size           =    ------     ------
  hconst size          =        24     ------
End of Module Information.


C251 COMPILATION COMPLETE.  0 WARNING(S),  0 ERROR(S)
