C251 COMPILER V5.60.0,  signal_input                                                       08/08/26  10:47:41  PAGE 1   


C251 COMPILER V5.60.0, COMPILATION OF MODULE signal_input
OBJECT MODULE PLACED IN .\out_file\signal_input.obj
COMPILER INVOKED BY: D:\keil5-C251-5.60\C251\BIN\C251.EXE ..\..\bldc\signal_input.c XSMALL INTR2 NOALIAS WARNINGLEVEL(3)
                    - BROWSE INCDIR(..\..\libraries\zf_common;..\..\libraries\zf_components;..\..\libraries\zf_device;..\..\libraries\zf_driv
                    -er;..\user;..\code;..\..\bldc) DEBUG PRINT(.\out_file\signal_input.lst) TABS(2) OBJECT(.\out_file\signal_input.obj) 

stmt  level    source

    1          /********************************************************************************************************
             -*************
    2           * COPYRIGHT NOTICE
    3           * Copyright (c) 2020,逐飞科技
    4           * All rights reserved.
    5           * 技术讨论QQ群：一群：179029047(已满)  二群：244861897(已满)  三群：824575535
    6           *
    7           * 以下所有内容版权均属逐飞科技所有，未经允许不得用于商业用途，
    8           * 欢迎各位使用并传播本程序，修改内容时必须保留逐飞科技的版权声明。
    9           *
   10           * @file          pit_timer
   11           * @company       成都逐飞科技有限公司
   12           * @author        逐飞科技(QQ790875685)
   13           * @version       查看doc内version文件 版本说明
   14           * @Software    MDK FOR C251 V5.60
   15           * @Target core   STC32G12K128
   16           * @Taobao      https://seekfree.taobao.com/
   17           * @date          2024-01-22
   18           ********************************************************************************************************
             -************/
   19          #include "zf_common_typedef.h"
   20          #include "zf_common_clock.h"
   21          
   22          #include "bldc_config.h"
   23          #include "motor_control.h"
   24          #include "pwm_out.h"
   25          #include "signal_input.h"
   26          
   27          #define PWMIN_PIN   P21
   28          
   29          #define PWMIN_PERIOD_MIN_TICK       (2040u)
   30          #define PWMIN_PERIOD_MAX_TICK       (25000u)
   31          #define PWMIN_HIGH_MIN_TICK         (1000u)
   32          #define PWMIN_HIGH_MAX_TICK         (2000u)
   33          #define PWMIN_TIMEOUT_TICK          (1500u)
   34          
   35          #define PWMB_SR1_CC5IF              (0x02u)
   36          #define PWMB_SR1_CC6IF              (0x04u)
   37          #define PWMB_SR2_CC5OF              (0x02u)
   38          #define PWMB_SR2_CC6OF              (0x04u)
   39          
   40          pwmin_struct pwmin;
   41          
   42          static uint8 pwmin_period_valid = 0;
   43          static vuint16 pwm_input_timeout_count = 0;
   44          //-------------------------------------------------------------------------------------------------------
             -------------
   45          //  @brief      PWMB输入捕获中断
   46          //  @param      void                        
   47          //  @return     void          
   48          //  @since      v1.0
   49          //  Sample usage:
   50          //-------------------------------------------------------------------------------------------------------
             -------------
   51          void pwmb_isr()interrupt 27
   52          {
   53   1          uint8 sr1 = PWMB_SR1;
C251 COMPILER V5.60.0,  signal_input                                                       08/08/26  10:47:41  PAGE 2   

   54   1          uint8 sr2 = PWMB_SR2;
   55   1          uint8 capture_high;
   56   1          uint8 frame_overcapture;
   57   1          uint16 temp;
   58   1          frame_overcapture = sr2 & (PWMB_SR2_CC5OF | PWMB_SR2_CC6OF);
   59   1      
   60   1          if(sr1 & PWMB_SR1_CC5IF)
   61   1          {
   62   2              // 必须先读取高字节，再单独读取低字节；读取低字节会清除 CC5 标志。
   63   2              capture_high = PWMB_CCR5H;
   64   2              pwmin.period = ((uint16)capture_high << 8);
   65   2              pwmin.period |= PWMB_CCR5L;
   66   2      
   67   2              pwmin_period_valid = 0;
   68   2              if((0 == frame_overcapture)
   69   2              && (PWMIN_PERIOD_MIN_TICK <= pwmin.period)
   70   2              && (PWMIN_PERIOD_MAX_TICK >= pwmin.period))
   71   2              {
   72   3                  pwmin_period_valid = 1;
   73   3              }
   74   2          }
   75   1      
   76   1          if(sr1 & PWMB_SR1_CC6IF)
   77   1          {
   78   2              // 必须先读取高字节，再单独读取低字节；读取低字节会清除 CC6 标志。
   79   2              capture_high = PWMB_CCR6H;
   80   2              pwmin.high_value = ((uint16)capture_high << 8);
   81   2              pwmin.high_value |= PWMB_CCR6L;
   82   2              pwmin.high_time = pwmin.high_value;
   83   2      
   84   2              if((0 == frame_overcapture)
   85   2              && pwmin_period_valid
   86   2              && (PWMIN_HIGH_MIN_TICK <= pwmin.high_time)
   87   2              && (PWMIN_HIGH_MAX_TICK >= pwmin.high_time))
   88   2              {
   89   3                  temp = pwmin.high_time - PWMIN_HIGH_MIN_TICK;
   90   3                  if(temp < 50u)
   91   3                  {
   92   4                      temp = 0;
   93   4                  }
   94   3                  pwmin.throttle = temp;
   95   3                  pwm_input_timeout_count = 0;
   96   3      
   97   3      #if (BLDC_USR_DUTY == 0)
   98   3                  motor.duty = (uint32)pwmin.throttle * BLDC_PWM_ARR_MAX / 1000u;
   99   3      #endif
  100   3              }
  101   2      
  102   2              // 一个周期只消费一次周期捕获，下一帧必须重新取得有效 CC5。
  103   2              pwmin_period_valid = 0;
  104   2          }
  105   1      
  106   1      #if (BLDC_USR_DUTY > 0)
                   // 宏固定占空比：1~100 表示目标 1%~100%，不读外部捕获、不做无信号清零
                   motor.duty = (uint32)BLDC_USR_DUTY * (uint32)BLDC_PWM_ARR_MAX / 100u;
                   pwm_input_timeout_count = 0;
               #endif
  111   1      }
  112          
  113          void pwm_input_timeout_tick(void)
  114          {
  115   1      #if (BLDC_USR_DUTY == 0)
  116   1          if(pwm_input_timeout_count < PWMIN_TIMEOUT_TICK)
  117   1          {
  118   2              pwm_input_timeout_count++;
  119   2          }
C251 COMPILER V5.60.0,  signal_input                                                       08/08/26  10:47:41  PAGE 3   

  120   1      
  121   1          if(pwm_input_timeout_count >= PWMIN_TIMEOUT_TICK)
  122   1          {
  123   2              pwmin.throttle = 0;
  124   2              motor.duty = 0;
  125   2          }
  126   1      #else
                   pwm_input_timeout_count = 0;
               #endif
  129   1      }
  130          
  131          //-------------------------------------------------------------------------------------------------------
             -------------
  132          //  @brief      PWMB输入捕获初始化
  133          //  @param      void                        
  134          //  @return     void          
  135          //  @since      v1.0
  136          //  Sample usage:
  137          //-------------------------------------------------------------------------------------------------------
             -------------
  138          void pwm_input_init(void)
  139          {
  140   1          gpio_init(IO_P21, GPI, 0, GPI_IMPEDANCE);
  141   1          gpio_init(IO_P23, GPI, 0, GPI_IMPEDANCE);
  142   1          
  143   1          PWMB_PS = 0x0A;   // 通道引脚切换
  144   1          PWMB_CCMR1 = 0x01;  // CC5为输入模式,且映射到TI5FP5上
  145   1        PWMB_CCMR2 = 0x02;  // CC6为输入模式,且映射到TI5FP6上
  146   1          
  147   1        // CC5E 开启输入捕获
  148   1        // CC5P 捕获发生在TI5F的上升沿
  149   1        // CC6E 开启输入捕获
  150   1        // CC6P 捕获发生在TI5F的下降沿
  151   1          PWMB_CCER1 = 0x31;
  152   1          
  153   1          PWMB_PSCRH = 0;   // 分频值
  154   1        PWMB_PSCRL = system_clock / 1000000 - 1;    // 分频值
  155   1          PWMB_ARRH = 0xff;
  156   1          PWMB_ARRL = 0xff;
  157   1          PWMB_SMCR = 0x54; // TS=TI1FP1,SMS=TI1上升沿复位模式
  158   1        PWMB_CR1 = 0x04;  // URS=1，仅计数器溢出产生更新请求
  159   1          PWMB_EGR = 0x01;  // 装载预分频和自动重装值
  160   1        PWMB_IER = PWMB_SR1_CC5IF | PWMB_SR1_CC6IF;
  161   1        PWMB_CR1 |= 0x01; // 启动PWMB，向上计数
  162   1      
  163   1          pwmin.period = 0;
  164   1          pwmin.high_value = 0;
  165   1          pwmin.high_time = 0;
  166   1          pwmin.throttle = 0;
  167   1          pwmin_period_valid = 0;
  168   1          pwm_input_timeout_count = 0;
  169   1      
  170   1      #if (BLDC_USR_DUTY > 0)
                   motor.duty = (uint32)BLDC_USR_DUTY * (uint32)BLDC_PWM_ARR_MAX / 100u;
               #endif
  173   1      }


Module Information          Static   Overlayable
------------------------------------------------
  code size            =       475     ------
  ecode size           =    ------     ------
  data size            =    ------     ------
  idata size           =    ------     ------
  pdata size           =    ------     ------
  xdata size           =    ------     ------
  xdata-const size     =    ------     ------
C251 COMPILER V5.60.0,  signal_input                                                       08/08/26  10:47:41  PAGE 4   

  edata size           =        11     ------
  bit size             =    ------     ------
  ebit size            =    ------     ------
  bitaddressable size  =    ------     ------
  ebitaddressable size =    ------     ------
  far data size        =    ------     ------
  huge data size       =    ------     ------
  const size           =    ------     ------
  hconst size          =        11     ------
End of Module Information.


C251 COMPILATION COMPLETE.  0 WARNING(S),  0 ERROR(S)
