C251 COMPILER V5.60.0,  pwm_out                                                            08/08/26  10:59:33  PAGE 1   


C251 COMPILER V5.60.0, COMPILATION OF MODULE pwm_out
OBJECT MODULE PLACED IN .\out_file\pwm_out.obj
COMPILER INVOKED BY: D:\keil5-C251-5.60\C251\BIN\C251.EXE ..\..\bldc\pwm_out.c XSMALL INTR2 NOALIAS WARNINGLEVEL(3) BROW
                    -SE INCDIR(..\..\libraries\zf_common;..\..\libraries\zf_components;..\..\libraries\zf_device;..\..\libraries\zf_driver;..
                    -\user;..\code;..\..\bldc) DEBUG CODE PRINT(.\out_file\pwm_out.lst) TABS(2) OBJECT(.\out_file\pwm_out.obj) 

stmt  level    source

    1          /********************************************************************************************************
             -*************
    2           * COPYRIGHT NOTICE
    3           * Copyright (c) 2020,逐飞科技
    4           * All rights reserved.
    5           * 技术讨论QQ群：一群：179029047(已满)  二群：244861897(已满)  三群：824575535
    6           *
    7           * 以下所有内容版权均属逐飞科技所有，未经允许不得用于商业用途，
    8           * 欢迎各位使用并传播本程序，修改内容时必须保留逐飞科技的版权声明。
    9           *
   10           * @file          pit_timer
   11           * @company       成都逐飞科技有限公司
   12           * @author        逐飞科技(QQ790875685)
   13           * @version       查看doc内version文件 版本说明
   14           * @Software    MDK FOR C251 V5.60
   15           * @Target core   STC32G12K128
   16           * @Taobao      https://seekfree.taobao.com/
   17           * @date          2024-01-22
   18           ********************************************************************************************************
             -************/
   19          
   20          #include "intrins.h"
   21          #include "zf_driver_gpio.h"
   22          #include "bldc_config.h"
   23          #include "comparator.h"
   24          #include "pwm_out.h"
   25          
   26          
   27          uint8 g_use_complementary = 0;
   28          
   29          
   30          
   31          pwm_x_output_func* pwm_x_output[6] = 
   32          {
   33              pwm_a_bn_output,
   34              pwm_a_cn_output,
   35              pwm_b_cn_output,
   36              pwm_b_an_output,
   37              pwm_c_an_output,
   38              pwm_c_bn_output
   39          };
   40          
   41          
   42          
   43          //-------------------------------------------------------------------------------------------------------
             -------------
   44          //  @brief      软延时
   45          //  @param      void                        
   46          //  @return     void          
   47          //  @since      v1.0
   48          //  Sample usage:
   49          //-------------------------------------------------------------------------------------------------------
             -------------
   50          void delay_500ns(void)
   51          {
   52   1        _nop_();
   53   1          _nop_();
C251 COMPILER V5.60.0,  pwm_out                                                            08/08/26  10:59:33  PAGE 2   

   54   1          _nop_();
   55   1          _nop_();
   56   1          _nop_();
   57   1          _nop_();
   58   1          _nop_();
   59   1          _nop_();
   60   1        _nop_();
   61   1      }
   62          
   63          //-------------------------------------------------------------------------------------------------------
             -------------
   64          //  @brief      刹车（关闭输出并开启所有下桥）
   65          //  @param      void                        
   66          //  @return     void          
   67          //  @since      v1.0
   68          //  Sample usage:
   69          //-------------------------------------------------------------------------------------------------------
             -------------
   70          void pwm_brake(void)
   71          {
   72   1          PWMA_ENO = 0;
   73   1          PWM_A_L_PIN = 1;
   74   1          PWM_B_L_PIN = 1;
   75   1          PWM_C_L_PIN = 1;
   76   1      }
   77          
   78          //-------------------------------------------------------------------------------------------------------
             -------------
   79          //  @brief      关闭输出
   80          //  @param      void                        
   81          //  @return     void          
   82          //  @since      v1.0
   83          //  Sample usage:
   84          //-------------------------------------------------------------------------------------------------------
             -------------
   85          void pwm_close_output(void)
   86          {
   87   1          PWM_A_H_PIN = 0;
   88   1          PWM_B_H_PIN = 0;
   89   1          PWM_C_H_PIN = 0;
   90   1      
   91   1          PWM_A_L_PIN = 0;
   92   1          PWM_B_L_PIN = 0;
   93   1          PWM_C_L_PIN = 0;
   94   1          PWMA_ENO = 0;
   95   1      }
   96          
   97          //-------------------------------------------------------------------------------------------------------
             -------------
   98          //  @brief      开启A上B下
   99          //  @param      void                        
  100          //  @return     void          
  101          //  @since      v1.0
  102          //  Sample usage:
  103          //-------------------------------------------------------------------------------------------------------
             -------------
  104          void pwm_a_bn_output()
  105          {
  106   1      #if BLDC_USR_COMPLEMENTARY
  107   1          PWMA_ENO = 0x03;
  108   1      #else
                   PWMA_ENO = 0x01;
               #endif
  111   1      
  112   1          PWM_A_L_PIN = 0;
  113   1          PWM_C_L_PIN = 0;
C251 COMPILER V5.60.0,  pwm_out                                                            08/08/26  10:59:33  PAGE 3   

  114   1          PWM_B_L_PIN = 1;
  115   1          
  116   1          CMP_SELECT_C;
  117   1      }
  118          
  119          //-------------------------------------------------------------------------------------------------------
             -------------
  120          //  @brief      开启A上C下
  121          //  @param      void                        
  122          //  @return     void          
  123          //  @since      v1.0
  124          //  Sample usage:
  125          //-------------------------------------------------------------------------------------------------------
             -------------
  126          void pwm_a_cn_output()
  127          {
  128   1      #if BLDC_USR_COMPLEMENTARY
  129   1          PWMA_ENO = 0x03;
  130   1      #else
                   PWMA_ENO = 0x01;
               #endif
  133   1      
  134   1          PWM_A_L_PIN = 0;
  135   1          PWM_B_L_PIN = 0;
  136   1          PWM_C_L_PIN = 1;
  137   1          
  138   1          CMP_SELECT_B;
  139   1      }
  140          
  141          //-------------------------------------------------------------------------------------------------------
             -------------
  142          //  @brief      开启B上C下
  143          //  @param      void                        
  144          //  @return     void          
  145          //  @since      v1.0
  146          //  Sample usage:
  147          //-------------------------------------------------------------------------------------------------------
             -------------
  148          void pwm_b_cn_output()
  149          {
  150   1      #if BLDC_USR_COMPLEMENTARY
  151   1          PWMA_ENO = 0x0C;
  152   1      #else
                   PWMA_ENO = 0x04;
               #endif
  155   1          
  156   1          PWM_A_L_PIN = 0;
  157   1          PWM_B_L_PIN = 0;
  158   1          PWM_C_L_PIN = 1;
  159   1          
  160   1          CMP_SELECT_A;
  161   1      
  162   1      }
  163          
  164          //-------------------------------------------------------------------------------------------------------
             -------------
  165          //  @brief      开启B上A下
  166          //  @param      void                        
  167          //  @return     void          
  168          //  @since      v1.0
  169          //  Sample usage:
  170          //-------------------------------------------------------------------------------------------------------
             -------------
  171          void pwm_b_an_output()
  172          {
  173   1      #if BLDC_USR_COMPLEMENTARY
C251 COMPILER V5.60.0,  pwm_out                                                            08/08/26  10:59:33  PAGE 4   

  174   1          PWMA_ENO = 0x0C;
  175   1      #else
                   PWMA_ENO = 0x04;
               #endif
  178   1          
  179   1          PWM_B_L_PIN = 0;
  180   1          PWM_C_L_PIN = 0;
  181   1          PWM_A_L_PIN = 1;
  182   1          
  183   1          CMP_SELECT_C;
  184   1      }
  185          
  186          //-------------------------------------------------------------------------------------------------------
             -------------
  187          //  @brief      开启C上A下
  188          //  @param      void                        
  189          //  @return     void          
  190          //  @since      v1.0
  191          //  Sample usage:
  192          //-------------------------------------------------------------------------------------------------------
             -------------
  193          void pwm_c_an_output()
  194          { 
  195   1      #if BLDC_USR_COMPLEMENTARY
  196   1          PWMA_ENO = 0x30;
  197   1      #else
                   PWMA_ENO = 0x10;
               #endif
  200   1          
  201   1          PWM_B_L_PIN = 0;
  202   1          PWM_C_L_PIN = 0;
  203   1          PWM_A_L_PIN = 1;
  204   1          
  205   1          CMP_SELECT_B;
  206   1      }
  207          
  208          //-------------------------------------------------------------------------------------------------------
             -------------
  209          //  @brief      开启C上B下
  210          //  @param      void                        
  211          //  @return     void          
  212          //  @since      v1.0
  213          //  Sample usage:
  214          //-------------------------------------------------------------------------------------------------------
             -------------
  215          void pwm_c_bn_output()
  216          {
  217   1      #if BLDC_USR_COMPLEMENTARY
  218   1          PWMA_ENO = 0x30;
  219   1      #else
                   PWMA_ENO = 0x10;
               #endif
  222   1          
  223   1          PWM_A_L_PIN = 0;
  224   1          PWM_C_L_PIN = 0;
  225   1          PWM_B_L_PIN = 1;
  226   1          
  227   1          CMP_SELECT_A;
  228   1      }
  229          
  230          
  231          //-------------------------------------------------------------------------------------------------------
             -------------
  232          //  @brief      更新PWM占空比
  233          //  @param      void                        
  234          //  @return     void          
C251 COMPILER V5.60.0,  pwm_out                                                            08/08/26  10:59:33  PAGE 5   

  235          //  @since      v1.0
  236          //  Sample usage:
  237          //-------------------------------------------------------------------------------------------------------
             -------------
  238          void pwm_out_duty_update(uint16 duty)
  239          {
  240   1          uint8 temp_h, temp_l;
  241   1      
  242   1          temp_h = (duty >> 8) & 0xFF;
  243   1          temp_l = (uint8)duty;
  244   1          
  245   1          PWMA_CCR1H = temp_h;
  246   1          PWMA_CCR1L = temp_l;
  247   1          
  248   1          PWMA_CCR2H = temp_h;
  249   1          PWMA_CCR2L = temp_l;
  250   1          
  251   1          PWMA_CCR3H = temp_h;
  252   1          PWMA_CCR3L = temp_l;
  253   1      
  254   1      }
  255          
  256          //-------------------------------------------------------------------------------------------------------
             -------------
  257          //  @brief      PWM初始化（中心对齐方式）
  258          //  @param      void                        
  259          //  @return     void          
  260          //  @since      v1.0
  261          //  Sample usage:
  262          //-------------------------------------------------------------------------------------------------------
             -------------
  263          void pwm_out_init(void)
  264          {
  265   1          PWM_A_H_PIN = 0;
  266   1        PWM_A_L_PIN = 0;
  267   1        PWM_B_H_PIN = 0;
  268   1        PWM_B_L_PIN = 0;
  269   1        PWM_C_H_PIN = 0;
  270   1        PWM_C_L_PIN = 0;
  271   1          
  272   1        PWMA_ENO = 0;
  273   1          
  274   1        PWMA_CCER1  = 0;
  275   1        PWMA_CCER2  = 0;
  276   1        PWMA_SR1    = 0;
  277   1        PWMA_SR2    = 0;
  278   1          PWMA_ENO    = 0;
  279   1        PWMA_IER    = 0;
  280   1          
  281   1          // 设置PWM引脚
  282   1          PWMA_PS     = 0x55;
  283   1          
  284   1          PWMA_CCMR1  = 0x78;   // 通道模式配置, PWM模式2, 预装载允许
  285   1        PWMA_CCR1H  = 0;
  286   1          PWMA_CCR1L  = 0;
  287   1        PWMA_CCER1 |= 0x0F;   // 开启比较输出, 低电平有效
  288   1          
  289   1        PWMA_CCMR2  = 0x78;   // 通道模式配置, PWM模式2, 预装载允许
  290   1        PWMA_CCR2H  = 0;
  291   1          PWMA_CCR2L  = 0;
  292   1        PWMA_CCER1 |= 0xF0;   // 开启比较输出, 低电平有效
  293   1          
  294   1          PWMA_CCMR3  = 0x78;   // 通道模式配置, PWM模式2, 预装载允许
  295   1        PWMA_CCR3H  = 0;
  296   1          PWMA_CCR3L  = 0;
  297   1        PWMA_CCER2 |= 0x0F;   // 开启比较输出, 低电平有效
C251 COMPILER V5.60.0,  pwm_out                                                            08/08/26  10:59:33  PAGE 6   

  298   1         
  299   1      //    PWMA_IER    = 0x10;     // 开启更新中
  300   1          //PWMA_ENO = 0xff;//0X15;
  301   1          
  302   1          // 预分频
  303   1          PWMA_PSCRH = 0;
  304   1          PWMA_PSCRL = 0;
  305   1          
  306   1          // 设置周期
  307   1          PWMA_ARRH = (uint8)((BLDC_PWM_ARR_MAX-1) >> 8);
  308   1          PWMA_ARRL = (uint8)((BLDC_PWM_ARR_MAX-1) & 0xff);
  309   1          
  310   1          PWMA_DTR    = BLDC_PWM_DEADTIME;
  311   1          PWMA_BKR    = 0x80;   // 主输出使能 相当于总开关
  312   1        PWMA_CR1    = 0x85;   // 使能计数器, 允许自动重装载寄存器缓冲, 边沿对齐, 向上计数, 只有计数器上下溢出才触
             -发更新中断,  bit7=1:写自动重装载寄存器缓冲(本周期不会被打扰), =0:直接写自动重装载寄存器本(周期可能会乱掉)
  313   1        PWMA_EGR    = 0x01;   // 产生一次更新事件, 清除计数器和与分频计数器, 装载预分频寄存器的值
  314   1          
  315   1      //    // 刚开始使用刹车将
  316   1      //    PWM_A_L_PIN = 1;
  317   1      //    PWM_B_L_PIN = 1;
  318   1      //    PWM_C_L_PIN = 1;
  319   1      }
C251 COMPILER V5.60.0,  pwm_out                                                            08/08/26  10:59:33  PAGE 7   

ASSEMBLY LISTING OF GENERATED OBJECT CODE


;       FUNCTION delay_500ns (BEGIN)
                                                ; SOURCE LINE # 50
                                                ; SOURCE LINE # 52
000000 00             NOP      
                                                ; SOURCE LINE # 53
000001 00             NOP      
                                                ; SOURCE LINE # 54
000002 00             NOP      
                                                ; SOURCE LINE # 55
000003 00             NOP      
                                                ; SOURCE LINE # 56
000004 00             NOP      
                                                ; SOURCE LINE # 57
000005 00             NOP      
                                                ; SOURCE LINE # 58
000006 00             NOP      
                                                ; SOURCE LINE # 59
000007 00             NOP      
                                                ; SOURCE LINE # 60
000008 00             NOP      
                                                ; SOURCE LINE # 61
000009 22             RET      
;       FUNCTION delay_500ns (END)

;       FUNCTION pwm_brake (BEGIN)
                                                ; SOURCE LINE # 70
                                                ; SOURCE LINE # 72
000000 E4             CLR      A                ; A=R11
000001 7E34FEB1       MOV      WR6,#0FEB1H
000005 7E24007E       MOV      WR4,#07EH
000009 7A1BB0         MOV      @DR4,R11         ; A=R11
                                                ; SOURCE LINE # 73
00000C D281           SETB     P01
                                                ; SOURCE LINE # 74
00000E D283           SETB     P03
                                                ; SOURCE LINE # 75
000010 D285           SETB     P05
                                                ; SOURCE LINE # 76
000012 22             RET      
;       FUNCTION pwm_brake (END)

;       FUNCTION pwm_close_output (BEGIN)
                                                ; SOURCE LINE # 85
                                                ; SOURCE LINE # 87
000000 C280           CLR      P00
                                                ; SOURCE LINE # 88
000002 C282           CLR      P02
                                                ; SOURCE LINE # 89
000004 C284           CLR      P04
                                                ; SOURCE LINE # 91
000006 C281           CLR      P01
                                                ; SOURCE LINE # 92
000008 C283           CLR      P03
                                                ; SOURCE LINE # 93
00000A C285           CLR      P05
                                                ; SOURCE LINE # 94
00000C E4             CLR      A                ; A=R11
00000D 7E34FEB1       MOV      WR6,#0FEB1H
000011 7E24007E       MOV      WR4,#07EH
000015 7A1BB0         MOV      @DR4,R11         ; A=R11
                                                ; SOURCE LINE # 95
000018 22             RET      
;       FUNCTION pwm_close_output (END)
C251 COMPILER V5.60.0,  pwm_out                                                            08/08/26  10:59:33  PAGE 8   


;       FUNCTION pwm_a_bn_output (BEGIN)
                                                ; SOURCE LINE # 104
                                                ; SOURCE LINE # 107
000000 7403           MOV      A,#03H           ; A=R11
000002 7E34FEB1       MOV      WR6,#0FEB1H
000006 7E24007E       MOV      WR4,#07EH
00000A 7A1BB0         MOV      @DR4,R11         ; A=R11
                                                ; SOURCE LINE # 112
00000D C281           CLR      P01
                                                ; SOURCE LINE # 113
00000F C285           CLR      P05
                                                ; SOURCE LINE # 114
000011 D283           SETB     P03
                                                ; SOURCE LINE # 116
000013 7402           MOV      A,#02H           ; A=R11
000015 7E34FEAE       MOV      WR6,#0FEAEH
000019 7A1BB0         MOV      @DR4,R11         ; A=R11
                                                ; SOURCE LINE # 117
00001C 22             RET      
;       FUNCTION pwm_a_bn_output (END)

;       FUNCTION pwm_a_cn_output (BEGIN)
                                                ; SOURCE LINE # 126
                                                ; SOURCE LINE # 129
000000 7403           MOV      A,#03H           ; A=R11
000002 7E34FEB1       MOV      WR6,#0FEB1H
000006 7E24007E       MOV      WR4,#07EH
00000A 7A1BB0         MOV      @DR4,R11         ; A=R11
                                                ; SOURCE LINE # 134
00000D C281           CLR      P01
                                                ; SOURCE LINE # 135
00000F C283           CLR      P03
                                                ; SOURCE LINE # 136
000011 D285           SETB     P05
                                                ; SOURCE LINE # 138
000013 7401           MOV      A,#01H           ; A=R11
000015 7E34FEAE       MOV      WR6,#0FEAEH
000019 7A1BB0         MOV      @DR4,R11         ; A=R11
                                                ; SOURCE LINE # 139
00001C 22             RET      
;       FUNCTION pwm_a_cn_output (END)

;       FUNCTION pwm_b_cn_output (BEGIN)
                                                ; SOURCE LINE # 148
                                                ; SOURCE LINE # 151
000000 740C           MOV      A,#0CH           ; A=R11
000002 7E34FEB1       MOV      WR6,#0FEB1H
000006 7E24007E       MOV      WR4,#07EH
00000A 7A1BB0         MOV      @DR4,R11         ; A=R11
                                                ; SOURCE LINE # 156
00000D C281           CLR      P01
                                                ; SOURCE LINE # 157
00000F C283           CLR      P03
                                                ; SOURCE LINE # 158
000011 D285           SETB     P05
                                                ; SOURCE LINE # 160
000013 E4             CLR      A                ; A=R11
000014 7E34FEAE       MOV      WR6,#0FEAEH
000018 7A1BB0         MOV      @DR4,R11         ; A=R11
                                                ; SOURCE LINE # 162
00001B 22             RET      
;       FUNCTION pwm_b_cn_output (END)

;       FUNCTION pwm_b_an_output (BEGIN)
                                                ; SOURCE LINE # 171
C251 COMPILER V5.60.0,  pwm_out                                                            08/08/26  10:59:33  PAGE 9   

                                                ; SOURCE LINE # 174
000000 740C           MOV      A,#0CH           ; A=R11
000002 7E34FEB1       MOV      WR6,#0FEB1H
000006 7E24007E       MOV      WR4,#07EH
00000A 7A1BB0         MOV      @DR4,R11         ; A=R11
                                                ; SOURCE LINE # 179
00000D C283           CLR      P03
                                                ; SOURCE LINE # 180
00000F C285           CLR      P05
                                                ; SOURCE LINE # 181
000011 D281           SETB     P01
                                                ; SOURCE LINE # 183
000013 7402           MOV      A,#02H           ; A=R11
000015 7E34FEAE       MOV      WR6,#0FEAEH
000019 7A1BB0         MOV      @DR4,R11         ; A=R11
                                                ; SOURCE LINE # 184
00001C 22             RET      
;       FUNCTION pwm_b_an_output (END)

;       FUNCTION pwm_c_an_output (BEGIN)
                                                ; SOURCE LINE # 193
                                                ; SOURCE LINE # 196
000000 7430           MOV      A,#030H          ; A=R11
000002 7E34FEB1       MOV      WR6,#0FEB1H
000006 7E24007E       MOV      WR4,#07EH
00000A 7A1BB0         MOV      @DR4,R11         ; A=R11
                                                ; SOURCE LINE # 201
00000D C283           CLR      P03
                                                ; SOURCE LINE # 202
00000F C285           CLR      P05
                                                ; SOURCE LINE # 203
000011 D281           SETB     P01
                                                ; SOURCE LINE # 205
000013 7401           MOV      A,#01H           ; A=R11
000015 7E34FEAE       MOV      WR6,#0FEAEH
000019 7A1BB0         MOV      @DR4,R11         ; A=R11
                                                ; SOURCE LINE # 206
00001C 22             RET      
;       FUNCTION pwm_c_an_output (END)

;       FUNCTION pwm_c_bn_output (BEGIN)
                                                ; SOURCE LINE # 215
                                                ; SOURCE LINE # 218
000000 7430           MOV      A,#030H          ; A=R11
000002 7E34FEB1       MOV      WR6,#0FEB1H
000006 7E24007E       MOV      WR4,#07EH
00000A 7A1BB0         MOV      @DR4,R11         ; A=R11
                                                ; SOURCE LINE # 223
00000D C281           CLR      P01
                                                ; SOURCE LINE # 224
00000F C285           CLR      P05
                                                ; SOURCE LINE # 225
000011 D283           SETB     P03
                                                ; SOURCE LINE # 227
000013 E4             CLR      A                ; A=R11
000014 7E34FEAE       MOV      WR6,#0FEAEH
000018 7A1BB0         MOV      @DR4,R11         ; A=R11
                                                ; SOURCE LINE # 228
00001B 22             RET      
;       FUNCTION pwm_c_bn_output (END)

;       FUNCTION pwm_out_duty_update (BEGIN)
                                                ; SOURCE LINE # 238
000000 7D23           MOV      WR4,WR6
;---- Variable 'duty' assigned to Register 'WR4' ----
                                                ; SOURCE LINE # 239
C251 COMPILER V5.60.0,  pwm_out                                                            08/08/26  10:59:33  PAGE 10  

                                                ; SOURCE LINE # 242
000002 7C26           MOV      R2,R6
;---- Variable 'temp_h' assigned to Register 'R2' ----
                                                ; SOURCE LINE # 243
000004 7C35           MOV      R3,R5
;---- Variable 'temp_l' assigned to Register 'R3' ----
                                                ; SOURCE LINE # 245
000006 7E34FED5       MOV      WR6,#0FED5H
00000A 7E24007E       MOV      WR4,#07EH
00000E 7A1B20         MOV      @DR4,R2
                                                ; SOURCE LINE # 246
000011 7E34FED6       MOV      WR6,#0FED6H
000015 7A1B30         MOV      @DR4,R3
                                                ; SOURCE LINE # 248
000018 7E34FED7       MOV      WR6,#0FED7H
00001C 7A1B20         MOV      @DR4,R2
                                                ; SOURCE LINE # 249
00001F 7E34FED8       MOV      WR6,#0FED8H
000023 7A1B30         MOV      @DR4,R3
                                                ; SOURCE LINE # 251
000026 7E34FED9       MOV      WR6,#0FED9H
00002A 7A1B20         MOV      @DR4,R2
                                                ; SOURCE LINE # 252
00002D 7E34FEDA       MOV      WR6,#0FEDAH
000031 7A1B30         MOV      @DR4,R3
                                                ; SOURCE LINE # 254
000034 22             RET      
;       FUNCTION pwm_out_duty_update (END)

;       FUNCTION pwm_out_init (BEGIN)
                                                ; SOURCE LINE # 263
000000 CAF8           PUSH     R15
                                                ; SOURCE LINE # 265
000002 C280           CLR      P00
                                                ; SOURCE LINE # 266
000004 C281           CLR      P01
                                                ; SOURCE LINE # 267
000006 C282           CLR      P02
                                                ; SOURCE LINE # 268
000008 C283           CLR      P03
                                                ; SOURCE LINE # 269
00000A C284           CLR      P04
                                                ; SOURCE LINE # 270
00000C C285           CLR      P05
                                                ; SOURCE LINE # 272
00000E E4             CLR      A                ; A=R11
00000F 7EF4FEB1       MOV      WR30,#0FEB1H
000013 7EE4007E       MOV      WR28,#07EH
000017 7A7BB0         MOV      @DR28,R11        ; A=R11
                                                ; SOURCE LINE # 274
00001A 7E14FECC       MOV      WR2,#0FECCH
00001E 7E04007E       MOV      WR0,#07EH
000022 7A0BB0         MOV      @DR0,R11         ; A=R11
                                                ; SOURCE LINE # 275
000025 7E34FECD       MOV      WR6,#0FECDH
000029 7E24007E       MOV      WR4,#07EH
00002D 7A1BB0         MOV      @DR4,R11         ; A=R11
                                                ; SOURCE LINE # 276
000030 6CFF           XRL      R15,R15
000032 7E54FEC5       MOV      WR10,#0FEC5H
000036 7E44007E       MOV      WR8,#07EH
00003A 7A2BF0         MOV      @DR8,R15
                                                ; SOURCE LINE # 277
00003D 7E54FEC6       MOV      WR10,#0FEC6H
000041 7A2BF0         MOV      @DR8,R15
                                                ; SOURCE LINE # 278
C251 COMPILER V5.60.0,  pwm_out                                                            08/08/26  10:59:33  PAGE 11  

000044 E4             CLR      A                ; A=R11
000045 7A7BB0         MOV      @DR28,R11        ; A=R11
                                                ; SOURCE LINE # 279
000048 7E54FEC4       MOV      WR10,#0FEC4H
00004C 7A2BF0         MOV      @DR8,R15
                                                ; SOURCE LINE # 282
00004F 7EF055         MOV      R15,#055H
000052 7E54FEB2       MOV      WR10,#0FEB2H
000056 7A2BF0         MOV      @DR8,R15
                                                ; SOURCE LINE # 284
000059 7EF078         MOV      R15,#078H
00005C 7E54FEC8       MOV      WR10,#0FEC8H
000060 7A2BF0         MOV      @DR8,R15
                                                ; SOURCE LINE # 285
000063 6CFF           XRL      R15,R15
000065 7E54FED5       MOV      WR10,#0FED5H
000069 7A2BF0         MOV      @DR8,R15
                                                ; SOURCE LINE # 286
00006C 7E54FED6       MOV      WR10,#0FED6H
000070 7A2BF0         MOV      @DR8,R15
                                                ; SOURCE LINE # 287
000073 7E0BB0         MOV      R11,@DR0         ; A=R11
000076 440F           ORL      A,#0FH           ; A=R11
000078 7A0BB0         MOV      @DR0,R11         ; A=R11
                                                ; SOURCE LINE # 289
00007B 7EF078         MOV      R15,#078H
00007E 7E54FEC9       MOV      WR10,#0FEC9H
000082 7A2BF0         MOV      @DR8,R15
                                                ; SOURCE LINE # 290
000085 6CFF           XRL      R15,R15
000087 7E54FED7       MOV      WR10,#0FED7H
00008B 7A2BF0         MOV      @DR8,R15
                                                ; SOURCE LINE # 291
00008E 7E54FED8       MOV      WR10,#0FED8H
000092 7A2BF0         MOV      @DR8,R15
                                                ; SOURCE LINE # 292
000095 7E0BB0         MOV      R11,@DR0         ; A=R11
000098 44F0           ORL      A,#0F0H          ; A=R11
00009A 7A0BB0         MOV      @DR0,R11         ; A=R11
                                                ; SOURCE LINE # 294
00009D 7478           MOV      A,#078H          ; A=R11
00009F 7E14FECA       MOV      WR2,#0FECAH
0000A3 7A0BB0         MOV      @DR0,R11         ; A=R11
                                                ; SOURCE LINE # 295
0000A6 E4             CLR      A                ; A=R11
0000A7 7E14FED9       MOV      WR2,#0FED9H
0000AB 7A0BB0         MOV      @DR0,R11         ; A=R11
                                                ; SOURCE LINE # 296
0000AE 7E14FEDA       MOV      WR2,#0FEDAH
0000B2 7A0BB0         MOV      @DR0,R11         ; A=R11
                                                ; SOURCE LINE # 297
0000B5 7E1BB0         MOV      R11,@DR4         ; A=R11
0000B8 440F           ORL      A,#0FH           ; A=R11
0000BA 7A1BB0         MOV      @DR4,R11         ; A=R11
                                                ; SOURCE LINE # 303
0000BD E4             CLR      A                ; A=R11
0000BE 7E34FED0       MOV      WR6,#0FED0H
0000C2 7A1BB0         MOV      @DR4,R11         ; A=R11
                                                ; SOURCE LINE # 304
0000C5 7E34FED1       MOV      WR6,#0FED1H
0000C9 7A1BB0         MOV      @DR4,R11         ; A=R11
                                                ; SOURCE LINE # 307
0000CC 7403           MOV      A,#03H           ; A=R11
0000CE 7E34FED2       MOV      WR6,#0FED2H
0000D2 7A1BB0         MOV      @DR4,R11         ; A=R11
                                                ; SOURCE LINE # 308
C251 COMPILER V5.60.0,  pwm_out                                                            08/08/26  10:59:33  PAGE 12  

0000D5 7426           MOV      A,#026H          ; A=R11
0000D7 7E34FED3       MOV      WR6,#0FED3H
0000DB 7A1BB0         MOV      @DR4,R11         ; A=R11
                                                ; SOURCE LINE # 310
0000DE 7405           MOV      A,#05H           ; A=R11
0000E0 7E34FEDE       MOV      WR6,#0FEDEH
0000E4 7A1BB0         MOV      @DR4,R11         ; A=R11
                                                ; SOURCE LINE # 311
0000E7 7480           MOV      A,#080H          ; A=R11
0000E9 7E34FEDD       MOV      WR6,#0FEDDH
0000ED 7A1BB0         MOV      @DR4,R11         ; A=R11
                                                ; SOURCE LINE # 312
0000F0 7485           MOV      A,#085H          ; A=R11
0000F2 7E34FEC0       MOV      WR6,#0FEC0H
0000F6 7A1BB0         MOV      @DR4,R11         ; A=R11
                                                ; SOURCE LINE # 313
0000F9 7401           MOV      A,#01H           ; A=R11
0000FB 7E34FEC7       MOV      WR6,#0FEC7H
0000FF 7A1BB0         MOV      @DR4,R11         ; A=R11
                                                ; SOURCE LINE # 319
000102 DAF8           POP      R15
000104 22             RET      
;       FUNCTION pwm_out_init (END)



Module Information          Static   Overlayable
------------------------------------------------
  code size            =       540     ------
  ecode size           =    ------     ------
  data size            =    ------     ------
  idata size           =    ------     ------
  pdata size           =    ------     ------
  xdata size           =    ------     ------
  xdata-const size     =    ------     ------
  edata size           =        13     ------
  bit size             =    ------     ------
  ebit size            =    ------     ------
  bitaddressable size  =    ------     ------
  ebitaddressable size =    ------     ------
  far data size        =    ------     ------
  huge data size       =    ------     ------
  const size           =    ------     ------
  hconst size          =        21     ------
End of Module Information.


C251 COMPILATION COMPLETE.  0 WARNING(S),  0 ERROR(S)
