C251 COMPILER V5.60.0,  comparator                                                         05/08/26  17:23:55  PAGE 1   


C251 COMPILER V5.60.0, COMPILATION OF MODULE comparator
OBJECT MODULE PLACED IN .\out_file\comparator.obj
COMPILER INVOKED BY: D:\keil5-C251-5.60\C251\BIN\C251.EXE ..\..\bldc\comparator.c XSMALL INTR2 NOALIAS WARNINGLEVEL(3) B
                    -ROWSE INCDIR(..\..\libraries\zf_common;..\..\libraries\zf_components;..\..\libraries\zf_device;..\..\libraries\zf_driver
                    -;..\user;..\code;..\..\bldc) DEBUG PRINT(.\out_file\comparator.lst) TABS(2) OBJECT(.\out_file\comparator.obj) 

stmt  level    source

    1          /********************************************************************************************************
             -*************
    2           * COPYRIGHT NOTICE
    3           * Copyright (c) 2020,逐飞科技
    4           * All rights reserved.
    5           * 技术讨论QQ群：一群：179029047(已满)  二群：244861897(已满)  三群：824575535
    6           *
    7           * 以下所有内容版权均属逐飞科技所有，未经允许不得用于商业用途，
    8           * 欢迎各位使用并传播本程序，修改内容时必须保留逐飞科技的版权声明。
    9           *
   10           * @file          pit_timer
   11           * @company       成都逐飞科技有限公司
   12           * @author        逐飞科技(QQ790875685)
   13           * @version       查看doc内version文件 版本说明
   14           * @Software    MDK FOR C251 V5.60
   15           * @Target core   STC32G12K128
   16           * @Taobao      https://seekfree.taobao.com/
   17           * @date          2024-01-22
   18           ********************************************************************************************************
             -************/
   19          
   20          #include "zf_driver_gpio.h"
   21          #include "comparator.h"
   22          #include "motor_control.h"
   23          
   24          #define COMPARATOR_MID_PIN  IO_P44
   25          
   26          #define COMPARATOR_A_PIN    IO_P46
   27          #define COMPARATOR_B_PIN    IO_P50
   28          #define COMPARATOR_C_PIN    IO_P51
   29          
   30          
   31          #define CMP_DC_LAG    (0 << 6)
   32          
   33          //-------------------------------------------------------------------------------------------------------
             -------------
   34          //  @brief      设置比较器上升沿触发中断
   35          //  @param      void                        
   36          //  @return     void          
   37          //  @since      v1.0
   38          //  Sample usage:
   39          //-------------------------------------------------------------------------------------------------------
             -------------
   40          void comparator_rising(void)
   41          {
   42   1          // 上升沿
   43   1          CMPCR1 = 0xA0 | 0x02;
   44   1      }
   45          
   46          //-------------------------------------------------------------------------------------------------------
             -------------
   47          //  @brief      设置比较器下降沿触发中断
   48          //  @param      void                        
   49          //  @return     void          
   50          //  @since      v1.0
   51          //  Sample usage:
   52          //-------------------------------------------------------------------------------------------------------
C251 COMPILER V5.60.0,  comparator                                                         05/08/26  17:23:55  PAGE 2   

             -------------
   53          void comparator_falling(void)
   54          {
   55   1          //下降沿
   56   1          CMPCR1 = 0x90 | 0x02;
   57   1      }
   58          
   59          //-------------------------------------------------------------------------------------------------------
             -------------
   60          //  @brief      获取比较结果
   61          //  @param      void                        
   62          //  @return     void          
   63          //  @since      v1.0
   64          //  Sample usage:
   65          //-------------------------------------------------------------------------------------------------------
             -------------
   66          uint8 comparator_result_get(void)
   67          {
   68   1          return (CMPCR1&0x01);
   69   1      }
   70          
   71          //-------------------------------------------------------------------------------------------------------
             -------------
   72          //  @brief      关闭比较器中断
   73          //  @param      void                        
   74          //  @return     void          
   75          //  @since      v1.0
   76          //  Sample usage:
   77          //-------------------------------------------------------------------------------------------------------
             -------------
   78          void comparator_close_isr(void)
   79          {
   80   1          CMPCR1 = 0x80 | 0x02;
   81   1      }
   82          
   83          //-------------------------------------------------------------------------------------------------------
             -------------
   84          //  @brief      打开比较器中断
   85          //  @param      void                        
   86          //  @return     void          
   87          //  @since      v1.0
   88          //  Sample usage:
   89          //-------------------------------------------------------------------------------------------------------
             -------------
   90          void comparator_open_isr(void)
   91          {
   92   1        // 需软件清除中断标志位
   93   1        CMPCR1 &= ~0x40;  
   94   1        
   95   1        // 打开比较器中断
   96   1        if(motor.step % 2)
   97   1        {
   98   2          comparator_rising();
   99   2        }
  100   1        else
  101   1        {
  102   2          comparator_falling();
  103   2        }
  104   1      }
  105          
  106          //-------------------------------------------------------------------------------------------------------
             -------------
  107          //  @brief      比较器初始化
  108          //  @param      void                        
  109          //  @return     void          
  110          //  @since      v1.0
C251 COMPILER V5.60.0,  comparator                                                         05/08/26  17:23:55  PAGE 3   

  111          //  Sample usage:
  112          //-------------------------------------------------------------------------------------------------------
             -------------
  113          void comparator_init(void)
  114          {
  115   1          gpio_init(IO_P45, GPI, 0, GPI_IMPEDANCE);
  116   1      
  117   1          gpio_init(COMPARATOR_MID_PIN, GPI, 0, GPI_IMPEDANCE); // 中性点
  118   1          gpio_init(COMPARATOR_A_PIN  , GPI, 0, GPI_IMPEDANCE); // A
  119   1        gpio_init(COMPARATOR_B_PIN  , GPI, 0, GPI_IMPEDANCE); // B
  120   1        gpio_init(COMPARATOR_C_PIN  , GPI, 0, GPI_IMPEDANCE); // C
  121   1          
  122   1          CMPCR1 = 0x8C | 1 << 1; // 1000 1100 
  123   1        CMPCR2 = 63 | 1 << 6; // 63个时钟滤波，关闭0.1uf滤波电容
  124   1          CMPO_S = 1;             // 比较器输出脚选择位 0->P45 1->P41
  125   1      
  126   1      }
  127          


Module Information          Static   Overlayable
------------------------------------------------
  code size            =       113     ------
  ecode size           =    ------     ------
  data size            =    ------     ------
  idata size           =    ------     ------
  pdata size           =    ------     ------
  xdata size           =    ------     ------
  xdata-const size     =    ------     ------
  edata size           =    ------     ------
  bit size             =    ------     ------
  ebit size            =    ------     ------
  bitaddressable size  =    ------     ------
  ebitaddressable size =    ------     ------
  far data size        =    ------     ------
  huge data size       =    ------     ------
  const size           =    ------     ------
  hconst size          =    ------     ------
End of Module Information.


C251 COMPILATION COMPLETE.  0 WARNING(S),  0 ERROR(S)
