C251 COMPILER V5.60.0,  comparator                                                         08/08/26  11:10:19  PAGE 1   


C251 COMPILER V5.60.0, COMPILATION OF MODULE comparator
OBJECT MODULE PLACED IN .\out_file\comparator.obj
COMPILER INVOKED BY: D:\keil5-C251-5.60\C251\BIN\C251.EXE ..\..\bldc\comparator.c XSMALL INTR2 NOALIAS WARNINGLEVEL(3) B
                    -ROWSE INCDIR(..\..\libraries\zf_common;..\..\libraries\zf_components;..\..\libraries\zf_device;..\..\libraries\zf_driver
                    -;..\user;..\code;..\..\bldc) DEBUG CODE PRINT(.\out_file\comparator.lst) TABS(2) OBJECT(.\out_file\comparator.obj) 

stmt  level    source

    1          /********************************************************************************************************
             -*************
    2           * COPYRIGHT NOTICE
    3           * Copyright (c) 2020,逐飞科技
    4           * All rights reserved.
    5           * 技术讨论QQ群：一群：179029047(已满)  二群：244861897(已满)  三群：824575535
    6           *
    7           * 以下所有内容版权均属逐飞科技所有，未经允许不得用于商业用途，
    8           * 欢迎各位使用并传播本程序，修改内容时必须保留逐飞科技的版权声明。
    9           *
   10           * @file          pit_timer
   11           * @company       成都逐飞科技有限公司
   12           * @author        逐飞科技(QQ790875685)
   13           * @version       查看doc内version文件 版本说明
   14           * @Software    MDK FOR C251 V5.60
   15           * @Target core   STC32G12K128
   16           * @Taobao      https://seekfree.taobao.com/
   17           * @date          2024-01-22
   18           ********************************************************************************************************
             -************/
   19          
   20          #include "zf_driver_gpio.h"
   21          #include "comparator.h"
   22          #include "motor_control.h"
   23          
   24          #define COMPARATOR_MID_PIN  IO_P44
   25          
   26          #define COMPARATOR_A_PIN    IO_P46
   27          #define COMPARATOR_B_PIN    IO_P50
   28          #define COMPARATOR_C_PIN    IO_P51
   29          
   30          
   31          #define CMP_DC_LAG    (0 << 6)
   32          
   33          //-------------------------------------------------------------------------------------------------------
             -------------
   34          //  @brief      设置比较器上升沿触发中断
   35          //  @param      void                        
   36          //  @return     void          
   37          //  @since      v1.0
   38          //  Sample usage:
   39          //-------------------------------------------------------------------------------------------------------
             -------------
   40          void comparator_rising(void)
   41          {
   42   1          // 上升沿
   43   1          CMPCR1 = 0xA0 | 0x02;
   44   1      }
   45          
   46          //-------------------------------------------------------------------------------------------------------
             -------------
   47          //  @brief      设置比较器下降沿触发中断
   48          //  @param      void                        
   49          //  @return     void          
   50          //  @since      v1.0
   51          //  Sample usage:
   52          //-------------------------------------------------------------------------------------------------------
C251 COMPILER V5.60.0,  comparator                                                         08/08/26  11:10:19  PAGE 2   

             -------------
   53          void comparator_falling(void)
   54          {
   55   1          //下降沿
   56   1          CMPCR1 = 0x90 | 0x02;
   57   1      }
   58          
   59          //-------------------------------------------------------------------------------------------------------
             -------------
   60          //  @brief      获取比较结果
   61          //  @param      void                        
   62          //  @return     void          
   63          //  @since      v1.0
   64          //  Sample usage:
   65          //-------------------------------------------------------------------------------------------------------
             -------------
   66          uint8 comparator_result_get(void)
   67          {
   68   1          return (CMPCR1&0x01);
   69   1      }
   70          
   71          //-------------------------------------------------------------------------------------------------------
             -------------
   72          //  @brief      关闭比较器中断
   73          //  @param      void                        
   74          //  @return     void          
   75          //  @since      v1.0
   76          //  Sample usage:
   77          //-------------------------------------------------------------------------------------------------------
             -------------
   78          void comparator_close_isr(void)
   79          {
   80   1          CMPCR1 = 0x80 | 0x02;
   81   1      }
   82          
   83          //-------------------------------------------------------------------------------------------------------
             -------------
   84          //  @brief      打开比较器中断
   85          //  @param      void                        
   86          //  @return     void          
   87          //  @since      v1.0
   88          //  Sample usage:
   89          //-------------------------------------------------------------------------------------------------------
             -------------
   90          void comparator_open_isr(void)
   91          {
   92   1        // 需软件清除中断标志位
   93   1        CMPCR1 &= ~0x40;  
   94   1        
   95   1        // 打开比较器中断
   96   1        if(motor.step % 2)
   97   1        {
   98   2          comparator_rising();
   99   2        }
  100   1        else
  101   1        {
  102   2          comparator_falling();
  103   2        }
  104   1      }
  105          
  106          //-------------------------------------------------------------------------------------------------------
             -------------
  107          //  @brief      比较器初始化
  108          //  @param      void                        
  109          //  @return     void          
  110          //  @since      v1.0
C251 COMPILER V5.60.0,  comparator                                                         08/08/26  11:10:19  PAGE 3   

  111          //  Sample usage:
  112          //-------------------------------------------------------------------------------------------------------
             -------------
  113          void comparator_init(void)
  114          {
  115   1          gpio_init(IO_P45, GPI, 0, GPI_IMPEDANCE);
  116   1      
  117   1          gpio_init(COMPARATOR_MID_PIN, GPI, 0, GPI_IMPEDANCE); // 中性点
  118   1          gpio_init(COMPARATOR_A_PIN  , GPI, 0, GPI_IMPEDANCE); // A
  119   1        gpio_init(COMPARATOR_B_PIN  , GPI, 0, GPI_IMPEDANCE); // B
  120   1        gpio_init(COMPARATOR_C_PIN  , GPI, 0, GPI_IMPEDANCE); // C
  121   1          
  122   1          CMPCR1 = 0x8C | 1 << 1; // 1000 1100 
  123   1        CMPCR2 = 63 | 1 << 6; // 63个时钟滤波，关闭0.1uf滤波电容
  124   1          CMPO_S = 1;             // 比较器输出脚选择位 0->P45 1->P41
  125   1      
  126   1      }
  127          
C251 COMPILER V5.60.0,  comparator                                                         08/08/26  11:10:19  PAGE 4   

ASSEMBLY LISTING OF GENERATED OBJECT CODE


;       FUNCTION comparator_rising (BEGIN)
                                                ; SOURCE LINE # 40
                                                ; SOURCE LINE # 43
000000 75E6A2         MOV      CMPCR1,#0A2H
                                                ; SOURCE LINE # 44
000003 22             RET      
;       FUNCTION comparator_rising (END)

;       FUNCTION comparator_falling (BEGIN)
                                                ; SOURCE LINE # 53
                                                ; SOURCE LINE # 56
000000 75E692         MOV      CMPCR1,#092H
                                                ; SOURCE LINE # 57
000003 22             RET      
;       FUNCTION comparator_falling (END)

;       FUNCTION comparator_result_get (BEGIN)
                                                ; SOURCE LINE # 66
                                                ; SOURCE LINE # 68
000000 E5E6           MOV      A,CMPCR1         ; A=R11
000002 5401           ANL      A,#01H           ; A=R11
                                                ; SOURCE LINE # 69
000004 22             RET      
;       FUNCTION comparator_result_get (END)

;       FUNCTION comparator_close_isr (BEGIN)
                                                ; SOURCE LINE # 78
                                                ; SOURCE LINE # 80
000000 75E682         MOV      CMPCR1,#082H
                                                ; SOURCE LINE # 81
000003 22             RET      
;       FUNCTION comparator_close_isr (END)

;       FUNCTION comparator_open_isr (BEGIN)
                                                ; SOURCE LINE # 90
                                                ; SOURCE LINE # 93
000000 53E6BF         ANL      CMPCR1,#0BFH
                                                ; SOURCE LINE # 96
000003 7E730000    E  MOV      R7,motor
000007 0A37           MOVZ     WR6,R7
000009 7E240002       MOV      WR4,#02H
00000D 120000      E  LCALL    ?C?SIDIV
000010 4D22           ORL      WR4,WR4
000012 6803           JE       ?C0002
                                                ; SOURCE LINE # 98
000014 020000      R  LJMP     comparator_rising
                                                ; SOURCE LINE # 99
               ?C0002:
                                                ; SOURCE LINE # 102
000017 020000      R  LJMP     comparator_falling
                                                ; SOURCE LINE # 103
                                                ; SOURCE LINE # 104
;       FUNCTION comparator_open_isr (END)

;       FUNCTION comparator_init (BEGIN)
                                                ; SOURCE LINE # 113
                                                ; SOURCE LINE # 115
000000 7E340055       MOV      WR6,#055H
000004 6D11           XRL      WR2,WR2
000006 6D22           XRL      WR4,WR4
000008 E4             CLR      A                ; A=R11
000009 120000      E  LCALL    gpio_init
                                                ; SOURCE LINE # 117
C251 COMPILER V5.60.0,  comparator                                                         08/08/26  11:10:19  PAGE 5   

00000C 7E340054       MOV      WR6,#054H
000010 6D11           XRL      WR2,WR2
000012 6D22           XRL      WR4,WR4
000014 E4             CLR      A                ; A=R11
000015 120000      E  LCALL    gpio_init
                                                ; SOURCE LINE # 118
000018 7E340056       MOV      WR6,#056H
00001C 6D11           XRL      WR2,WR2
00001E 6D22           XRL      WR4,WR4
000020 E4             CLR      A                ; A=R11
000021 120000      E  LCALL    gpio_init
                                                ; SOURCE LINE # 119
000024 7E340060       MOV      WR6,#060H
000028 6D11           XRL      WR2,WR2
00002A 6D22           XRL      WR4,WR4
00002C E4             CLR      A                ; A=R11
00002D 120000      E  LCALL    gpio_init
                                                ; SOURCE LINE # 120
000030 7E340061       MOV      WR6,#061H
000034 6D11           XRL      WR2,WR2
000036 6D22           XRL      WR4,WR4
000038 E4             CLR      A                ; A=R11
000039 120000      E  LCALL    gpio_init
                                                ; SOURCE LINE # 122
00003C 75E68E         MOV      CMPCR1,#08EH
                                                ; SOURCE LINE # 123
00003F 75E77F         MOV      CMPCR2,#07FH
                                                ; SOURCE LINE # 124
000042 A9D3BA         SETB     CMPO_S
                                                ; SOURCE LINE # 126
000045 22             RET      
;       FUNCTION comparator_init (END)



Module Information          Static   Overlayable
------------------------------------------------
  code size            =       113     ------
  ecode size           =    ------     ------
  data size            =    ------     ------
  idata size           =    ------     ------
  pdata size           =    ------     ------
  xdata size           =    ------     ------
  xdata-const size     =    ------     ------
  edata size           =    ------     ------
  bit size             =    ------     ------
  ebit size            =    ------     ------
  bitaddressable size  =    ------     ------
  ebitaddressable size =    ------     ------
  far data size        =    ------     ------
  huge data size       =    ------     ------
  const size           =    ------     ------
  hconst size          =    ------     ------
End of Module Information.


C251 COMPILATION COMPLETE.  0 WARNING(S),  0 ERROR(S)
