C251 COMPILER V5.60.0,  isr                                                                08/08/26  11:10:18  PAGE 1   


C251 COMPILER V5.60.0, COMPILATION OF MODULE isr
OBJECT MODULE PLACED IN .\out_file\isr.obj
COMPILER INVOKED BY: D:\keil5-C251-5.60\C251\BIN\C251.EXE ..\user\isr.c XSMALL INTR2 NOALIAS WARNINGLEVEL(3) BROWSE INCD
                    -IR(..\..\libraries\zf_common;..\..\libraries\zf_components;..\..\libraries\zf_device;..\..\libraries\zf_driver;..\user;.
                    -.\code;..\..\bldc) DEBUG CODE PRINT(.\out_file\isr.lst) TABS(2) OBJECT(.\out_file\isr.obj) 

stmt  level    source

    1          /********************************************************************************************************
             -*************
    2          * AI8051U Opensourec Library 即（AI8051U 开源库）是一个基于官方 SDK 接口的第三方开源库
    3          * Copyright (c) 2022 SEEKFREE 逐飞科技
    4          *
    5          * 本文件是STC 开源库的一部分
    6          *
    7          * AI8051U 开源库 是免费软件
    8          * 您可以根据自由软件基金会发布的 GPL（GNU General Public License，即 GNU通用公共许可证）的条款
    9          * 即 GPL 的第3版（即 GPL3.0）或（您选择的）任何后来的版本，重新发布和/或修改它
   10          *
   11          * 本开源库的发布是希望它能发挥作用，但并未对其作任何的保证
   12          * 甚至没有隐含的适销性或适合特定用途的保证
   13          * 更多细节请参见 GPL
   14          *
   15          * 您应该在收到本开源库的同时收到一份 GPL 的副本
   16          * 如果没有，请参阅<https://www.gnu.org/licenses/>
   17          *
   18          * 额外注明：
   19          * 本开源库使用 GPL3.0 开源许可证协议 以上许可申明为译文版本
   20          * 许可申明英文版在 libraries/doc 文件夹下的 GPL3_permission_statement.txt 文件中
   21          * 许可证副本在 libraries 文件夹下 即该文件夹下的 LICENSE 文件
   22          * 欢迎各位使用并传播本程序 但修改内容时必须保留逐飞科技的版权声明（即本声明）
   23          *
   24          * 文件名称          
   25          * 公司名称          成都逐飞科技有限公司
   26          * 版本信息          查看 libraries/doc 文件夹内 version 文件 版本说明
   27          * 开发环境          MDK FOR C251
   28          * 适用平台          AI8051U
   29          * 店铺链接          https://seekfree.taobao.com/
   30          *
   31          * 修改记录
   32          * 日期              作者           备注
   33          * 2024-08-01        大W            first version
   34          *********************************************************************************************************
             -***********/
   35          
   36          #include "zf_common_headfile.h"
   37          
   38          
   39          
   40          //void DMA_UART1_IRQHandler (void) interrupt DMA_UR1R_VECTOR
   41          //{
   42          //    static vuint8 dwon_count = 0;
   43          //    if (DMA_UR1R_STA & 0x01)    // 接收完成
   44          //    {
   45          //        DMA_UR1R_STA &= ~0x01;    // 清标志位
   46          //        uart_rx_start_buff(UART_1); // 设置下一次接收，务必保留
   47          //        
   48          //        //程序自动下载
   49          //        if(uart_rx_buff[UART_1][0] == 0x7F)
   50          //        {
   51          //            if(dwon_count++ > 20)
   52          //            {
   53          //                IAP_CONTR = 0x60;
   54          //            }
   55          //        }
C251 COMPILER V5.60.0,  isr                                                                08/08/26  11:10:18  PAGE 2   

   56          //        else
   57          //        {
   58          //            dwon_count = 0;
   59          //        }
   60          //        
   61          ////        if(uart1_irq_handler != NULL)
   62          ////        {
   63          ////            uart1_irq_handler(uart_rx_buff[UART_1][0]);
   64          ////        }
   65          //    }
   66          //    
   67          //    if (DMA_UR1R_STA & 0x02)  //数据丢弃
   68          //    {
   69          //        DMA_UR1R_STA &= ~0x02;  //清标志位
   70          //        uart_rx_start_buff(UART_1); // 设置下一次接收，务必保留
   71          //        // 如果进入了这个中断，则代表UART的数据在没有取走之前被覆盖!
   72          //        // 如果进入了这个中断，则代表UART的数据在没有取走之前被覆盖!
   73          //        // 如果进入了这个中断，则代表UART的数据在没有取走之前被覆盖!
   74          //    }
   75          //}
   76          
   77          
   78          
   79          //void DMA_UART2_IRQHandler (void) interrupt DMA_UR2R_VECTOR
   80          //{
   81          
   82          //    if (DMA_UR2R_STA & 0x01)    // 接收完成
   83          //    {
   84          //        DMA_UR2R_STA &= ~0x01;    // 清标志位
   85          //        uart_rx_start_buff(UART_2); // 设置下一次接收，务必保留
   86          //        
   87          ////        if(uart2_irq_handler != NULL)
   88          ////        {
   89          ////            uart2_irq_handler(uart_rx_buff[UART_2][0]);
   90          ////        }
   91          //    }
   92          //    
   93          //    if (DMA_UR2R_STA & 0x02)    //数据丢弃
   94          //    {
   95          //        DMA_UR2R_STA &= ~0x02;    //清标志位
   96          //        uart_rx_start_buff(UART_2); // 设置下一次接收，务必保留
   97          //        // 如果进入了这个中断，则代表UART的数据在没有取走之前被覆盖!
   98          //        // 如果进入了这个中断，则代表UART的数据在没有取走之前被覆盖!
   99          //        // 如果进入了这个中断，则代表UART的数据在没有取走之前被覆盖!
  100          //        
  101          //    }
  102          //}
  103          
  104          //void DMA_UART3_IRQHandler (void) interrupt DMA_UR3R_VECTOR
  105          //{
  106          
  107          //    if (DMA_UR3R_STA & 0x01)    // 接收完成
  108          //    {
  109          //        DMA_UR3R_STA &= ~0x01;    // 清标志位
  110          //        uart_rx_start_buff(UART_3); // 设置下一次接收，务必保留
  111          //        
  112          ////        if(uart3_irq_handler != NULL)
  113          ////        {
  114          ////        
  115          ////            uart3_irq_handler(uart_rx_buff[UART_3][0]);
  116          ////            
  117          ////        }
  118          //    }
  119          //    
  120          //    if (DMA_UR3R_STA & 0x02)    //数据丢弃
  121          //    {
C251 COMPILER V5.60.0,  isr                                                                08/08/26  11:10:18  PAGE 3   

  122          //        DMA_UR3R_STA &= ~0x02;    //清标志位
  123          //        uart_rx_start_buff(UART_3); // 设置下一次接收，务必保留
  124          //        // 如果进入了这个中断，则代表UART的数据在没有取走之前被覆盖!
  125          //        // 如果进入了这个中断，则代表UART的数据在没有取走之前被覆盖!
  126          //        // 如果进入了这个中断，则代表UART的数据在没有取走之前被覆盖!
  127          //        
  128          //    }
  129          //}
  130          
  131          //void DMA_UART4_IRQHandler (void) interrupt DMA_UR4R_VECTOR
  132          //{
  133          
  134          //    if (DMA_UR4R_STA & 0x01)    // 接收完成
  135          //    {
  136          //        DMA_UR4R_STA &= ~0x01;    // 清标志位
  137          //        uart_rx_start_buff(UART_4); // 设置下一次接收，务必保留
  138          //        
  139          ////        if(uart4_irq_handler != NULL)
  140          ////        {
  141          ////            uart4_irq_handler(uart_rx_buff[UART_4][0]);
  142          ////            
  143          ////        }
  144          //    }
  145          //    
  146          //    if (DMA_UR4R_STA & 0x02)  //数据丢弃
  147          //    {
  148          //        DMA_UR4R_STA &= ~0x02;  //清标志位
  149          //        uart_rx_start_buff(UART_4); // 设置下一次接收，务必保留
  150          //        // 如果进入了这个中断，则代表UART的数据在没有取走之前被覆盖!
  151          //        // 如果进入了这个中断，则代表UART的数据在没有取走之前被覆盖!
  152          //        // 如果进入了这个中断，则代表UART的数据在没有取走之前被覆盖!
  153          //        
  154          //    }
  155          //}
  156          
  157          
  158          //void TM0_IRQHandler() interrupt 1
  159          //{
  160          //    TIM0_CLEAR_FLAG;
  161          //    
  162          //    if(tim0_irq_handler != NULL)
  163          //    {
  164          //        tim0_irq_handler();
  165          //    }
  166          //}
  167          //void TM1_IRQHandler() interrupt 3
  168          //{
  169          //    TIM1_CLEAR_FLAG;
  170          //    
  171          //    if(tim1_irq_handler != NULL)
  172          //    {
  173          //        tim1_irq_handler();
  174          //    }
  175          //}
  176          //void TM2_IRQHandler() interrupt 12
  177          //{
  178          //    TIM2_CLEAR_FLAG;
  179          //    
  180          //    if(tim2_irq_handler != NULL)
  181          //    {
  182          //        tim2_irq_handler();
  183          //    }
  184          //}
  185          //void TM3_IRQHandler() interrupt 19
  186          //{
  187          //    TIM3_CLEAR_FLAG;
C251 COMPILER V5.60.0,  isr                                                                08/08/26  11:10:18  PAGE 4   

  188          //    
  189          //    if(tim3_irq_handler != NULL)
  190          //    {
  191          //        tim3_irq_handler();
  192          //    }
  193          //}
  194          
  195          //void TM4_IRQHandler() interrupt 20
  196          //{
  197          //    TIM4_CLEAR_FLAG;
  198          //    
  199          //    if(tim4_irq_handler != NULL)
  200          //    {
  201          //        tim4_irq_handler();
  202          //    }
  203          //}
  204          
  205          //void TM11_IRQHandler() interrupt 24
  206          //{
  207          //    TIM11_CLEAR_FLAG;
  208          //    
  209          //    if(tim11_irq_handler != NULL)
  210          //    {
  211          //        tim11_irq_handler();
  212          //    }
  213          //}
  214          
  215          
  216          //#define     INT0_VECTOR             0       //0003H
  217          //#define     TMR0_VECTOR             1       //000BH
  218          //#define     INT1_VECTOR             2       //0013H
  219          //#define     TMR1_VECTOR             3       //001BH
  220          //#define     UART1_VECTOR            4       //0023H
  221          //#define     ADC_VECTOR              5       //002BH
  222          //#define     LVD_VECTOR              6       //0033H
  223          //#define     PCA_VECTOR              7       //003BH
  224          //#define     UART2_VECTOR            8       //0043H
  225          //#define     SPI_VECTOR              9       //004BH
  226          //#define     INT2_VECTOR             10      //0053H
  227          //#define     INT3_VECTOR             11      //005BH
  228          //#define     TMR2_VECTOR             12      //0063H
  229          //#define     USER_VECTOR             13      //006BH
  230          //#define     INT4_VECTOR             16      //0083H
  231          //#define     UART3_VECTOR            17      //008BH
  232          //#define     UART4_VECTOR            18      //0093H
  233          //#define     TMR3_VECTOR             19      //009BH
  234          //#define     TMR4_VECTOR             20      //00A3H
  235          //#define     CMP_VECTOR              21      //00ABH
  236          //#define     I2C_VECTOR              24      //00C3H
  237          //#define     USB_VECTOR              25      //00CBH
  238          //#define     PWMA_VECTOR             26      //00D3H
  239          //#define     PWMB_VECTOR             27      //00DBH
  240          
  241          //#define     RTC_VECTOR              36      //0123H
  242          //#define     P0INT_VECTOR            37      //012BH
  243          //#define     P1INT_VECTOR            38      //0133H
  244          //#define     P2INT_VECTOR            39      //013BH
  245          //#define     P3INT_VECTOR            40      //0143H
  246          //#define     P4INT_VECTOR            41      //014BH
  247          //#define     P5INT_VECTOR            42      //0153H
  248          //#define     P6INT_VECTOR            43      //015BH
  249          //#define     P7INT_VECTOR            44      //0163H
  250          //#define     DMA_M2M_VECTOR          47      //017BH
  251          //#define     DMA_ADC_VECTOR          48      //0183H
  252          //#define     DMA_SPI_VECTOR          49      //018BH
  253          //#define     DMA_UR1T_VECTOR         50      //0193H
C251 COMPILER V5.60.0,  isr                                                                08/08/26  11:10:18  PAGE 5   

  254          //#define     DMA_UR1R_VECTOR         51      //019BH
  255          //#define     DMA_UR2T_VECTOR         52      //01A3H
  256          //#define     DMA_UR2R_VECTOR         53      //01ABH
  257          //#define     DMA_UR3T_VECTOR         54      //01B3H
  258          //#define     DMA_UR3R_VECTOR         55      //01BBH
  259          //#define     DMA_UR4T_VECTOR         56      //01C3H
  260          //#define     DMA_UR4R_VECTOR         57      //01CBH
  261          //#define     DMA_LCM_VECTOR          58      //01D3H
  262          //#define     LCM_VECTOR              59      //01DBH
  263          //#define     DMA_I2CT_VECTOR         60      //01E3H
  264          //#define     DMA_I2CR_VECTOR         61      //01EBH
  265          //#define     I2S_VECTOR              62      //01F3H
  266          //#define     DMA_I2ST_VECTOR         63      //01FBH
  267          //#define     DMA_I2SR_VECTOR         64      //0203H
  268          //#define     DMA_QSPI_VECTOR         65      //020BH
  269          //#define     QSPI_VECTOR             66      //0213H
  270          //#define     TMR11_VECTOR            67      //021BH
  271          //#define     DMA_PWMAT_VECTOR        72      //0243H
  272          //#define     DMA_PWMAR_VECTOR        73      //024BH
C251 COMPILER V5.60.0,  isr                                                                08/08/26  11:10:18  PAGE 6   

ASSEMBLY LISTING OF GENERATED OBJECT CODE




Module Information          Static   Overlayable
------------------------------------------------
  code size            =    ------     ------
  ecode size           =    ------     ------
  data size            =    ------     ------
  idata size           =    ------     ------
  pdata size           =    ------     ------
  xdata size           =    ------     ------
  xdata-const size     =    ------     ------
  edata size           =    ------     ------
  bit size             =    ------     ------
  ebit size            =    ------     ------
  bitaddressable size  =    ------     ------
  ebitaddressable size =    ------     ------
  far data size        =    ------     ------
  huge data size       =    ------     ------
  const size           =    ------     ------
  hconst size          =    ------     ------
End of Module Information.


C251 COMPILATION COMPLETE.  0 WARNING(S),  0 ERROR(S)
