C251 COMPILER V5.60.0,  main                                                               05/08/26  18:29:31  PAGE 1   


C251 COMPILER V5.60.0, COMPILATION OF MODULE main
OBJECT MODULE PLACED IN .\out_file\main.obj
COMPILER INVOKED BY: D:\keil5-C251-5.60\C251\BIN\C251.EXE ..\user\main.c XSMALL INTR2 NOALIAS WARNINGLEVEL(3) BROWSE INC
                    -DIR(..\..\libraries\zf_common;..\..\libraries\zf_components;..\..\libraries\zf_device;..\..\libraries\zf_driver;..\user;
                    -..\code;..\..\bldc) DEBUG PRINT(.\out_file\main.lst) TABS(2) OBJECT(.\out_file\main.obj) 

stmt  level    source

    1          /********************************************************************************************************
             -*************
    2          * AI8051U Opensourec Library 即（AI8051U 开源库）是一个基于官方 SDK 接口的第三方开源库
    3          * Copyright (c) 2022 SEEKFREE 逐飞科技
    4          *
    5          * 本文件是STC 开源库的一部分
    6          *
    7          * AI8051U 开源库 是免费软件
    8          * 您可以根据自由软件基金会发布的 GPL（GNU General Public License，即 GNU通用公共许可证）的条款
    9          * 即 GPL 的第3版（即 GPL3.0）或（您选择的）任何后来的版本，重新发布和/或修改它
   10          *
   11          * 本开源库的发布是希望它能发挥作用，但并未对其作任何的保证
   12          * 甚至没有隐含的适销性或适合特定用途的保证
   13          * 更多细节请参见 GPL
   14          *
   15          * 您应该在收到本开源库的同时收到一份 GPL 的副本
   16          * 如果没有，请参阅<https://www.gnu.org/licenses/>
   17          *
   18          * 额外注明：
   19          * 本开源库使用 GPL3.0 开源许可证协议 以上许可申明为译文版本
   20          * 许可申明英文版在 libraries/doc 文件夹下的 GPL3_permission_statement.txt 文件中
   21          * 许可证副本在 libraries 文件夹下 即该文件夹下的 LICENSE 文件
   22          * 欢迎各位使用并传播本程序 但修改内容时必须保留逐飞科技的版权声明（即本声明）
   23          *
   24          * 文件名称          
   25          * 公司名称          成都逐飞科技有限公司
   26          * 版本信息          查看 libraries/doc 文件夹内 version 文件 版本说明
   27          * 开发环境          MDK FOR C251
   28          * 适用平台          AI8051U
   29          * 店铺链接          https://seekfree.taobao.com/
   30          *
   31          * 修改记录
   32          * 日期              作者           备注
   33          * 2024-08-01        大W            first version
   34          *********************************************************************************************************
             -***********/
   35          
   36          #include "zf_common_headfile.h"
   37          
   38          #include "motor_control.h"
   39          #include "comparator.h"
   40          #include "bldc_config.h"
   41          #include "pwm_out.h"
   42          #include "signal_input.h"
   43          #include "pit_timer.h"
   44          #include "battery.h"
   45          
   46          
   47          // 电机未运行     RUN闪烁，ERR熄灭
   48          // 正常运行             RUN常亮, ERR熄灭
   49          // 电池电压过低         RUN熄灭，ERR常亮
   50          // 电机堵转           RUN熄灭，ERR闪烁
   51          
   52          void main()
   53          {
   54   1              
   55   1          // STC-ISP下载的时候，输入用户程序运行时的IRC频率必须设置为35MHz
C251 COMPILER V5.60.0,  main                                                               05/08/26  18:29:31  PAGE 2   

   56   1          // STC-ISP下载的时候，输入用户程序运行时的IRC频率必须设置为35MHz
   57   1          // STC-ISP下载的时候，输入用户程序运行时的IRC频率必须设置为35MHz
   58   1              
   59   1          clock_init(SYSTEM_CLOCK_35M);       // 务必保留
   60   1      
   61   1          // 此处编写用户代码(例如：外设初始化代码等)
   62   1          //battery_init();         // 电池电压检测初始化
   63   1          led_init();             // LED初始化
   64   1          pwm_input_init();       // PWM输入捕获初始化·
   65   1          comparator_init();      // 比较器初始化 
   66   1          motor_init();           // 电机相关初始化 
   67   1      
   68   1          // PWM初始化务必放在电机电机初始化函数之后，否则会烧毁电机
   69   1          // PWM初始化务必放在电机电机初始化函数之后，否则会烧毁电机
   70   1          // PWM初始化务必放在电机电机初始化函数之后，否则会烧毁电机
   71   1          pwm_out_init();       // PWM初始化 采用中心对齐       
   72   1      
   73   1        pit_timer_init();       // 周期定时器初始化
   74   1          
   75   1      
   76   1          EA = 1;                 // 开启总中断
   77   1      
   78   1                  
   79   1          while(1)
   80   1        {
   81   2      
   82   2          }
   83   1      }
   84          
   85          


Module Information          Static   Overlayable
------------------------------------------------
  code size            =        60     ------
  ecode size           =    ------     ------
  data size            =    ------     ------
  idata size           =    ------     ------
  pdata size           =    ------     ------
  xdata size           =    ------     ------
  xdata-const size     =    ------     ------
  edata size           =    ------     ------
  bit size             =    ------     ------
  ebit size            =    ------     ------
  bitaddressable size  =    ------     ------
  ebitaddressable size =    ------     ------
  far data size        =    ------     ------
  huge data size       =    ------     ------
  const size           =    ------     ------
  hconst size          =         2     ------
End of Module Information.


C251 COMPILATION COMPLETE.  0 WARNING(S),  0 ERROR(S)
