C251 COMPILER V5.60.0,  signal_input                                                       06/03/26  16:59:33  PAGE 1   


C251 COMPILER V5.60.0, COMPILATION OF MODULE signal_input
OBJECT MODULE PLACED IN .\out_file\signal_input.obj
COMPILER INVOKED BY: D:\profession_software\MDK\C251\BIN\C251.EXE ..\..\bldc\signal_input.c XSMALL INTR2 NOALIAS WARNING
                    -LEVEL(3) BROWSE INCDIR(..\..\libraries\zf_common;..\..\libraries\zf_components;..\..\libraries\zf_device;..\..\libraries
                    -\zf_driver;..\user;..\code;..\..\bldc) DEBUG PRINT(.\out_file\signal_input.lst) OBJECT(.\out_file\signal_input.obj) 

stmt  level    source

    1          /********************************************************************************************************
             -*************
    2           * COPYRIGHT NOTICE
    3           * Copyright (c) 2020,逐飞科技
    4           * All rights reserved.
    5           * 技术讨论QQ群：一群：179029047(已满)  二群：244861897(已满)  三群：824575535
    6           *
    7           * 以下所有内容版权均属逐飞科技所有，未经允许不得用于商业用途，
    8           * 欢迎各位使用并传播本程序，修改内容时必须保留逐飞科技的版权声明。
    9           *
   10           * @file                pit_timer
   11           * @company                     成都逐飞科技有限公司
   12           * @author              逐飞科技(QQ790875685)
   13           * @version             查看doc内version文件 版本说明
   14           * @Software            MDK FOR C251 V5.60
   15           * @Target core         STC32G12K128
   16           * @Taobao              https://seekfree.taobao.com/
   17           * @date                2024-01-22
   18           ********************************************************************************************************
             -************/
   19          #include "zf_common_typedef.h"
   20          #include "zf_common_clock.h"
   21          
   22          #include "bldc_config.h"
   23          #include "motor_control.h"
   24          #include "pwm_out.h"
   25          #include "signal_input.h"
   26          
   27          #define PWMIN_PIN   P21
   28          
   29          pwmin_struct pwmin;
   30          
   31           
   32          uint8 pwm_input_timeout_count = 0;
   33          //-------------------------------------------------------------------------------------------------------
             -------------
   34          //  @brief      PWMB输入捕获中断
   35          //  @param      void                        
   36          //  @return     void          
   37          //  @since      v1.0
   38          //  Sample usage:
   39          //-------------------------------------------------------------------------------------------------------
             -------------
   40          void pwmb_isr()interrupt 27
   41          {
   42   1          uint16 temp;
   43   1              if(PWMB_SR1 & 0x02)
   44   1              {
   45   2                      pwmin.period = (PWMB_CCR5H << 8) + PWMB_CCR5L;      // CC1捕获周期宽度
   46   2                      PWMB_SR1 = 0;
   47   2              
   48   2              // 计算输入PWM信号的频率
   49   2              pwmin.frequency = system_clock / (PWMB_PSCRL + 1) / pwmin.period;
   50   2              }
   51   1              
   52   1              if(PWMB_SR1 & 0x04)
   53   1              {
C251 COMPILER V5.60.0,  signal_input                                                       06/03/26  16:59:33  PAGE 2   

   54   2                      pwmin.high_value = (PWMB_CCR6H << 8) + PWMB_CCR6L;   // CC2捕获高电平宽度
   55   2                      PWMB_SR1 = 0;
   56   2              
   57   2              // 频率在合理的范围内才计算
   58   2              if((30 < pwmin.frequency) && (400 > pwmin.frequency))
   59   2              {
   60   3                  // 计算高电平时间 仅在高电平时间为1-2ms内有效 
   61   3                  pwmin.high_time = pwmin.high_value;
   62   3                  
   63   3                  if((3000 < pwmin.high_time) || (1000 > pwmin.high_time))
   64   3                  {
   65   4                      // 高电平时间过长或者过短，则油门设置为0
   66   4                      pwmin.throttle = 0;
   67   4                  }
   68   3                  else
   69   3                  {
   70   4                      if(2000 < pwmin.high_time)
   71   4                      {
   72   5                          pwmin.high_time = 2000;
   73   5                      }
   74   4                      
   75   4                      // 计算油门大小
   76   4                      temp = pwmin.high_time - 1000;
   77   4                      // 如果输入的油门大小 小于启动占空比则油门设置为5%
   78   4                      if(temp < 50)
   79   4                      {
   80   5                          temp = 0;
   81   5                      }
   82   4                      pwmin.throttle = temp;
   83   4                  }
   84   3                              
   85   3                              pwm_input_timeout_count = 0;
   86   3              }
   87   2              
   88   2              // 更新占空比
   89   2              motor.duty = (uint32)pwmin.throttle * BLDC_PWM_ARR_MAX / 1000;
   90   2              }
   91   1          
   92   1          if(PWMB_SR1 & 0x01)
   93   1          {
   94   2              PWMB_SR1 = 0;
   95   2                                      
   96   2                      
   97   2              // 未检测到输入信号则输出油门都清零
   98   2                      if(motor.duty > 0)
   99   2                      {
  100   3                              if(++pwm_input_timeout_count >= 2)
  101   3                              {
  102   4                                      pwm_input_timeout_count = 0;
  103   4                                      
  104   4                                      pwmin.throttle = 0;
  105   4                                      motor.duty = 0;
  106   4                              }
  107   3                      }
  108   2          }
  109   1      }
  110          
  111          //-------------------------------------------------------------------------------------------------------
             -------------
  112          //  @brief      PWMB输入捕获初始化
  113          //  @param      void                        
  114          //  @return     void          
  115          //  @since      v1.0
  116          //  Sample usage:
  117          //-------------------------------------------------------------------------------------------------------
             -------------
C251 COMPILER V5.60.0,  signal_input                                                       06/03/26  16:59:33  PAGE 3   

  118          void pwm_input_init(void)
  119          {
  120   1          gpio_init(IO_P21, GPI, 0, GPI_IMPEDANCE);
  121   1          gpio_init(IO_P23, GPI, 0, GPI_IMPEDANCE);
  122   1          
  123   1          PWMB_PS = 0x0A;             // 通道引脚切换
  124   1          PWMB_CCMR1 = 0x01;  // CC5为输入模式,且映射到TI5FP5上
  125   1              PWMB_CCMR2 = 0x02;      // CC6为输入模式,且映射到TI5FP6上
  126   1          
  127   1              // CC5E 开启输入捕获
  128   1              // CC5P 捕获发生在TI5F的上升沿
  129   1              // CC6E 开启输入捕获
  130   1              // CC6P 捕获发生在TI5F的下降沿
  131   1          PWMB_CCER1 = 0x31;
  132   1          
  133   1          PWMB_PSCRH = 0;             // 分频值
  134   1              PWMB_PSCRL = system_clock / 1000000 - 1;    // 分频值
  135   1          PWMB_SMCR = 0x54;   // TS=TI1FP1,SMS=TI1上升沿复位模式
  136   1              PWMB_CR1 = 0x01;        // 启动PWMB，向上计数
  137   1              PWMB_IER = 0x07;        // 使能CC1、CC2、UIE中断
  138   1      
  139   1          pwmin.period = 0;
  140   1          pwmin.high_value = 0;
  141   1          pwmin.high_time = 0;
  142   1      }


Module Information          Static   Overlayable
------------------------------------------------
  code size            =       465     ------
  ecode size           =    ------     ------
  data size            =    ------     ------
  idata size           =    ------     ------
  pdata size           =    ------     ------
  xdata size           =    ------     ------
  xdata-const size     =    ------     ------
  edata size           =        11     ------
  bit size             =    ------     ------
  ebit size            =    ------     ------
  bitaddressable size  =    ------     ------
  ebitaddressable size =    ------     ------
  far data size        =    ------     ------
  huge data size       =    ------     ------
  const size           =    ------     ------
  hconst size          =         5     ------
End of Module Information.


C251 COMPILATION COMPLETE.  0 WARNING(S),  0 ERROR(S)
