C251 COMPILER V5.60.0,  sine_control                                                       08/08/26  11:10:19  PAGE 1   


C251 COMPILER V5.60.0, COMPILATION OF MODULE sine_control
OBJECT MODULE PLACED IN .\out_file\sine_control.obj
COMPILER INVOKED BY: D:\keil5-C251-5.60\C251\BIN\C251.EXE ..\..\bldc\sine_control.c XSMALL INTR2 NOALIAS WARNINGLEVEL(3)
                    - BROWSE INCDIR(..\..\libraries\zf_common;..\..\libraries\zf_components;..\..\libraries\zf_device;..\..\libraries\zf_driv
                    -er;..\user;..\code;..\..\bldc) DEBUG CODE PRINT(.\out_file\sine_control.lst) TABS(2) OBJECT(.\out_file\sine_control.obj)
                    - 

stmt  level    source

    1          #include "sine_control.h"
    2          #include "bldc_config.h"
    3          #include "zf_common_typedef.h"
    4          
    5          #pragma warning disable = 183
    6          
    7          int16 motor_a_position = 0;
    8          int16 motor_b_position = 0;
    9          int16 motor_c_position = 0;
   10          
   11          // 峰值1024
   12          // 一共360个点
   13          const uint16 sine_pwm_arr[] = 
   14          {  
   15            514,523,532,541,549,558,567,576,585,594,603,611,620,629,638,646,
   16            655,663,672,680,689,697,705,714,722,730,738,746,754,762,769,777,
   17            785,792,800,807,814,821,828,835,842,849,856,862,869,875,881,887,
   18            893,899,905,911,916,922,927,932,937,942,947,952,956,960,965,969,
   19            973,976,980,984,987,990,993,996,999,1002,1004,1007,1009,1011,1013,1015,
   20            1016,1018,1019,1020,1021,1022,1022,1023,1023,1023,1023,1023,1023,1023,1022,1021,
   21            1020,1019,1018,1017,1015,1014,1012,1010,1008,1005,1003,1000,998,995,992,989,
   22            985,982,978,975,971,967,963,958,954,949,945,940,935,930,924,919,
   23            914,908,902,896,890,884,878,872,866,859,852,846,839,832,825,818,
   24            811,803,796,788,781,773,766,758,750,742,734,726,718,709,701,693,
   25            685,676,668,659,650,642,633,624,616,607,598,589,581,572,563,554,
   26            545,536,527,518,509,500,491,482,474,465,456,447,438,429,420,412,
   27            403,394,385,377,368,360,351,343,334,326,318,309,301,293,285,277,
   28            269,261,254,246,238,231,223,216,209,202,195,188,181,174,167,161,
   29            154,148,142,136,130,124,118,112,107,101,96,91,86,81,76,71,
   30            67,63,58,54,50,47,43,39,36,33,30,27,24,21,19,16,
   31            14,12,10,8,7,5,4,3,2,1,1,0,0,0,0,0,
   32            0,0,1,2,3,4,5,6,8,9,11,13,15,18,20,23,
   33            25,28,31,34,38,41,45,48,52,56,60,65,69,74,78,83,
   34            88,93,99,104,109,115,121,127,133,139,145,151,157,164,171,177,
   35            184,191,198,205,212,220,227,235,242,250,257,265,273,281,289,297,
   36            305,314,322,330,338,347,355,364,373,381,390,399,407,416,425,434,
   37            442,451,460,469,478,487,496,505
   38          };
   39          
   40          //-------------------------------------------------------------------------------------------------------
             -------------
   41          //  @brief      正弦启动初始化
   42          //  @param      void
   43          //  @return     void
   44          //  @since      v1.0
   45          //  Sample usage:
   46          //-------------------------------------------------------------------------------------------------------
             -------------
   47          void sine_init(void)
   48          {
   49   1        // 设置位置
   50   1        motor_a_position = 0;
   51   1        motor_b_position = motor_a_position + 119;
   52   1        motor_c_position = motor_a_position + 239;
   53   1        
   54   1        // 开启PWM输出
C251 COMPILER V5.60.0,  sine_control                                                       08/08/26  11:10:19  PAGE 2   

   55   1        PWMA_CCER1 = 0xFF;    
   56   1        PWMA_CCER2 = 0x0F;    
   57   1        
   58   1        // 使能PWM所有通道
   59   1        PWMA_ENO = 0x3F;
   60   1      }
   61            
   62          
   63          
   64          //-------------------------------------------------------------------------------------------------------
             -------------
   65          //  @brief      正弦强拉
   66          //  @param      void
   67          //  @return     void
   68          //  @since      v1.0
   69          //  Sample usage:
   70          //-------------------------------------------------------------------------------------------------------
             -------------
   71          void sine_start(uint16 duty)
   72          {
   73   1        uint16 temp = 0;
   74   1        
   75   1        motor_a_position --;
   76   1        if (motor_a_position < 0)
   77   1        {
   78   2          motor_a_position = 359 ;
   79   2        }
   80   1        
   81   1        motor_b_position --;
   82   1        if (motor_b_position < 0)
   83   1        {
   84   2          motor_b_position = 359;
   85   2        }
   86   1        
   87   1        motor_c_position --;
   88   1        if (motor_c_position < 0)
   89   1        {
   90   2          motor_c_position = 359 ;
   91   2        }
   92   1        
   93   1      //  temp = ((uint32)sine_pwm_arr[motor_a_position]  * duty) / 1024;   // 1024为sine_pwm的峰值
   94   1        temp = ((uint32)sine_pwm_arr[motor_a_position] * duty) >> 10;
   95   1        
   96   1        PWMA_CCR1H = (temp >> 8) & 0xFF;
   97   1          PWMA_CCR1L = temp & 0xFF;
   98   1          
   99   1        temp = ((uint32)sine_pwm_arr[motor_b_position] * duty) >> 10;
  100   1          PWMA_CCR2H = (temp >> 8) & 0xFF;
  101   1          PWMA_CCR2L = temp & 0xFF;
  102   1          
  103   1        temp = ((uint32)sine_pwm_arr[motor_c_position] * duty) >> 10;
  104   1          PWMA_CCR3H = (temp >> 8) & 0xFF;
  105   1          PWMA_CCR3L = temp & 0xFF;
  106   1        
  107   1      }
C251 COMPILER V5.60.0,  sine_control                                                       08/08/26  11:10:19  PAGE 3   

ASSEMBLY LISTING OF GENERATED OBJECT CODE


;       FUNCTION sine_init (BEGIN)
                                                ; SOURCE LINE # 47
                                                ; SOURCE LINE # 50
000000 6D33           XRL      WR6,WR6
000002 7A370000    R  MOV      motor_a_position,WR6
                                                ; SOURCE LINE # 51
000006 7E340077       MOV      WR6,#077H
00000A 7A370000    R  MOV      motor_b_position,WR6
                                                ; SOURCE LINE # 52
00000E 7E3400EF       MOV      WR6,#0EFH
000012 7A370000    R  MOV      motor_c_position,WR6
                                                ; SOURCE LINE # 55
000016 74FF           MOV      A,#0FFH          ; A=R11
000018 7E34FECC       MOV      WR6,#0FECCH
00001C 7E24007E       MOV      WR4,#07EH
000020 7A1BB0         MOV      @DR4,R11         ; A=R11
                                                ; SOURCE LINE # 56
000023 740F           MOV      A,#0FH           ; A=R11
000025 7E34FECD       MOV      WR6,#0FECDH
000029 7A1BB0         MOV      @DR4,R11         ; A=R11
                                                ; SOURCE LINE # 59
00002C 743F           MOV      A,#03FH          ; A=R11
00002E 7E34FEB1       MOV      WR6,#0FEB1H
000032 7A1BB0         MOV      @DR4,R11         ; A=R11
                                                ; SOURCE LINE # 60
000035 22             RET      
;       FUNCTION sine_init (END)

;       FUNCTION sine_start (BEGIN)
                                                ; SOURCE LINE # 71
000000 7D03           MOV      WR0,WR6
;---- Variable 'duty' assigned to Register 'WR0' ----
                                                ; SOURCE LINE # 72
                                                ; SOURCE LINE # 73
                                                ; SOURCE LINE # 75
000002 7E170000    R  MOV      WR2,motor_a_position
000006 1B14           DEC      WR2,#01H
000008 7A170000    R  MOV      motor_a_position,WR2
                                                ; SOURCE LINE # 76
00000C BE140000       CMP      WR2,#00H
000010 5808           JSGE     ?C0001
                                                ; SOURCE LINE # 78
000012 7E140167       MOV      WR2,#0167H
000016 7A170000    R  MOV      motor_a_position,WR2
                                                ; SOURCE LINE # 79
               ?C0001:
                                                ; SOURCE LINE # 81
00001A 7E170000    R  MOV      WR2,motor_b_position
00001E 1B14           DEC      WR2,#01H
000020 7A170000    R  MOV      motor_b_position,WR2
                                                ; SOURCE LINE # 82
000024 BE140000       CMP      WR2,#00H
000028 5808           JSGE     ?C0002
                                                ; SOURCE LINE # 84
00002A 7E140167       MOV      WR2,#0167H
00002E 7A170000    R  MOV      motor_b_position,WR2
                                                ; SOURCE LINE # 85
               ?C0002:
                                                ; SOURCE LINE # 87
000032 7E170000    R  MOV      WR2,motor_c_position
000036 1B14           DEC      WR2,#01H
000038 7A170000    R  MOV      motor_c_position,WR2
                                                ; SOURCE LINE # 88
C251 COMPILER V5.60.0,  sine_control                                                       08/08/26  11:10:19  PAGE 4   

00003C BE140000       CMP      WR2,#00H
000040 5808           JSGE     ?C0003
                                                ; SOURCE LINE # 90
000042 7E140167       MOV      WR2,#0167H
000046 7A170000    R  MOV      motor_c_position,WR2
                                                ; SOURCE LINE # 91
               ?C0003:
                                                ; SOURCE LINE # 94
00004A 7E370000    R  MOV      WR6,motor_a_position
00004E 1A26           MOVS     WR4,R6
000050 1A24           MOVS     WR4,R4
000052 2F11           ADD      DR4,DR4
000054 2E240000    R  ADD      WR4,#WORD2 sine_pwm_arr
000058 2E180000    R  ADD      DR4,#WORD0 sine_pwm_arr
00005C 0B1A30         MOV      WR6,@DR4
00005F AD30           MUL      WR6,WR0
000061 740A           MOV      A,#0AH           ; A=R11
               ?C0004:
000063 1E34           SRL      WR6
000065 1E24           SRL      WR4
000067 5003           JNC      ?C0005
000069 4E6080         ORL      R6,#080H
               ?C0005:
00006C 14             DEC      A                ; A=R11
00006D 78F4           JNE      ?C0004
00006F 7D13           MOV      WR2,WR6
;---- Variable 'temp' assigned to Register 'WR2' ----
                                                ; SOURCE LINE # 96
000071 7E34FED5       MOV      WR6,#0FED5H
000075 7E24007E       MOV      WR4,#07EH
000079 7A1B20         MOV      @DR4,R2
                                                ; SOURCE LINE # 97
00007C 7E34FED6       MOV      WR6,#0FED6H
000080 7A1B30         MOV      @DR4,R3
                                                ; SOURCE LINE # 99
000083 7E370000    R  MOV      WR6,motor_b_position
000087 1A26           MOVS     WR4,R6
000089 1A24           MOVS     WR4,R4
00008B 2F11           ADD      DR4,DR4
00008D 2E240000    R  ADD      WR4,#WORD2 sine_pwm_arr
000091 2E180000    R  ADD      DR4,#WORD0 sine_pwm_arr
000095 0B1A30         MOV      WR6,@DR4
000098 AD30           MUL      WR6,WR0
00009A 740A           MOV      A,#0AH           ; A=R11
               ?C0006:
00009C 1E34           SRL      WR6
00009E 1E24           SRL      WR4
0000A0 5003           JNC      ?C0007
0000A2 4E6080         ORL      R6,#080H
               ?C0007:
0000A5 14             DEC      A                ; A=R11
0000A6 78F4           JNE      ?C0006
0000A8 7D13           MOV      WR2,WR6
                                                ; SOURCE LINE # 100
0000AA 7E34FED7       MOV      WR6,#0FED7H
0000AE 7E24007E       MOV      WR4,#07EH
0000B2 7A1B20         MOV      @DR4,R2
                                                ; SOURCE LINE # 101
0000B5 7E34FED8       MOV      WR6,#0FED8H
0000B9 7A1B30         MOV      @DR4,R3
                                                ; SOURCE LINE # 103
0000BC 7E370000    R  MOV      WR6,motor_c_position
0000C0 1A26           MOVS     WR4,R6
0000C2 1A24           MOVS     WR4,R4
0000C4 2F11           ADD      DR4,DR4
0000C6 2E240000    R  ADD      WR4,#WORD2 sine_pwm_arr
C251 COMPILER V5.60.0,  sine_control                                                       08/08/26  11:10:19  PAGE 5   

0000CA 2E180000    R  ADD      DR4,#WORD0 sine_pwm_arr
0000CE 0B1A30         MOV      WR6,@DR4
0000D1 AD30           MUL      WR6,WR0
0000D3 740A           MOV      A,#0AH           ; A=R11
               ?C0008:
0000D5 1E34           SRL      WR6
0000D7 1E24           SRL      WR4
0000D9 5003           JNC      ?C0009
0000DB 4E6080         ORL      R6,#080H
               ?C0009:
0000DE 14             DEC      A                ; A=R11
0000DF 78F4           JNE      ?C0008
0000E1 7D13           MOV      WR2,WR6
                                                ; SOURCE LINE # 104
0000E3 7E34FED9       MOV      WR6,#0FED9H
0000E7 7E24007E       MOV      WR4,#07EH
0000EB 7A1B20         MOV      @DR4,R2
                                                ; SOURCE LINE # 105
0000EE 7E34FEDA       MOV      WR6,#0FEDAH
0000F2 7A1B30         MOV      @DR4,R3
                                                ; SOURCE LINE # 107
0000F5 22             RET      
;       FUNCTION sine_start (END)



Module Information          Static   Overlayable
------------------------------------------------
  code size            =       300     ------
  ecode size           =    ------     ------
  data size            =    ------     ------
  idata size           =    ------     ------
  pdata size           =    ------     ------
  xdata size           =    ------     ------
  xdata-const size     =    ------     ------
  edata size           =         6     ------
  bit size             =    ------     ------
  ebit size            =    ------     ------
  bitaddressable size  =    ------     ------
  ebitaddressable size =    ------     ------
  far data size        =    ------     ------
  huge data size       =    ------     ------
  const size           =    ------     ------
  hconst size          =       738     ------
End of Module Information.


C251 COMPILATION COMPLETE.  0 WARNING(S),  0 ERROR(S)
