C251 COMPILER V5.60.0,  zf_common_clock                                                    06/03/26  15:45:54  PAGE 1   


C251 COMPILER V5.60.0, COMPILATION OF MODULE zf_common_clock
OBJECT MODULE PLACED IN .\out_file\zf_common_clock.obj
COMPILER INVOKED BY: D:\profession_software\MDK\C251\BIN\C251.EXE ..\..\libraries\zf_common\zf_common_clock.c XSMALL INT
                    -R2 NOALIAS WARNINGLEVEL(3) BROWSE INCDIR(..\..\libraries\zf_common;..\..\libraries\zf_components;..\..\libraries\zf_devi
                    -ce;..\..\libraries\zf_driver;..\user;..\code;..\..\bldc) DEBUG PRINT(.\out_file\zf_common_clock.lst) OBJECT(.\out_file\z
                    -f_common_clock.obj) 

stmt  level    source

    1          /********************************************************************************************************
             -*************
    2          * AI8051U Opensourec Library 即（AI8051U 开源库）是一个基于官方 SDK 接口的第三方开源库
    3          * Copyright (c) 2022 SEEKFREE 逐飞科技
    4          *
    5          * 本文件是STC 开源库的一部分
    6          *
    7          * AI8051U 开源库 是免费软件
    8          * 您可以根据自由软件基金会发布的 GPL（GNU General Public License，即 GNU通用公共许可证）的条款
    9          * 即 GPL 的第3版（即 GPL3.0）或（您选择的）任何后来的版本，重新发布和/或修改它
   10          *
   11          * 本开源库的发布是希望它能发挥作用，但并未对其作任何的保证
   12          * 甚至没有隐含的适销性或适合特定用途的保证
   13          * 更多细节请参见 GPL
   14          *
   15          * 您应该在收到本开源库的同时收到一份 GPL 的副本
   16          * 如果没有，请参阅<https://www.gnu.org/licenses/>
   17          *
   18          * 额外注明：
   19          * 本开源库使用 GPL3.0 开源许可证协议 以上许可申明为译文版本
   20          * 许可申明英文版在 libraries/doc 文件夹下的 GPL3_permission_statement.txt 文件中
   21          * 许可证副本在 libraries 文件夹下 即该文件夹下的 LICENSE 文件
   22          * 欢迎各位使用并传播本程序 但修改内容时必须保留逐飞科技的版权声明（即本声明）
   23          *
   24          * 文件名称          
   25          * 公司名称          成都逐飞科技有限公司
   26          * 版本信息          查看 libraries/doc 文件夹内 version 文件 版本说明
   27          * 开发环境          MDK FOR C251
   28          * 适用平台          AI8051U
   29          * 店铺链接          https://seekfree.taobao.com/
   30          *
   31          * 修改记录
   32          * 日期              作者           备注
   33          * 2024-08-01        大W            first version
   34          *********************************************************************************************************
             -***********/
   35          
   36          #include "zf_common_typedef.h"
   37          #include "zf_common_clock.h"
   38          #include "zf_common_debug.h"
   39          #include "zf_common_interrupt.h"
   40          
   41          #include "zf_driver_delay.h"
   42          
   43          //内核频率
   44          int32 system_clock = SYSTEM_CLOCK_40M;
   45          
   46          
   47          #define T22M_ADDR CHIPID11 //22.1184MHz
   48          #define T24M_ADDR CHIPID12 //24MHz
   49          #define T27M_ADDR CHIP ID13 //27MHz
   50          
   51          #define T30M_ADDR CHIPID14 //30MHz
   52          #define T33M_ADDR CHIPID15 //33.1776MHz
   53          #define T35M_ADDR CHIPID16 //35MHz
   54          #define T36M_ADDR CHIPID17 //36.864MHz
C251 COMPILER V5.60.0,  zf_common_clock                                                    06/03/26  15:45:54  PAGE 2   

   55          #define T40M_ADDR CHIPID18 //40MHz
   56          #define T44M_ADDR CHIPID19 //4 4.2368 MHz
   57          #define T48M_ADDR CHIPID20 //48 MHz
   58          #define VRT6M_ADDR CHIPID21 //VRTRIM_6M
   59          #define VRT10M_ADDR CHIPID22 //VRTRIM_10M
   60          #define VRT27M_ADDR CHIPID23 //VRTRIM_27M
   61          #define VRT44M_ADDR CHIPID24 //VRTRIM_44M
   62          
   63          
   64          void clock_init (uint32 clock)                                              // 核心时钟初始化
   65          {
   66   1              P_SW2 = 0x80;           // 开启特殊地址访问
   67   1          CKCON = 0x00;           // 设置外部数据总线为最快
   68   1          WTST = 0;               // 设置程序代码等待参数，赋值为0可将CPU执行程序的速度设置为最快
   69   1      
   70   1      
   71   1      
   72   1      //      USBCLK &= ~(3 << 5);
   73   1      //      USBCLK |= (2 << 5);
   74   1      //      USBCLK |= (1 << 7);
   75   1      //      _nop_();
   76   1      //    _nop_();
   77   1      //    _nop_();
   78   1      //    _nop_();
   79   1      //    _nop_();
   80   1      //      CLKSEL |= (1 << 7);
   81   1      //      CLKSEL |= (1 << 6);
   82   1      //      MCLKOCR = 0x01;
   83   1      //      IRC48MCR = 0x80;
   84   1      //      while (!(IRC48MCR & 1));
   85   1      //      IRCBAND &= ~(3 << 6);
   86   1      //      IRCBAND |= (2 << 6);
   87   1      //      DMAIR = 0x3F;           //TPU时钟 120M
   88   1      //      HSCLKDIV = 0x00;
   89   1      
   90   1          
   91   1      //      // 外部晶振
   92   1      //    XOSCCR = 0xc0;          // 启动外部晶振
   93   1      //    while (!(XOSCCR & 1));  // 等待时钟稳定
   94   1      //    CLKDIV = 0x00;          // 时钟不分频
   95   1      //    CLKSEL = 0x01;          // 选择外部晶振
   96   1      //      CLKDIV = 0x00;          // 40MHz主频，分频设置
   97   1      //      
   98   1      
   99   1      //    // 选择44.2368Mhz
  100   1      //    CLKDIV = 0x04;
  101   1      //    IRTRIM = T44M_ADDR;
  102   1      //    VRTRIM = VRT44M_ADDR;
  103   1      //    IRCBAND |= 0x03;
  104   1      //    CLKDIV = 0x00;
  105   1          
  106   1      
  107   1      
  108   1              system_clock = clock;
  109   1          
  110   1      
  111   1          
  112   1      //    P0M0 = 0x00;
  113   1      //    P0M1 = 0x00;
  114   1      //    P1M0 = 0x00;
  115   1      //    P1M1 = 0x00;
  116   1      //    P2M0 = 0x00;
  117   1      //    P2M1 = 0x00;
  118   1      //    P3M0 = 0x00;
  119   1      //    P3M1 = 0x00;
  120   1      //    P4M0 = 0x00;
C251 COMPILER V5.60.0,  zf_common_clock                                                    06/03/26  15:45:54  PAGE 3   

  121   1      //    P4M1 = 0x00;
  122   1      //    P5M0 = 0x00;
  123   1      //    P5M1 = 0x00;
  124   1      //    P6M0 = 0x00;
  125   1      //    P6M1 = 0x00;
  126   1      //    P7M0 = 0x00;
  127   1      //    P7M1 = 0x00;
  128   1              
  129   1              system_delay_init();    // 延时函数初始化
  130   1          
  131   1          ADCCFG = 0x00;
  132   1          AUXR = 0x00;
  133   1          SCON = 0x00;
  134   1          S2CON = 0x00;
  135   1          S3CON = 0x00;
  136   1          S4CON = 0x00;
  137   1              P_SW1 = 0x00;
  138   1              P_SW3 = 0x00;
  139   1          IE2 = 0x00;
  140   1          TMOD = 0x00;
  141   1              PWMA_ENO = 0x00;
  142   1              PWMB_ENO = 0x00;
  143   1              
  144   1              HSCLKDIV = 0x00;
  145   1              SPI_CLKDIV = 0x00;
  146   1              
  147   1              
  148   1              interrupt_global_enable();
  149   1      }
  150          
  151          


Module Information          Static   Overlayable
------------------------------------------------
  code size            =        82     ------
  ecode size           =    ------     ------
  data size            =    ------     ------
  idata size           =    ------     ------
  pdata size           =    ------     ------
  xdata size           =    ------     ------
  xdata-const size     =    ------     ------
  edata size           =         4     ------
  bit size             =    ------     ------
  ebit size            =    ------     ------
  bitaddressable size  =    ------     ------
  ebitaddressable size =    ------     ------
  far data size        =    ------     ------
  huge data size       =    ------     ------
  const size           =    ------     ------
  hconst size          =         8     ------
End of Module Information.


C251 COMPILATION COMPLETE.  0 WARNING(S),  0 ERROR(S)
