C251 COMPILER V5.60.0,  zf_common_clock                                                    08/08/26  11:10:17  PAGE 1   


C251 COMPILER V5.60.0, COMPILATION OF MODULE zf_common_clock
OBJECT MODULE PLACED IN .\out_file\zf_common_clock.obj
COMPILER INVOKED BY: D:\keil5-C251-5.60\C251\BIN\C251.EXE ..\..\libraries\zf_common\zf_common_clock.c XSMALL INTR2 NOALI
                    -AS WARNINGLEVEL(3) BROWSE INCDIR(..\..\libraries\zf_common;..\..\libraries\zf_components;..\..\libraries\zf_device;..\..
                    -\libraries\zf_driver;..\user;..\code;..\..\bldc) DEBUG CODE PRINT(.\out_file\zf_common_clock.lst) TABS(2) OBJECT(.\out_f
                    -ile\zf_common_clock.obj) 

stmt  level    source

    1          /********************************************************************************************************
             -*************
    2          * AI8051U Opensourec Library 即（AI8051U 开源库）是一个基于官方 SDK 接口的第三方开源库
    3          * Copyright (c) 2022 SEEKFREE 逐飞科技
    4          *
    5          * 本文件是STC 开源库的一部分
    6          *
    7          * AI8051U 开源库 是免费软件
    8          * 您可以根据自由软件基金会发布的 GPL（GNU General Public License，即 GNU通用公共许可证）的条款
    9          * 即 GPL 的第3版（即 GPL3.0）或（您选择的）任何后来的版本，重新发布和/或修改它
   10          *
   11          * 本开源库的发布是希望它能发挥作用，但并未对其作任何的保证
   12          * 甚至没有隐含的适销性或适合特定用途的保证
   13          * 更多细节请参见 GPL
   14          *
   15          * 您应该在收到本开源库的同时收到一份 GPL 的副本
   16          * 如果没有，请参阅<https://www.gnu.org/licenses/>
   17          *
   18          * 额外注明：
   19          * 本开源库使用 GPL3.0 开源许可证协议 以上许可申明为译文版本
   20          * 许可申明英文版在 libraries/doc 文件夹下的 GPL3_permission_statement.txt 文件中
   21          * 许可证副本在 libraries 文件夹下 即该文件夹下的 LICENSE 文件
   22          * 欢迎各位使用并传播本程序 但修改内容时必须保留逐飞科技的版权声明（即本声明）
   23          *
   24          * 文件名称          
   25          * 公司名称          成都逐飞科技有限公司
   26          * 版本信息          查看 libraries/doc 文件夹内 version 文件 版本说明
   27          * 开发环境          MDK FOR C251
   28          * 适用平台          AI8051U
   29          * 店铺链接          https://seekfree.taobao.com/
   30          *
   31          * 修改记录
   32          * 日期              作者           备注
   33          * 2024-08-01        大W            first version
   34          *********************************************************************************************************
             -***********/
   35          
   36          #include "zf_common_typedef.h"
   37          #include "zf_common_clock.h"
   38          #include "zf_common_debug.h"
   39          #include "zf_common_interrupt.h"
   40          
   41          #include "zf_driver_delay.h"
   42          
   43          //内核频率
   44          int32 system_clock = SYSTEM_CLOCK_35M;
   45          
   46          
   47          #define T22M_ADDR CHIPID11 //22.1184MHz
   48          #define T24M_ADDR CHIPID12 //24MHz
   49          #define T27M_ADDR CHIP ID13 //27MHz
   50          
   51          #define T30M_ADDR CHIPID14 //30MHz
   52          #define T33M_ADDR CHIPID15 //33.1776MHz
   53          #define T35M_ADDR CHIPID16 //35MHz
   54          #define T36M_ADDR CHIPID17 //36.864MHz
C251 COMPILER V5.60.0,  zf_common_clock                                                    08/08/26  11:10:17  PAGE 2   

   55          #define T40M_ADDR CHIPID18 //40MHz
   56          #define T44M_ADDR CHIPID19 //4 4.2368 MHz
   57          #define T48M_ADDR CHIPID20 //48 MHz
   58          #define VRT6M_ADDR CHIPID21 //VRTRIM_6M
   59          #define VRT10M_ADDR CHIPID22 //VRTRIM_10M
   60          #define VRT27M_ADDR CHIPID23 //VRTRIM_27M
   61          #define VRT44M_ADDR CHIPID24 //VRTRIM_44M
   62          
   63          
   64          void clock_init (uint32 clock)                                              // 核心时钟初始化
   65          {
   66   1        P_SW2 = 0x80;           // 开启特殊地址访问
   67   1          WTST = 0;               // 设置程序代码等待参数，赋值为0可将CPU执行程序的速度设置为最快
   68   1          CKCON = 0x00;           // 设置外部数据总线为最快
   69   1          
   70   1      //    // 选择35Mhz
   71   1      //    CLKDIV = 0x04;
   72   1      //    IRTRIM = T35M_ADDR;
   73   1      //    VRTRIM = VRT44M_ADDR;
   74   1      //    IRCBAND |= 0x03;
   75   1      //    CLKDIV = 0x00;
   76   1          
   77   1      
   78   1          
   79   1      //    P0M0 = 0x00;
   80   1      //    P0M1 = 0x00;
   81   1      //    P1M0 = 0x00;
   82   1      //    P1M1 = 0x00;
   83   1      //    P2M0 = 0x00;
   84   1      //    P2M1 = 0x00;
   85   1      //    P3M0 = 0x00;
   86   1      //    P3M1 = 0x00;
   87   1      //    P4M0 = 0x00;
   88   1      //    P4M1 = 0x00;
   89   1      //    P5M0 = 0x00;
   90   1      //    P5M1 = 0x00;
   91   1      //    P6M0 = 0x00;
   92   1      //    P6M1 = 0x00;
   93   1      //    P7M0 = 0x00;
   94   1      //    P7M1 = 0x00;
   95   1        
   96   1          system_clock = clock;
   97   1                  
   98   1        system_delay_init();    // 延时函数初始化
   99   1          
  100   1          ADCCFG = 0x00;
  101   1          AUXR = 0x00;
  102   1          SCON = 0x00;
  103   1          S2CON = 0x00;
  104   1          S3CON = 0x00;
  105   1          S4CON = 0x00;
  106   1        P_SW1 = 0x00;
  107   1        P_SW3 = 0x00;
  108   1          IE2 = 0x00;
  109   1          TMOD = 0x00;
  110   1        PWMA_ENO = 0x00;
  111   1        PWMB_ENO = 0x00;
  112   1        
  113   1        HSCLKDIV = 0x00;
  114   1        SPI_CLKDIV = 0x00;
  115   1        
  116   1        
  117   1      //  interrupt_global_enable();
  118   1      }
  119          
  120          
C251 COMPILER V5.60.0,  zf_common_clock                                                    08/08/26  11:10:17  PAGE 3   

ASSEMBLY LISTING OF GENERATED OBJECT CODE


;       FUNCTION clock_init (BEGIN)
                                                ; SOURCE LINE # 64
;---- Variable 'clock' assigned to Register 'DR0' ----
                                                ; SOURCE LINE # 66
000000 75BA80         MOV      P_SW2,#080H
                                                ; SOURCE LINE # 67
000003 75E900         MOV      WTST,#00H
                                                ; SOURCE LINE # 68
000006 75EA00         MOV      CKCON,#00H
                                                ; SOURCE LINE # 96
000009 7A1F0000    R  MOV      system_clock,DR4
                                                ; SOURCE LINE # 98
00000D 120000      E  LCALL    system_delay_init
                                                ; SOURCE LINE # 100
000010 75DE00         MOV      ADCCFG,#00H
                                                ; SOURCE LINE # 101
000013 758E00         MOV      AUXR,#00H
                                                ; SOURCE LINE # 102
000016 759800         MOV      SCON,#00H
                                                ; SOURCE LINE # 103
000019 759A00         MOV      S2CON,#00H
                                                ; SOURCE LINE # 104
00001C 75AC00         MOV      S3CON,#00H
                                                ; SOURCE LINE # 105
00001F 75FD00         MOV      S4CON,#00H
                                                ; SOURCE LINE # 106
000022 75A200         MOV      P_SW1,#00H
                                                ; SOURCE LINE # 107
000025 75BB00         MOV      P_SW3,#00H
                                                ; SOURCE LINE # 108
000028 75AF00         MOV      IE2,#00H
                                                ; SOURCE LINE # 109
00002B 758900         MOV      TMOD,#00H
                                                ; SOURCE LINE # 110
00002E E4             CLR      A                ; A=R11
00002F 7E34FEB1       MOV      WR6,#0FEB1H
000033 7E24007E       MOV      WR4,#07EH
000037 7A1BB0         MOV      @DR4,R11         ; A=R11
                                                ; SOURCE LINE # 111
00003A 7E34FEB5       MOV      WR6,#0FEB5H
00003E 7A1BB0         MOV      @DR4,R11         ; A=R11
                                                ; SOURCE LINE # 113
000041 7E34FE0B       MOV      WR6,#0FE0BH
000045 7A1BB0         MOV      @DR4,R11         ; A=R11
                                                ; SOURCE LINE # 114
000048 7E34FE90       MOV      WR6,#0FE90H
00004C 7A1BB0         MOV      @DR4,R11         ; A=R11
                                                ; SOURCE LINE # 118
00004F 22             RET      
;       FUNCTION clock_init (END)



Module Information          Static   Overlayable
------------------------------------------------
  code size            =        80     ------
  ecode size           =    ------     ------
  data size            =    ------     ------
  idata size           =    ------     ------
  pdata size           =    ------     ------
  xdata size           =    ------     ------
  xdata-const size     =    ------     ------
  edata size           =         4     ------
  bit size             =    ------     ------
C251 COMPILER V5.60.0,  zf_common_clock                                                    08/08/26  11:10:17  PAGE 4   

  ebit size            =    ------     ------
  bitaddressable size  =    ------     ------
  ebitaddressable size =    ------     ------
  far data size        =    ------     ------
  huge data size       =    ------     ------
  const size           =    ------     ------
  hconst size          =         8     ------
End of Module Information.


C251 COMPILATION COMPLETE.  0 WARNING(S),  0 ERROR(S)
