C251 COMPILER V5.60.0,  zf_common_interrupt                                                08/08/26  11:10:17  PAGE 1   


C251 COMPILER V5.60.0, COMPILATION OF MODULE zf_common_interrupt
OBJECT MODULE PLACED IN .\out_file\zf_common_interrupt.obj
COMPILER INVOKED BY: D:\keil5-C251-5.60\C251\BIN\C251.EXE ..\..\libraries\zf_common\zf_common_interrupt.c XSMALL INTR2 N
                    -OALIAS WARNINGLEVEL(3) BROWSE INCDIR(..\..\libraries\zf_common;..\..\libraries\zf_components;..\..\libraries\zf_device;.
                    -.\..\libraries\zf_driver;..\user;..\code;..\..\bldc) DEBUG CODE PRINT(.\out_file\zf_common_interrupt.lst) TABS(2) OBJECT
                    -(.\out_file\zf_common_interrupt.obj) 

stmt  level    source

    1          /********************************************************************************************************
             -*************
    2          * AI8051U Opensourec Library 即（AI8051U 开源库）是一个基于官方 SDK 接口的第三方开源库
    3          * Copyright (c) 2022 SEEKFREE 逐飞科技
    4          *
    5          * 本文件是STC 开源库的一部分
    6          *
    7          * AI8051U 开源库 是免费软件
    8          * 您可以根据自由软件基金会发布的 GPL（GNU General Public License，即 GNU通用公共许可证）的条款
    9          * 即 GPL 的第3版（即 GPL3.0）或（您选择的）任何后来的版本，重新发布和/或修改它
   10          *
   11          * 本开源库的发布是希望它能发挥作用，但并未对其作任何的保证
   12          * 甚至没有隐含的适销性或适合特定用途的保证
   13          * 更多细节请参见 GPL
   14          *
   15          * 您应该在收到本开源库的同时收到一份 GPL 的副本
   16          * 如果没有，请参阅<https://www.gnu.org/licenses/>
   17          *
   18          * 额外注明：
   19          * 本开源库使用 GPL3.0 开源许可证协议 以上许可申明为译文版本
   20          * 许可申明英文版在 libraries/doc 文件夹下的 GPL3_permission_statement.txt 文件中
   21          * 许可证副本在 libraries 文件夹下 即该文件夹下的 LICENSE 文件
   22          * 欢迎各位使用并传播本程序 但修改内容时必须保留逐飞科技的版权声明（即本声明）
   23          *
   24          * 文件名称          
   25          * 公司名称          成都逐飞科技有限公司
   26          * 版本信息          查看 libraries/doc 文件夹内 version 文件 版本说明
   27          * 开发环境          MDK FOR C251
   28          * 适用平台          AI8051U
   29          * 店铺链接          https://seekfree.taobao.com/
   30          *
   31          * 修改记录
   32          * 日期              作者           备注
   33          * 2024-08-01        大W            first version
   34          *********************************************************************************************************
             -***********/
   35          
   36          #include "zf_common_interrupt.h"
   37          
   38          //-------------------------------------------------------------------------------------------------------
             -------------
   39          // 函数简介     指定中断设置优先级
   40          // 参数说明     irqn            指定中断号 可查看 zf_common_interrupt.h 对应中断服务函数的标注
   41          // 参数说明     priority        抢占式优先级 0到3，0为最低优先级，3为最高优先级
   42          // 返回参数     void
   43          // 使用示例     interrupt_set_priority( TIMER0_IRQn, 3);
   44          //                                  设置周期中断定时器0的优先级为3
   45          //                                  禁止调用ch32v30x_misc里面的函数
   46          // 备注信息        其余不能设置的，中断优先级全部为最低优先级0
   47          //-------------------------------------------------------------------------------------------------------
             -------------
   48          void interrupt_set_priority (irqn_type_enum irqn, uint8 priority)
   49          {
   50   1          if((irqn >> 4) == 0)
   51   1          {
   52   2              IP  |= (priority & 0x01) << (irqn & 0x0F);
C251 COMPILER V5.60.0,  zf_common_interrupt                                                08/08/26  11:10:17  PAGE 2   

   53   2              IPH |= ((priority >> 1) & 0x01) << (irqn & 0x0F);
   54   2          }
   55   1          else if((irqn >> 4) == 1)
   56   1          {
   57   2              IP2  |= (priority & 0x01) << (irqn & 0x0F);
   58   2              IP2H |= ((priority >> 1) & 0x01) << (irqn & 0x0F);
   59   2          }
   60   1          else if((irqn >> 4) == 2)
   61   1          {
   62   2              IP3  |= (priority & 0x01) << (irqn & 0x0F);
   63   2              IP3H |= ((priority >> 1) & 0x01) << (irqn & 0x0F);
   64   2          }
   65   1      }
   66          
   67          //-------------------------------------------------------------------------------------------------------
             -------------
   68          // 函数简介     关闭全局中断
   69          // 参数说明     void            
   70          // 返回参数     void
   71          // 使用示例     
   72          //             
   73          // 备注信息        
   74          //-------------------------------------------------------------------------------------------------------
             -------------
   75          void interrupt_global_disable(void)
   76          {
   77   1          EA = 0;
   78   1      }
   79          
   80          //-------------------------------------------------------------------------------------------------------
             -------------
   81          // 函数简介     开启全局中断
   82          // 参数说明     void            
   83          // 返回参数     void
   84          // 使用示例     
   85          //             
   86          // 备注信息        
   87          //-------------------------------------------------------------------------------------------------------
             -------------
   88          void interrupt_global_enable(void)
   89          {
   90   1          EA = 1;
   91   1      }
   92          
C251 COMPILER V5.60.0,  zf_common_interrupt                                                08/08/26  11:10:17  PAGE 3   

ASSEMBLY LISTING OF GENERATED OBJECT CODE


;       FUNCTION interrupt_set_priority (BEGIN)
                                                ; SOURCE LINE # 48
000000 7C3B           MOV      R3,R11           ; A=R11
;---- Variable 'priority' assigned to Register 'R3' ----
000002 7D23           MOV      WR4,WR6
;---- Variable 'irqn' assigned to Register 'WR4' ----
                                                ; SOURCE LINE # 50
000004 0E34           SRA      WR6
000006 0E34           SRA      WR6
000008 0E34           SRA      WR6
00000A 0E34           SRA      WR6
00000C 782C           JNE      ?C0001
                                                ; SOURCE LINE # 52
00000E 7C25           MOV      R2,R5
000010 5E200F         ANL      R2,#0FH
000013 7CA3           MOV      R10,R3
000015 5EA001         ANL      R10,#01H
000018 7CB2           MOV      R11,R2           ; A=R11
00001A 6005           JZ       ?C0007
               ?C0006:
00001C 3EA0           SLL      R10
00001E 14             DEC      A                ; A=R11
00001F 78FB           JNE      ?C0006
               ?C0007:
000021 7CBA           MOV      R11,R10          ; A=R11
000023 42B8           ORL      IP,A             ; A=R11
                                                ; SOURCE LINE # 53
000025 7CA3           MOV      R10,R3
000027 1EA0           SRL      R10
000029 5EA001         ANL      R10,#01H
00002C 7CB2           MOV      R11,R2           ; A=R11
00002E 6005           JZ       ?C0009
               ?C0008:
000030 3EA0           SLL      R10
000032 14             DEC      A                ; A=R11
000033 78FB           JNE      ?C0008
               ?C0009:
000035 7CBA           MOV      R11,R10          ; A=R11
000037 42B7           ORL      IPH,A            ; A=R11
                                                ; SOURCE LINE # 54
000039 22             RET      
               ?C0001:
                                                ; SOURCE LINE # 55
00003A BE340001       CMP      WR6,#01H
00003E 782C           JNE      ?C0003
                                                ; SOURCE LINE # 57
000040 7C25           MOV      R2,R5
000042 5E200F         ANL      R2,#0FH
000045 7CA3           MOV      R10,R3
000047 5EA001         ANL      R10,#01H
00004A 7CB2           MOV      R11,R2           ; A=R11
00004C 6005           JZ       ?C0011
               ?C0010:
00004E 3EA0           SLL      R10
000050 14             DEC      A                ; A=R11
000051 78FB           JNE      ?C0010
               ?C0011:
000053 7CBA           MOV      R11,R10          ; A=R11
000055 42B5           ORL      IP2,A            ; A=R11
                                                ; SOURCE LINE # 58
000057 7CA3           MOV      R10,R3
000059 1EA0           SRL      R10
00005B 5EA001         ANL      R10,#01H
C251 COMPILER V5.60.0,  zf_common_interrupt                                                08/08/26  11:10:17  PAGE 4   

00005E 7CB2           MOV      R11,R2           ; A=R11
000060 6005           JZ       ?C0013
               ?C0012:
000062 3EA0           SLL      R10
000064 14             DEC      A                ; A=R11
000065 78FB           JNE      ?C0012
               ?C0013:
000067 7CBA           MOV      R11,R10          ; A=R11
000069 42B6           ORL      IP2H,A           ; A=R11
                                                ; SOURCE LINE # 59
00006B 22             RET      
               ?C0003:
                                                ; SOURCE LINE # 60
00006C BE340002       CMP      WR6,#02H
000070 782B           JNE      ?C0002
                                                ; SOURCE LINE # 62
000072 7C25           MOV      R2,R5
000074 5E200F         ANL      R2,#0FH
000077 7CA3           MOV      R10,R3
000079 5EA001         ANL      R10,#01H
00007C 7CB2           MOV      R11,R2           ; A=R11
00007E 6005           JZ       ?C0015
               ?C0014:
000080 3EA0           SLL      R10
000082 14             DEC      A                ; A=R11
000083 78FB           JNE      ?C0014
               ?C0015:
000085 7CBA           MOV      R11,R10          ; A=R11
000087 42DF           ORL      IP3,A            ; A=R11
                                                ; SOURCE LINE # 63
000089 7CA3           MOV      R10,R3
00008B 1EA0           SRL      R10
00008D 5EA001         ANL      R10,#01H
000090 7CB2           MOV      R11,R2           ; A=R11
000092 6005           JZ       ?C0017
               ?C0016:
000094 3EA0           SLL      R10
000096 14             DEC      A                ; A=R11
000097 78FB           JNE      ?C0016
               ?C0017:
000099 7CBA           MOV      R11,R10          ; A=R11
00009B 42EE           ORL      IP3H,A           ; A=R11
                                                ; SOURCE LINE # 64
               ?C0002:
00009D 22             RET      
;       FUNCTION interrupt_set_priority (END)

;       FUNCTION interrupt_global_disable (BEGIN)
                                                ; SOURCE LINE # 75
                                                ; SOURCE LINE # 77
000000 C2AF           CLR      EA
                                                ; SOURCE LINE # 78
000002 22             RET      
;       FUNCTION interrupt_global_disable (END)

;       FUNCTION interrupt_global_enable (BEGIN)
                                                ; SOURCE LINE # 88
                                                ; SOURCE LINE # 90
000000 D2AF           SETB     EA
                                                ; SOURCE LINE # 91
000002 22             RET      
;       FUNCTION interrupt_global_enable (END)



Module Information          Static   Overlayable
------------------------------------------------
C251 COMPILER V5.60.0,  zf_common_interrupt                                                08/08/26  11:10:17  PAGE 5   

  code size            =       164     ------
  ecode size           =    ------     ------
  data size            =    ------     ------
  idata size           =    ------     ------
  pdata size           =    ------     ------
  xdata size           =    ------     ------
  xdata-const size     =    ------     ------
  edata size           =    ------     ------
  bit size             =    ------     ------
  ebit size            =    ------     ------
  bitaddressable size  =    ------     ------
  ebitaddressable size =    ------     ------
  far data size        =    ------     ------
  huge data size       =    ------     ------
  const size           =    ------     ------
  hconst size          =    ------     ------
End of Module Information.


C251 COMPILATION COMPLETE.  0 WARNING(S),  0 ERROR(S)
