C251 COMPILER V5.60.0,  zf_driver_timer                                                    08/08/26  11:10:18  PAGE 1   


C251 COMPILER V5.60.0, COMPILATION OF MODULE zf_driver_timer
OBJECT MODULE PLACED IN .\out_file\zf_driver_timer.obj
COMPILER INVOKED BY: D:\keil5-C251-5.60\C251\BIN\C251.EXE ..\..\libraries\zf_driver\zf_driver_timer.c XSMALL INTR2 NOALI
                    -AS WARNINGLEVEL(3) BROWSE INCDIR(..\..\libraries\zf_common;..\..\libraries\zf_components;..\..\libraries\zf_device;..\..
                    -\libraries\zf_driver;..\user;..\code;..\..\bldc) DEBUG CODE PRINT(.\out_file\zf_driver_timer.lst) TABS(2) OBJECT(.\out_f
                    -ile\zf_driver_timer.obj) 

stmt  level    source

    1          /********************************************************************************************************
             -*************
    2          * AI8051U Opensourec Library 即（AI8051U 开源库）是一个基于官方 SDK 接口的第三方开源库
    3          * Copyright (c) 2022 SEEKFREE 逐飞科技
    4          *
    5          * 本文件是STC 开源库的一部分
    6          *
    7          * AI8051U 开源库 是免费软件
    8          * 您可以根据自由软件基金会发布的 GPL（GNU General Public License，即 GNU通用公共许可证）的条款
    9          * 即 GPL 的第3版（即 GPL3.0）或（您选择的）任何后来的版本，重新发布和/或修改它
   10          *
   11          * 本开源库的发布是希望它能发挥作用，但并未对其作任何的保证
   12          * 甚至没有隐含的适销性或适合特定用途的保证
   13          * 更多细节请参见 GPL
   14          *
   15          * 您应该在收到本开源库的同时收到一份 GPL 的副本
   16          * 如果没有，请参阅<https://www.gnu.org/licenses/>
   17          *
   18          * 额外注明：
   19          * 本开源库使用 GPL3.0 开源许可证协议 以上许可申明为译文版本
   20          * 许可申明英文版在 libraries/doc 文件夹下的 GPL3_permission_statement.txt 文件中
   21          * 许可证副本在 libraries 文件夹下 即该文件夹下的 LICENSE 文件
   22          * 欢迎各位使用并传播本程序 但修改内容时必须保留逐飞科技的版权声明（即本声明）
   23          *
   24          * 文件名称          
   25          * 公司名称          成都逐飞科技有限公司
   26          * 版本信息          查看 libraries/doc 文件夹内 version 文件 版本说明
   27          * 开发环境          MDK FOR C251
   28          * 适用平台          AI8051U
   29          * 店铺链接          https://seekfree.taobao.com/
   30          *
   31          * 修改记录
   32          * 日期              作者           备注
   33          * 2024-08-01        大W            first version
   34          *********************************************************************************************************
             -***********/
   35          
   36          #include "zf_driver_gpio.h"
   37          #include "zf_driver_timer.h"
   38          
   39          
   40          // 该数组禁止修改，内部使用,用户无需关心
   41          static timer_function_enum timer_function_state[6] =
   42          {
   43              TIMER_FUNCTION_INIT,
   44              TIMER_FUNCTION_INIT,
   45              TIMER_FUNCTION_INIT,      
   46              TIMER_FUNCTION_INIT,
   47              TIMER_FUNCTION_INIT,
   48            TIMER_FUNCTION_INIT,
   49          };
   50          
   51          //-------------------------------------------------------------------------------------------------------
             -------------
   52          // 函数简介      TIMER 外设确认功能状态 库内部调用
   53          // 参数说明     index           TIMER 外设模块号
C251 COMPILER V5.60.0,  zf_driver_timer                                                    08/08/26  11:10:18  PAGE 2   

   54          // 参数说明     mode            需要确的功能模块
   55          // 返回参数     uint8           1-可以使用 0-不可以使用
   56          // 使用示例     zf_assert(timer_funciton_check(TIM_1, TIMER_FUNCTION_PWM);
   57          //-------------------------------------------------------------------------------------------------------
             -------------
   58          uint8 timer_funciton_check (timer_index_enum index, timer_function_enum mode)
   59          {
   60   1          uint8 return_state = 1;
   61   1          if(TIMER_FUNCTION_INIT == timer_function_state[index])
   62   1          {
   63   2              timer_function_state[index] = mode;
   64   2          }
   65   1          else if(timer_function_state[index] == mode)
   66   1          {
   67   2              return_state = 1;
   68   2          }
   69   1          else
   70   1          {
   71   2              return_state = 0;
   72   2          }
   73   1          return return_state;
   74   1      }
C251 COMPILER V5.60.0,  zf_driver_timer                                                    08/08/26  11:10:18  PAGE 3   

ASSEMBLY LISTING OF GENERATED OBJECT CODE


;       FUNCTION timer_funciton_check (BEGIN)
                                                ; SOURCE LINE # 58
000000 7D12           MOV      WR2,WR4
;---- Variable 'mode' assigned to Register 'WR2' ----
;---- Variable 'index' assigned to Register 'WR6' ----
                                                ; SOURCE LINE # 59
                                                ; SOURCE LINE # 60
000002 7401           MOV      A,#01H           ; A=R11
;---- Variable 'return_state' assigned to Register 'R11' ----
                                                ; SOURCE LINE # 61
000004 3E34           SLL      WR6
000006 49030000    R  MOV      WR0,@WR6+timer_function_state
00000A 4D00           ORL      WR0,WR0
00000C 7805           JNE      ?C0001
                                                ; SOURCE LINE # 63
00000E 59130000    R  MOV      @WR6+timer_function_state,WR2
                                                ; SOURCE LINE # 64
000012 22             RET      
               ?C0001:
                                                ; SOURCE LINE # 65
000013 BD01           CMP      WR0,WR2
000015 7803           JNE      ?C0003
                                                ; SOURCE LINE # 67
000017 7401           MOV      A,#01H           ; A=R11
                                                ; SOURCE LINE # 68
000019 22             RET      
               ?C0003:
                                                ; SOURCE LINE # 71
00001A E4             CLR      A                ; A=R11
                                                ; SOURCE LINE # 72
                                                ; SOURCE LINE # 73
                                                ; SOURCE LINE # 74
00001B 22             RET      
;       FUNCTION timer_funciton_check (END)



Module Information          Static   Overlayable
------------------------------------------------
  code size            =        28     ------
  ecode size           =    ------     ------
  data size            =    ------     ------
  idata size           =    ------     ------
  pdata size           =    ------     ------
  xdata size           =    ------     ------
  xdata-const size     =    ------     ------
  edata size           =        12     ------
  bit size             =    ------     ------
  ebit size            =    ------     ------
  bitaddressable size  =    ------     ------
  ebitaddressable size =    ------     ------
  far data size        =    ------     ------
  huge data size       =    ------     ------
  const size           =    ------     ------
  hconst size          =        16     ------
End of Module Information.


C251 COMPILATION COMPLETE.  0 WARNING(S),  0 ERROR(S)
