C251 COMPILER V5.60.0,  zf_driver_delay                                                    08/08/26  11:10:18  PAGE 1   


C251 COMPILER V5.60.0, COMPILATION OF MODULE zf_driver_delay
OBJECT MODULE PLACED IN .\out_file\zf_driver_delay.obj
COMPILER INVOKED BY: D:\keil5-C251-5.60\C251\BIN\C251.EXE ..\..\libraries\zf_driver\zf_driver_delay.c XSMALL INTR2 NOALI
                    -AS WARNINGLEVEL(3) BROWSE INCDIR(..\..\libraries\zf_common;..\..\libraries\zf_components;..\..\libraries\zf_device;..\..
                    -\libraries\zf_driver;..\user;..\code;..\..\bldc) DEBUG CODE PRINT(.\out_file\zf_driver_delay.lst) TABS(2) OBJECT(.\out_f
                    -ile\zf_driver_delay.obj) 

stmt  level    source

    1          /********************************************************************************************************
             -*************
    2          * AI8051U Opensourec Library 即（AI8051U 开源库）是一个基于官方 SDK 接口的第三方开源库
    3          * Copyright (c) 2022 SEEKFREE 逐飞科技
    4          *
    5          * 本文件是STC 开源库的一部分
    6          *
    7          * AI8051U 开源库 是免费软件
    8          * 您可以根据自由软件基金会发布的 GPL（GNU General Public License，即 GNU通用公共许可证）的条款
    9          * 即 GPL 的第3版（即 GPL3.0）或（您选择的）任何后来的版本，重新发布和/或修改它
   10          *
   11          * 本开源库的发布是希望它能发挥作用，但并未对其作任何的保证
   12          * 甚至没有隐含的适销性或适合特定用途的保证
   13          * 更多细节请参见 GPL
   14          *
   15          * 您应该在收到本开源库的同时收到一份 GPL 的副本
   16          * 如果没有，请参阅<https://www.gnu.org/licenses/>
   17          *
   18          * 额外注明：
   19          * 本开源库使用 GPL3.0 开源许可证协议 以上许可申明为译文版本
   20          * 许可申明英文版在 libraries/doc 文件夹下的 GPL3_permission_statement.txt 文件中
   21          * 许可证副本在 libraries 文件夹下 即该文件夹下的 LICENSE 文件
   22          * 欢迎各位使用并传播本程序 但修改内容时必须保留逐飞科技的版权声明（即本声明）
   23          *
   24          * 文件名称          
   25          * 公司名称          成都逐飞科技有限公司
   26          * 版本信息          查看 libraries/doc 文件夹内 version 文件 版本说明
   27          * 开发环境          MDK FOR C251
   28          * 适用平台          AI8051U
   29          * 店铺链接          https://seekfree.taobao.com/
   30          *
   31          * 修改记录
   32          * 日期              作者           备注
   33          * 2024-08-01        大W            first version
   34          *********************************************************************************************************
             -***********/
   35          
   36          #include "zf_common_clock.h"
   37          #include "zf_driver_delay.h"
   38          
   39          
   40          static vuint16 pca_delay_1us = 0;
   41          static vuint16 pca_delay_1ms = 0;
   42          //-------------------------------------------------------------------------------------------------------
             -------------
   43          //  @brief      软件延时函数初始化
   44          //  @param      NULL
   45          //  @return     void
   46          //  Sample usage:               无需用户调用，用户请使用h文件中的宏定义
   47          //-------------------------------------------------------------------------------------------------------
             -------------
   48          void system_delay_init(void)
   49          {
   50   1        pca_delay_1ms = ((system_clock) / (1000));
   51   1        pca_delay_1us = ((system_clock) / (1000000));
   52   1        
C251 COMPILER V5.60.0,  zf_driver_delay                                                    08/08/26  11:10:18  PAGE 2   

   53   1        CCAPM0 = 0x48;      //PCA_2作为软件延时
   54   1        CMOD = 0x03<<5 | 0x04 << 1;     //频率=FSOC,引脚为空，禁止PCA中断
   55   1        CCON |= 1 << 6;     //启动计数
   56   1          
   57   1      }
   58          
   59          //-------------------------------------------------------------------------------------------------------
             -------------
   60          //  @brief      延时函数
   61          //  @param      ms              需要延时的时间（ms）
   62          //  @return     void
   63          //  Sample usage:               无需用户调用，用户请使用h文件中的宏定义
   64          //-------------------------------------------------------------------------------------------------------
             -------------
   65          void system_delay_ms(uint16 ms)
   66          {
   67   1        uint16 temp;
   68   1      
   69   1        while(ms--)
   70   1        {
   71   2          temp = (CH<<8 | CL) + pca_delay_1ms;
   72   2        
   73   2          CCAP0L = temp;
   74   2          CCAP0H = (temp >> 8); 
   75   2          
   76   2          while((CCON & 0x01)  == 0);
   77   2          CCON &= ~0x01;
   78   2        }
   79   1      }
   80          
   81          //-------------------------------------------------------------------------------------------------------
             -------------
   82          //  @brief      延时函数
   83          //  @param      us              需要延时的时间（us）
   84          //  @return     void
   85          //  Sample usage:               这是一个不太准的函数
   86          //-------------------------------------------------------------------------------------------------------
             -------------
   87          void system_delay_us(uint16 ms)
   88          {
   89   1        uint16 temp;
   90   1      
   91   1        while(ms--)
   92   1        {
   93   2          temp = (CH<<8 | CL) + pca_delay_1us;
   94   2        
   95   2          CCAP0L = temp;
   96   2          CCAP0H = (temp >> 8); 
   97   2          
   98   2          while((CCON & 0x01)  == 0);
   99   2          CCON &= ~0x01;
  100   2        }
  101   1      }
C251 COMPILER V5.60.0,  zf_driver_delay                                                    08/08/26  11:10:18  PAGE 3   

ASSEMBLY LISTING OF GENERATED OBJECT CODE


;       FUNCTION system_delay_init (BEGIN)
                                                ; SOURCE LINE # 48
                                                ; SOURCE LINE # 50
000000 7E0803E8       MOV      DR0,#03E8H
000004 7E7F0000    E  MOV      DR28,system_clock
000008 7F17           MOV      DR4,DR28
00000A 120000      E  LCALL    ?C?SLDIV
00000D 7A370000    R  MOV      pca_delay_1ms,WR6
                                                ; SOURCE LINE # 51
000011 7E144240       MOV      WR2,#04240H
000015 7E04000F       MOV      WR0,#0FH
000019 7F17           MOV      DR4,DR28
00001B 120000      E  LCALL    ?C?SLDIV
00001E 7A370000    R  MOV      pca_delay_1us,WR6
                                                ; SOURCE LINE # 53
000022 7448           MOV      A,#048H          ; A=R11
000024 7E34FD58       MOV      WR6,#0FD58H
000028 7E24007E       MOV      WR4,#07EH
00002C 7A1BB0         MOV      @DR4,R11         ; A=R11
                                                ; SOURCE LINE # 54
00002F 7468           MOV      A,#068H          ; A=R11
000031 7E34FD67       MOV      WR6,#0FD67H
000035 7A1BB0         MOV      @DR4,R11         ; A=R11
                                                ; SOURCE LINE # 55
000038 7E34FD64       MOV      WR6,#0FD64H
00003C 7E1BB0         MOV      R11,@DR4         ; A=R11
00003F 4440           ORL      A,#040H          ; A=R11
000041 7A1BB0         MOV      @DR4,R11         ; A=R11
                                                ; SOURCE LINE # 57
000044 22             RET      
;       FUNCTION system_delay_init (END)

;       FUNCTION system_delay_ms (BEGIN)
                                                ; SOURCE LINE # 65
000000 7D43           MOV      WR8,WR6
;---- Variable 'ms' assigned to Register 'WR8' ----
                                                ; SOURCE LINE # 66
                                                ; SOURCE LINE # 69
000002 8042           SJMP     ?C0001
               ?C0003:
                                                ; SOURCE LINE # 71
000004 7E34FD66       MOV      WR6,#0FD66H
000008 7E24007E       MOV      WR4,#07EH
00000C 7E1B70         MOV      R7,@DR4
00000F 7C47           MOV      R4,R7
000011 7E14FD65       MOV      WR2,#0FD65H
000015 7E04007E       MOV      WR0,#07EH
000019 7E0B70         MOV      R7,@DR0
00001C 7C64           MOV      R6,R4
00001E 2E370000    R  ADD      WR6,pca_delay_1ms
;---- Variable 'temp' assigned to Register 'WR6' ----
                                                ; SOURCE LINE # 73
000022 7E14FD59       MOV      WR2,#0FD59H
000026 7A0B70         MOV      @DR0,R7
                                                ; SOURCE LINE # 74
000029 7E14FD5A       MOV      WR2,#0FD5AH
00002D 7A0B60         MOV      @DR0,R6
                                                ; SOURCE LINE # 76
               ?C0005:
000030 7E14FD64       MOV      WR2,#0FD64H
000034 7E04007E       MOV      WR0,#07EH
000038 7E0BB0         MOV      R11,@DR0         ; A=R11
00003B 30E0F2         JNB      ACC.0,?C0005
C251 COMPILER V5.60.0,  zf_driver_delay                                                    08/08/26  11:10:18  PAGE 4   

                                                ; SOURCE LINE # 77
00003E 7E0BB0         MOV      R11,@DR0         ; A=R11
000041 54FE           ANL      A,#0FEH          ; A=R11
000043 7A0BB0         MOV      @DR0,R11         ; A=R11
                                                ; SOURCE LINE # 78
               ?C0001:
000046 7D24           MOV      WR4,WR8
000048 1B44           DEC      WR8,#01H
00004A 4D22           ORL      WR4,WR4
00004C 78B6           JNE      ?C0003
                                                ; SOURCE LINE # 79
00004E 22             RET      
;       FUNCTION system_delay_ms (END)

;       FUNCTION system_delay_us (BEGIN)
                                                ; SOURCE LINE # 87
000000 7D43           MOV      WR8,WR6
;---- Variable 'ms' assigned to Register 'WR8' ----
                                                ; SOURCE LINE # 88
                                                ; SOURCE LINE # 91
000002 8042           SJMP     ?C0009
               ?C0011:
                                                ; SOURCE LINE # 93
000004 7E34FD66       MOV      WR6,#0FD66H
000008 7E24007E       MOV      WR4,#07EH
00000C 7E1B70         MOV      R7,@DR4
00000F 7C47           MOV      R4,R7
000011 7E14FD65       MOV      WR2,#0FD65H
000015 7E04007E       MOV      WR0,#07EH
000019 7E0B70         MOV      R7,@DR0
00001C 7C64           MOV      R6,R4
00001E 2E370000    R  ADD      WR6,pca_delay_1us
;---- Variable 'temp' assigned to Register 'WR6' ----
                                                ; SOURCE LINE # 95
000022 7E14FD59       MOV      WR2,#0FD59H
000026 7A0B70         MOV      @DR0,R7
                                                ; SOURCE LINE # 96
000029 7E14FD5A       MOV      WR2,#0FD5AH
00002D 7A0B60         MOV      @DR0,R6
                                                ; SOURCE LINE # 98
               ?C0013:
000030 7E14FD64       MOV      WR2,#0FD64H
000034 7E04007E       MOV      WR0,#07EH
000038 7E0BB0         MOV      R11,@DR0         ; A=R11
00003B 30E0F2         JNB      ACC.0,?C0013
                                                ; SOURCE LINE # 99
00003E 7E0BB0         MOV      R11,@DR0         ; A=R11
000041 54FE           ANL      A,#0FEH          ; A=R11
000043 7A0BB0         MOV      @DR0,R11         ; A=R11
                                                ; SOURCE LINE # 100
               ?C0009:
000046 7D24           MOV      WR4,WR8
000048 1B44           DEC      WR8,#01H
00004A 4D22           ORL      WR4,WR4
00004C 78B6           JNE      ?C0011
                                                ; SOURCE LINE # 101
00004E 22             RET      
;       FUNCTION system_delay_us (END)



Module Information          Static   Overlayable
------------------------------------------------
  code size            =       227     ------
  ecode size           =    ------     ------
  data size            =    ------     ------
  idata size           =    ------     ------
C251 COMPILER V5.60.0,  zf_driver_delay                                                    08/08/26  11:10:18  PAGE 5   

  pdata size           =    ------     ------
  xdata size           =    ------     ------
  xdata-const size     =    ------     ------
  edata size           =         4     ------
  bit size             =    ------     ------
  ebit size            =    ------     ------
  bitaddressable size  =    ------     ------
  ebitaddressable size =    ------     ------
  far data size        =    ------     ------
  huge data size       =    ------     ------
  const size           =    ------     ------
  hconst size          =        12     ------
End of Module Information.


C251 COMPILATION COMPLETE.  0 WARNING(S),  0 ERROR(S)
