C251 COMPILER V5.60.0,  zf_driver_uart                                                     08/08/26  11:10:18  PAGE 1   


C251 COMPILER V5.60.0, COMPILATION OF MODULE zf_driver_uart
OBJECT MODULE PLACED IN .\out_file\zf_driver_uart.obj
COMPILER INVOKED BY: D:\keil5-C251-5.60\C251\BIN\C251.EXE ..\..\libraries\zf_driver\zf_driver_uart.c XSMALL INTR2 NOALIA
                    -S WARNINGLEVEL(3) BROWSE INCDIR(..\..\libraries\zf_common;..\..\libraries\zf_components;..\..\libraries\zf_device;..\..\
                    -libraries\zf_driver;..\user;..\code;..\..\bldc) DEBUG CODE PRINT(.\out_file\zf_driver_uart.lst) TABS(2) OBJECT(.\out_fil
                    -e\zf_driver_uart.obj) 

stmt  level    source

    1          /********************************************************************************************************
             -*************
    2          * AI8051U Opensourec Library 即（AI8051U 开源库）是一个基于官方 SDK 接口的第三方开源库
    3          * Copyright (c) 2022 SEEKFREE 逐飞科技
    4          *
    5          * 本文件是STC 开源库的一部分
    6          *
    7          * AI8051U 开源库 是免费软件
    8          * 您可以根据自由软件基金会发布的 GPL（GNU General Public License，即 GNU通用公共许可证）的条款
    9          * 即 GPL 的第3版（即 GPL3.0）或（您选择的）任何后来的版本，重新发布和/或修改它
   10          *
   11          * 本开源库的发布是希望它能发挥作用，但并未对其作任何的保证
   12          * 甚至没有隐含的适销性或适合特定用途的保证
   13          * 更多细节请参见 GPL
   14          *
   15          * 您应该在收到本开源库的同时收到一份 GPL 的副本
   16          * 如果没有，请参阅<https://www.gnu.org/licenses/>
   17          *
   18          * 额外注明：
   19          * 本开源库使用 GPL3.0 开源许可证协议 以上许可申明为译文版本
   20          * 许可申明英文版在 libraries/doc 文件夹下的 GPL3_permission_statement.txt 文件中
   21          * 许可证副本在 libraries 文件夹下 即该文件夹下的 LICENSE 文件
   22          * 欢迎各位使用并传播本程序 但修改内容时必须保留逐飞科技的版权声明（即本声明）
   23          *
   24          * 文件名称          
   25          * 公司名称          成都逐飞科技有限公司
   26          * 版本信息          查看 libraries/doc 文件夹内 version 文件 版本说明
   27          * 开发环境          MDK FOR C251
   28          * 适用平台          AI8051U
   29          * 店铺链接          https://seekfree.taobao.com/
   30          *
   31          * 修改记录
   32          * 日期              作者           备注
   33          * 2024-08-01        大W            first version
   34          *********************************************************************************************************
             -***********/
   35          
   36          #include "stdlib.h"
   37          #include "zf_common_clock.h"
   38          #include "zf_common_debug.h"
   39          
   40          #include "zf_driver_uart.h"
   41          #include "zf_driver_timer.h"
   42          #include "zf_driver_gpio.h"
   43          
   44          uint8 xdata uart_rx_buff[UART_RESERVE][1] = {0};
   45          
   46          #define DMA_URXT_CFG(uart_n)    (*(unsigned char volatile far *)(0x7efa30 + uart_n*0x10))
   47          #define DMA_URXT_CR(uart_n)       (*(unsigned char volatile far *)(0x7efa31 + uart_n*0x10))
   48          #define DMA_URXT_STA(uart_n)      (*(unsigned char volatile far *)(0x7efa32 + uart_n*0x10))
   49          #define DMA_URXT_AMT(uart_n)      (*(unsigned char volatile far *)(0x7efa33 + uart_n*0x10))
   50          #define DMA_URXT_DONE(uart_n)     (*(unsigned char volatile far *)(0x7efa34 + uart_n*0x10))
   51          #define DMA_URXT_TXAH(uart_n)     (*(unsigned char volatile far *)(0x7efa35 + uart_n*0x10))
   52          #define DMA_URXT_TXAL(uart_n)     (*(unsigned char volatile far *)(0x7efa36 + uart_n*0x10))
   53          #define DMA_URXR_CFG(uart_n)      (*(unsigned char volatile far *)(0x7efa38 + uart_n*0x10))
   54          #define DMA_URXR_CR(uart_n)       (*(unsigned char volatile far *)(0x7efa39 + uart_n*0x10))
C251 COMPILER V5.60.0,  zf_driver_uart                                                     08/08/26  11:10:18  PAGE 2   

   55          #define DMA_URXR_STA(uart_n)      (*(unsigned char volatile far *)(0x7efa3a + uart_n*0x10))
   56          #define DMA_URXR_AMT(uart_n)      (*(unsigned char volatile far *)(0x7efa3b + uart_n*0x10))
   57          #define DMA_URXR_DONE(uart_n)     (*(unsigned char volatile far *)(0x7efa3c + uart_n*0x10))
   58          #define DMA_URXR_RXAH(uart_n)     (*(unsigned char volatile far *)(0x7efa3d + uart_n*0x10))
   59          #define DMA_URXR_RXAL(uart_n)     (*(unsigned char volatile far *)(0x7efa3e + uart_n*0x10))
   60          
   61          #define DMA_URXT_AMTH(uart_n)     (*(unsigned char volatile far *)(0x7efa88 + uart_n*0x04))
   62          #define DMA_URXT_DONEH(uart_n)    (*(unsigned char volatile far *)(0x7efa89 + uart_n*0x04))
   63          #define DMA_URXR_AMTH(uart_n)     (*(unsigned char volatile far *)(0x7efa8a + uart_n*0x04))
   64          #define DMA_URXR_DONEH(uart_n)    (*(unsigned char volatile far *)(0x7efa8b + uart_n*0x04))
   65          
   66          
   67          // 该数组禁止修改，内部使用,用户无需关心
   68          static uart_function_enum uart_function_state[4] =
   69          {
   70              UART_FUNCTION_INIT,
   71              UART_FUNCTION_INIT,
   72              UART_FUNCTION_INIT,
   73              UART_FUNCTION_INIT,
   74          };
   75          
   76          //-------------------------------------------------------------------------------------------------------
             -------------
   77          // 函数简介     UART 外设确认功能状态 库内部调用
   78          // 参数说明     index           UART 外设模块号
   79          // 参数说明     mode            需要确的功能模块
   80          // 返回参数     uint8           1-可以使用 0-不可以使用
   81          // 使用示例     zf_assert(uart_funciton_check(UART_2, UART_FUNCTION_UART));
   82          //-------------------------------------------------------------------------------------------------------
             -------------
   83          uint8 uart_funciton_check (uart_index_enum index, uart_function_enum mode)
   84          {
   85   1          uint8 return_state = 1;
   86   1          if(UART_FUNCTION_INIT == uart_function_state[index])
   87   1          {
   88   2              uart_function_state[index] = mode;
   89   2          }
   90   1          else if(uart_function_state[index] == mode)
   91   1          {
   92   2              return_state = 1;
   93   2          }
   94   1          else
   95   1          {
   96   2              return_state = 0;
   97   2          }
   98   1          return return_state;
   99   1      }
  100          //-------------------------------------------------------------------------------------------------------
             -------------
  101          // 函数简介     串口发送数组
  102          // 参数说明     uart_n       串口通道
  103          // 参数说明     buff        要发送的数组地址
  104          // 参数说明     len         数据长度
  105          // 返回参数     void
  106          // 使用示例     uart_write_buffer(UART_1, buff, 10);     //串口1发送10个buff数组。
  107          //-------------------------------------------------------------------------------------------------------
             -------------
  108          void uart_write_buffer(uart_index_enum uart_n, const uint8 *buff, uint16 len)
  109          {
  110   1          #define BUFF_LEN 64
  111   1        
  112   1        // 因UART_DMA只能操作xdata区域的数据，所以，这里新建一个数组，搬移。
  113   1        uint8 xdata tmp_buff[BUFF_LEN] = {0};
  114   1          uint16 tmp_len;
  115   1        while(len)
  116   1        {
C251 COMPILER V5.60.0,  zf_driver_uart                                                     08/08/26  11:10:18  PAGE 3   

  117   2              tmp_len = (len > BUFF_LEN) ? BUFF_LEN : len;        // 计算长度
  118   2              memcpy(tmp_buff, buff, tmp_len);                    // 拷贝
  119   2              len -= tmp_len;                                     // 去掉已经发送的长度
  120   2              buff += tmp_len;                                    // 指针指向后面
  121   2              
  122   2              //  DMA_URXT_CFG(uart_n)  = 0x00;                 // DMA优先级低
  123   2              DMA_URXT_STA(uart_n) = 0;                   // 清空标志位
  124   2      
  125   2              DMA_URXT_AMT(uart_n)  = (tmp_len - 1) & 0xff;   // 设置传输总字节数(低8位)：n+1
  126   2              DMA_URXT_AMTH(uart_n) = (tmp_len - 1) >> 8;       // 设置传输总字节数(高8位)：n+1
  127   2              DMA_URXT_TXAH(uart_n) = (uint8)((uint16)tmp_buff >> 8);
  128   2              DMA_URXT_TXAL(uart_n) = (uint8)((uint16)tmp_buff);
  129   2              DMA_URXT_CR(uart_n) = 0xC0;                   // 使能DMA TX功能
  130   2      
  131   2              while(!(DMA_URXT_STA(uart_n) & 0x01));              // 等待发送完成
  132   2      
  133   2              DMA_URXT_CR(uart_n) = 0x00;                   // 关闭DMA TX
  134   2        }
  135   1      }
  136          //-------------------------------------------------------------------------------------------------------
             -------------
  137          // 函数简介     串口发送字符串
  138          // 参数说明     uart_n       串口通道
  139          // 参数说明     str         字符串首地址
  140          // 返回参数     void
  141          // 使用示例     uart_putstr(UART_1, (uint8 *)"12345")   //串口1发送12345这个字符串
  142          //-------------------------------------------------------------------------------------------------------
             -------------
  143          void uart_write_string(uart_index_enum uart_n, const char *str)
  144          {
  145   1          uint16 len = strlen(str);
  146   1          uart_write_buffer(uart_n, str, len);
  147   1      }
  148          
  149          //-------------------------------------------------------------------------------------------------------
             -------------
  150          // 函数简介     串口发送一个字节
  151          // 参数说明     uart_n       串口通道
  152          // 参数说明     dat         串口数据
  153          // 返回参数     void
  154          // 使用示例     uart_write_byte(UART_1, 0x43);        //串口1发送0x43。
  155          //-------------------------------------------------------------------------------------------------------
             -------------
  156          void uart_write_byte(uart_index_enum uart_n, const uint8 dat)
  157          {
  158   1          uart_write_buffer(uart_n, &dat, 1);
  159   1      }
  160          
  161          //-------------------------------------------------------------------------------------------------------
             -------------
  162          // 函数简介     串口开始接收数据
  163          // 参数说明     uart_n       串口通道
  164          // 返回参数     void
  165          // 使用示例     uart_rx_start_buff(UART_1);
  166          //-------------------------------------------------------------------------------------------------------
             -------------
  167          void uart_rx_start_buff(uart_index_enum uart_n)
  168          {
  169   1          DMA_URXR_AMT(uart_n) = (1 - 1);                   // 设置接收的字节数
  170   1          DMA_URXR_AMTH(uart_n) = (1 - 1) >> 8;               // 设置接收的字节数
  171   1          DMA_URXR_RXAL(uart_n) = (uint8)((uint16)uart_rx_buff[uart_n]);    // 设置接收缓冲地址
  172   1          DMA_URXR_RXAH(uart_n) = (uint8)((uint16)uart_rx_buff[uart_n] >> 8); // 设置接收缓冲地址
  173   1          DMA_URXR_CR(uart_n) = 0xA1;                     // 开启DMA RX接收中断，开启DMA RX接收，清空FIFO
  174   1      }
  175          
  176          //-------------------------------------------------------------------------------------------------------
C251 COMPILER V5.60.0,  zf_driver_uart                                                     08/08/26  11:10:18  PAGE 4   

             -------------
  177          // 函数简介     打开串口接收中断
  178          // 参数说明     uart_n       串口通道
  179          // 参数说明     status      使能或者失能
  180          // 返回参数     void
  181          // 使用示例     uart_rx_irq(UART_1, ENABLE);        //打开串口1接收中断
  182          //-------------------------------------------------------------------------------------------------------
             -------------
  183          void uart_rx_interrupt (uart_index_enum uart_n, uint8 status)
  184          {
  185   1        if(status)
  186   1        {
  187   2          DMA_URXR_CFG(uart_n) |= 0x80;
  188   2        }
  189   1        else
  190   1        {
  191   2          DMA_URXR_CFG(uart_n) &= ~0x80;
  192   2        } 
  193   1      }
  194          
  195          //-------------------------------------------------------------------------------------------------------
             -------------
  196          // 函数简介     读取串口接收的数据（whlie等待）
  197          // 参数说明     uart_n           串口模块号(UART_1 - UART_4)
  198          // 参数说明     *dat            接收数据的地址
  199          // 返回参数     void
  200          // 使用示例     dat = uart_read_byte(USART_1);       // 接收串口1数据  存在在dat变量里
  201          //-------------------------------------------------------------------------------------------------------
             -------------
  202          uint8 uart_read_byte(uart_index_enum uart_n)
  203          {
  204   1        uint8 dat;
  205   1        
  206   1        // 等待串口有数据
  207   1        while(!(DMA_URXR_STA(uart_n)&0x03));
  208   1      
  209   1        // 读取数据
  210   1        dat = uart_rx_buff[uart_n][0];
  211   1          
  212   1        // 清空标志位
  213   1        DMA_URXR_STA(uart_n) = 0x00;
  214   1        
  215   1        // 开始下一次接收
  216   1        uart_rx_start_buff(uart_n);
  217   1        return dat;
  218   1      }
  219          
  220          //-------------------------------------------------------------------------------------------------------
             -------------
  221          // 函数简介     读取串口接收的数据（查询接收）
  222          // 参数说明     uart_n           串口模块号(UART_1 - UART_8)
  223          // 参数说明     *dat            接收数据的地址
  224          // 返回参数     uint8           1：接收成功   0：未接收到数据
  225          // 使用示例     uint8 dat; uart_query_byte(USART_1,&dat);       // 接收串口1数据  存在在dat变量里
  226          //-------------------------------------------------------------------------------------------------------
             -------------
  227          uint8 uart_query_byte(uart_index_enum uart_n, uint8 *dat)
  228          {
  229   1        uint8 ret = 0; 
  230   1      
  231   1        // 读取数据
  232   1        *dat = uart_rx_buff[uart_n][0];
  233   1        
  234   1        if(DMA_URXR_STA(uart_n) & 0x03)
  235   1        {
  236   2          ret = 1;
C251 COMPILER V5.60.0,  zf_driver_uart                                                     08/08/26  11:10:18  PAGE 5   

  237   2          
  238   2          DMA_URXR_STA(uart_n) &= ~0x03;
  239   2        }
  240   1        else
  241   1        {
  242   2          ret = 0;
  243   2        }
  244   1        
  245   1        // 开始下一次接收
  246   1        uart_rx_start_buff(uart_n);
  247   1      
  248   1        return ret;
  249   1      }
  250          
  251          //-------------------------------------------------------------------------------------------------------
             -------------
  252          // 函数简介     串口DMA初始化
  253          // 参数说明     uart_n       串口通道
  254          // 返回参数     void
  255          // 使用示例     uart_dma_init(UART_1);
  256          //-------------------------------------------------------------------------------------------------------
             -------------
  257          void uart_dma_init(uart_index_enum uart_n)
  258          {
  259   1        DMA_URXT_CFG(uart_n)  = 0x00; // DMA TX数据访问优先级最低，关闭DMA发送中断，
  260   1        DMA_URXT_STA(uart_n)  = 0x00; // 清除DMA TX状态
  261   1        DMA_URXT_CR(uart_n)   = 0x00; // 关闭DMA TX
  262   1          
  263   1        DMA_URXR_CFG(uart_n)  = 0x00; // 关闭DMA接收中断
  264   1        DMA_URXR_STA(uart_n)  = 0x00; // 清除DMA RX状态
  265   1        DMA_URXR_CR(uart_n)   = 0x00; // 关闭DMA RX
  266   1      
  267   1        DMA_URXR_AMT(uart_n)  = (1 - 1);                  // 设置接收的字节数
  268   1        DMA_URXR_AMTH(uart_n) = (1 - 1)>>8;                 // 设置接收的字节数
  269   1        DMA_URXR_RXAL(uart_n) = (uint8)((uint16)uart_rx_buff[uart_n]);    // 设置接收缓冲地址
  270   1        DMA_URXR_RXAH(uart_n) = (uint8)((uint16)uart_rx_buff[uart_n] >> 8); // 设置接收缓冲地址
  271   1        DMA_URXR_CFG(uart_n)  = 0x0F;                   // 中断优先级最高，DMA优先级最高
  272   1        DMA_URXR_CR(uart_n)   = 0xA1;                   // 开启DMA RX，清空FIFO
  273   1       
  274   1      }
  275          
  276          //-------------------------------------------------------------------------------------------------------
             -------------
  277          // 函数简介     串口初始化
  278          // 参数说明     uart_n       串口通道
  279          // 参数说明     baud        波特率
  280          // 参数说明     tx_pin      串口发送引脚号
  281          // 参数说明     rx_pin      串口接收引脚号
  282          // 返回参数     void
  283          // 使用示例     uart_init(UART_2, 115200, UART2_TX_P11, UART2_RX_P10); //串口2初始化引脚号,TX为P11,RX为P1
             -0
  284          // 备注信息     所有的串口，都只能使用定时器2 做波特率发生器，所有的串口只能是同一个波特率。
  285          //-------------------------------------------------------------------------------------------------------
             -------------
  286          void uart_init(uart_index_enum uart_n, uint32 baud, uart_pin_enum tx_pin, uart_pin_enum rx_pin)
  287          {
  288   1          uint16 brt;
  289   1          
  290   1        // 如果程序在输出了断言信息 并且提示出错位置在这里
  291   1          // 就去查看你在什么地方调用这个函数 检查你的传入参数
  292   1          // 这里是检查是否有重复使用UART1 和 UART2功能
  293   1          // 比如初始化了 UART1 然后又初始化成 SPI1 这种用法是不允许的
  294   1        // UART1和SPI1使用同一个寄存器，要么用UART1要么使用SPI1,只能是二选一。
  295   1        // UART2和SPI2使用同一个寄存器，要么用UART2要么使用SPI2,只能是二选一。
  296   1          zf_assert(uart_funciton_check(uart_n, UART_FUNCTION_UART));
  297   1        
C251 COMPILER V5.60.0,  zf_driver_uart                                                     08/08/26  11:10:18  PAGE 6   

  298   1            
  299   1        // 如果程序在输出了断言信息 并且提示出错位置在这里
  300   1          // 就去查看你在什么地方调用这个函数 检查你的传入参数
  301   1          // 这里是检查是否有重复使用定时器
  302   1        // TIM2已经给串口用作波特率发生器了。不能再初始化为其他的。
  303   1        zf_assert(timer_funciton_check(TIM_2, TIMER_FUNCTION_UART));
  304   1        
  305   1        
  306   1        // 串口的RX和TX必须是一组切换，如果在这里进行报错，
  307   1        // 则说明你选到不是同一组的引脚了
  308   1        zf_assert(((tx_pin >> 8) & 0x0f) == ((rx_pin >> 8) & 0x0f));
  309   1        
  310   1        // 初始化GPIO
  311   1        gpio_init(tx_pin&0xFF, GPO, 1, GPO_PUSH_PULL);
  312   1        gpio_init(rx_pin&0xFF, GPI, 1, GPI_FLOATING_IN);
  313   1        
  314   1          brt = (uint16)(65536 - (system_clock / (baud + 2) / 4));
  315   1          
  316   1          switch(uart_n)
  317   1          {
  318   2              case UART_1:
  319   2              {
  320   3                  //            if(TIM_1 == tim_n)
  321   3                  //            {
  322   3                  //                SCON |= 0x50;
  323   3                  //                TMOD |= 0x00;
  324   3                  //                TL1 = brt;
  325   3                  //                TH1 = brt >> 8;
  326   3                  //                AUXR |= 0x40;
  327   3                  //                TR1 = 0;  //关闭发送中断
  328   3                  //
  329   3                  //            }
  330   3                  //            else if(TIM_2 == tim_n)
  331   3                  {
  332   4                      SCON |= 0x50;
  333   4                      T2L = brt;
  334   4                      T2H = brt >> 8;
  335   4                      AUXR |= 0x15;
  336   4                      TR1 = 0;  //关闭发送中断
  337   4                  }
  338   3                  
  339   3                  P_SW1 &= ~(0x03 << 6);
  340   3                  
  341   3                  if((UART1_RX_P30 == rx_pin) && (UART1_TX_P31 == tx_pin))
  342   3                  {
  343   4                      P_SW1 |= 0x00;
  344   4                  }
  345   3                  else if((UART1_RX_P36 == rx_pin) && (UART1_TX_P37 == tx_pin))
  346   3                  {
  347   4                      P_SW1 |= 0x40;
  348   4                  }
  349   3                  else if((UART1_RX_P16 == rx_pin) && (UART1_TX_P17 == tx_pin))
  350   3                  {
  351   4                      P_SW1 |= 0x80;
  352   4                  }
  353   3                  else if((UART1_RX_P43 == rx_pin) && (UART1_TX_P44 == tx_pin))
  354   3                  {
  355   4                      P_SW1 |= 0xc0;
  356   4                  }
  357   3                  
  358   3                  //            ES = 1; //允许串行口1中断
  359   3                  break;
  360   3              }
  361   2              
  362   2              case UART_2:
  363   2              {
C251 COMPILER V5.60.0,  zf_driver_uart                                                     08/08/26  11:10:18  PAGE 7   

  364   3                  //            if(TIM_2 == tim_n)
  365   3                  {
  366   4                      S2CON |= 0x50;
  367   4                      T2L = brt;
  368   4                      T2H = brt >> 8;
  369   4                      AUXR |= 0x14;
  370   4                  }
  371   3                  
  372   3                  P_SW2 &= ~(0x01 << 0);
  373   3                  
  374   3                  if((UART2_RX_P12 == rx_pin) && (UART2_TX_P13 == tx_pin))
  375   3                  {
  376   4                      P_SW2 |= 0x00;
  377   4                  }
  378   3                  else if((UART2_RX_P42 == rx_pin) && (UART2_TX_P43 == tx_pin))
  379   3                  {
  380   4                      P_SW2 |= 0x01;
  381   4                  }
  382   3                  
  383   3                  //            IE2 |= 0x01 << 0; //允许串行口2中断
  384   3                  
  385   3                  break;
  386   3              }
  387   2              
  388   2              case UART_3:
  389   2              {
  390   3                  //            if(TIM_2 == tim_n)
  391   3                  {
  392   4                      S3CON |= 0x10;
  393   4                      T2L = brt;
  394   4                      T2H = brt >> 8;
  395   4                      AUXR |= 0x14;
  396   4                  }
  397   3                  //            else if(TIM_3 == tim_n)
  398   3                  //            {
  399   3                  //                S3CON |= 0x50;
  400   3                  //                T3L = brt;
  401   3                  //                T3H = brt >> 8;
  402   3                  //                T4T3M |= 0x0a;
  403   3                  //            }
  404   3                  
  405   3                  P_SW2 &= ~(0x01 << 1);
  406   3                  
  407   3                  if((UART3_RX_P00 == rx_pin) && (UART3_TX_P01 == tx_pin))
  408   3                  {
  409   4                      P_SW2 |= 0x00;
  410   4                  }
  411   3                  else if((UART3_RX_P50 == rx_pin) && (UART3_TX_P51 == tx_pin))
  412   3                  {
  413   4                      P_SW2 |= 0x02;
  414   4                  }
  415   3                  
  416   3                  //            IE2 |= 0x01 << 3; //允许串行口3中断
  417   3                  
  418   3                  break;
  419   3              }
  420   2              
  421   2              case UART_4:
  422   2              {
  423   3                  //            if(TIM_2 == tim_n)
  424   3                  {
  425   4                      S4CON |= 0x10;
  426   4                      T2L = brt;
  427   4                      T2H = brt >> 8;
  428   4                      AUXR |= 0x14;
  429   4                  }
C251 COMPILER V5.60.0,  zf_driver_uart                                                     08/08/26  11:10:18  PAGE 8   

  430   3                  //            else if(TIM_4 == tim_n)
  431   3                  //            {
  432   3                  //                S4CON |= 0x50;
  433   3                  //                T4L = brt;
  434   3                  //                T4H = brt >> 8;
  435   3                  //                T4T3M |= 0xa0;
  436   3                  //            }
  437   3                  
  438   3                  P_SW2 &= ~(0x01 << 2);
  439   3                  
  440   3                  if((UART4_RX_P02 == rx_pin) && (UART4_TX_P03 == tx_pin))
  441   3                  {
  442   4                      P_SW2 |= 0x00;
  443   4                  }
  444   3                  else if((UART4_RX_P52 == rx_pin) && (UART4_TX_P53 == tx_pin))
  445   3                  {
  446   4      //                P5M0 = 0x00;
  447   4      //                P5M1 = 0x01 << 2; //P5.2 需要设置为高阻
  448   4                      P_SW2 |= 0x04;
  449   4                  }
  450   3                  
  451   3                  //            IE2 |= 0x01 << 4; //允许串行口4中断
  452   3                  
  453   3                  break;
  454   3              }
  455   2              
  456   2          }
  457   1          
  458   1        // uart dma 初始化
  459   1      //    uart_dma_init(uart_n);
  460   1          
  461   1      }
C251 COMPILER V5.60.0,  zf_driver_uart                                                     08/08/26  11:10:18  PAGE 9   

ASSEMBLY LISTING OF GENERATED OBJECT CODE


;       FUNCTION uart_funciton_check (BEGIN)
                                                ; SOURCE LINE # 83
000000 7D12           MOV      WR2,WR4
;---- Variable 'mode' assigned to Register 'WR2' ----
;---- Variable 'index' assigned to Register 'WR6' ----
                                                ; SOURCE LINE # 84
                                                ; SOURCE LINE # 85
000002 7401           MOV      A,#01H           ; A=R11
;---- Variable 'return_state' assigned to Register 'R11' ----
                                                ; SOURCE LINE # 86
000004 3E34           SLL      WR6
000006 49030000    R  MOV      WR0,@WR6+uart_function_state
00000A 4D00           ORL      WR0,WR0
00000C 7805           JNE      ?C0001
                                                ; SOURCE LINE # 88
00000E 59130000    R  MOV      @WR6+uart_function_state,WR2
                                                ; SOURCE LINE # 89
000012 22             RET      
               ?C0001:
                                                ; SOURCE LINE # 90
000013 BD01           CMP      WR0,WR2
000015 7803           JNE      ?C0003
                                                ; SOURCE LINE # 92
000017 7401           MOV      A,#01H           ; A=R11
                                                ; SOURCE LINE # 93
000019 22             RET      
               ?C0003:
                                                ; SOURCE LINE # 96
00001A E4             CLR      A                ; A=R11
                                                ; SOURCE LINE # 97
                                                ; SOURCE LINE # 98
                                                ; SOURCE LINE # 99
00001B 22             RET      
;       FUNCTION uart_funciton_check (END)

;       FUNCTION uart_write_buffer (BEGIN)
                                                ; SOURCE LINE # 108
000000 CA3B           PUSH     DR12
000002 7A270000    R  MOV      len,WR4
000006 7F30           MOV      DR12,DR0
;---- Variable 'buff' assigned to Register 'DR12' ----
000008 7A370000    R  MOV      uart_n,WR6
                                                ; SOURCE LINE # 109
                                                ; SOURCE LINE # 113
00000C 7E340000    R  MOV      WR6,#WORD0 ?tpl?0001
000010 7E240000    R  MOV      WR4,#WORD2 ?tpl?0001
000014 7E140000    R  MOV      WR2,#WORD0 tmp_buff
000018 7E040000    E  MOV      WR0,#?C?XDATASEG
00001C 7440           MOV      A,#040H          ; A=R11
00001E 120000      E  LCALL    ?C?BMOVEPP8
                                                ; SOURCE LINE # 115
000021 020000      R  LJMP     ?C0006
               ?C0008:
                                                ; SOURCE LINE # 117
000024 7E370000    R  MOV      WR6,len
000028 BE340040       CMP      WR6,#040H
00002C 2806           JLE      ?C0010
00002E 7E340040       MOV      WR6,#040H
000032 8004           SJMP     ?C0011
               ?C0010:
000034 7E370000    R  MOV      WR6,len
               ?C0011:
000038 7A370000    R  MOV      tmp_len,WR6
C251 COMPILER V5.60.0,  zf_driver_uart                                                     08/08/26  11:10:18  PAGE 10  

                                                ; SOURCE LINE # 118
00003C CA39           PUSH     WR6
00003E 7F13           MOV      DR4,DR12
000040 7E140000    R  MOV      WR2,#WORD0 tmp_buff
000044 7E040000    R  MOV      WR0,#WORD2 tmp_buff
000048 120000      E  LCALL    memcpy?_
00004B 1BFD           DEC      DR60,#02H
                                                ; SOURCE LINE # 119
00004D 7E370000    R  MOV      WR6,len
000051 9E370000    R  SUB      WR6,tmp_len
000055 7A370000    R  MOV      len,WR6
                                                ; SOURCE LINE # 120
000059 2E770000    R  ADD      WR14,tmp_len
                                                ; SOURCE LINE # 123
00005D 6CAA           XRL      R10,R10
00005F 7E370000    R  MOV      WR6,uart_n
000063 1A26           MOVS     WR4,R6
000065 1A24           MOVS     WR4,R4
000067 7404           MOV      A,#04H           ; A=R11
               ?C0047:
000069 2F11           ADD      DR4,DR4
00006B 14             DEC      A                ; A=R11
00006C 78FB           JNE      ?C0047
00006E 7F01           MOV      DR0,DR4
000070 2E04007E       ADD      WR0,#07EH
000074 2E08FA32       ADD      DR0,#0FA32H
000078 7A0BA0         MOV      @DR0,R10
                                                ; SOURCE LINE # 125
00007B 7E170000    R  MOV      WR2,tmp_len
00007F 1B14           DEC      WR2,#01H
000081 7F21           MOV      DR8,DR4
000083 2E44007E       ADD      WR8,#07EH
000087 2E28FA33       ADD      DR8,#0FA33H
00008B 7A2B30         MOV      @DR8,R3
                                                ; SOURCE LINE # 126
00008E 0A52           MOVZ     WR10,R2
000090 7E170000    R  MOV      WR2,uart_n
000094 1A02           MOVS     WR0,R2
000096 1A00           MOVS     WR0,R0
000098 2F00           ADD      DR0,DR0
00009A 2F00           ADD      DR0,DR0
00009C 2E04007E       ADD      WR0,#07EH
0000A0 2E08FA88       ADD      DR0,#0FA88H
0000A4 7A0BB0         MOV      @DR0,R11         ; A=R11
                                                ; SOURCE LINE # 127
0000A7 7E540000    R  MOV      WR10,#WORD0 tmp_buff
0000AB 7F01           MOV      DR0,DR4
0000AD 2E04007E       ADD      WR0,#07EH
0000B1 2E08FA35       ADD      DR0,#0FA35H
0000B5 7A0BA0         MOV      @DR0,R10
                                                ; SOURCE LINE # 128
0000B8 7F01           MOV      DR0,DR4
0000BA 2E04007E       ADD      WR0,#07EH
0000BE 2E08FA36       ADD      DR0,#0FA36H
0000C2 7A0BB0         MOV      @DR0,R11         ; A=R11
                                                ; SOURCE LINE # 129
0000C5 74C0           MOV      A,#0C0H          ; A=R11
0000C7 2E24007E       ADD      WR4,#07EH
0000CB 2E18FA31       ADD      DR4,#0FA31H
0000CF 7A1BB0         MOV      @DR4,R11         ; A=R11
                                                ; SOURCE LINE # 131
               ?C0012:
0000D2 7E370000    R  MOV      WR6,uart_n
0000D6 1A26           MOVS     WR4,R6
0000D8 1A24           MOVS     WR4,R4
0000DA 7404           MOV      A,#04H           ; A=R11
C251 COMPILER V5.60.0,  zf_driver_uart                                                     08/08/26  11:10:18  PAGE 11  

               ?C0048:
0000DC 2F11           ADD      DR4,DR4
0000DE 14             DEC      A                ; A=R11
0000DF 78FB           JNE      ?C0048
0000E1 7F01           MOV      DR0,DR4
0000E3 2E04007E       ADD      WR0,#07EH
0000E7 2E08FA32       ADD      DR0,#0FA32H
0000EB 7E0BB0         MOV      R11,@DR0         ; A=R11
0000EE 30E0E1         JNB      ACC.0,?C0012
                                                ; SOURCE LINE # 133
0000F1 E4             CLR      A                ; A=R11
0000F2 2E24007E       ADD      WR4,#07EH
0000F6 2E18FA31       ADD      DR4,#0FA31H
0000FA 7A1BB0         MOV      @DR4,R11         ; A=R11
                                                ; SOURCE LINE # 134
               ?C0006:
0000FD 7E370000    R  MOV      WR6,len
000101 4D33           ORL      WR6,WR6
000103 6803        R  JE       $ + 5H
000105 020000      R  LJMP     ?C0008
                                                ; SOURCE LINE # 135
000108 DA3B           POP      DR12
00010A 22             RET      
;       FUNCTION uart_write_buffer (END)

;       FUNCTION uart_write_string (BEGIN)
                                                ; SOURCE LINE # 143
000000 CA3B           PUSH     DR12
000002 7F30           MOV      DR12,DR0
;---- Variable 'str' assigned to Register 'DR12' ----
000004 7A370000    R  MOV      uart_n,WR6
                                                ; SOURCE LINE # 144
                                                ; SOURCE LINE # 145
000008 120000      E  LCALL    strlen?_
00000B 7D23           MOV      WR4,WR6
;---- Variable 'len' assigned to Register 'WR4' ----
                                                ; SOURCE LINE # 146
00000D 7E370000    R  MOV      WR6,uart_n
000011 7F03           MOV      DR0,DR12
000013 120000      R  LCALL    uart_write_buffer
                                                ; SOURCE LINE # 147
000016 DA3B           POP      DR12
000018 22             RET      
;       FUNCTION uart_write_string (END)

;       FUNCTION uart_write_byte (BEGIN)
                                                ; SOURCE LINE # 156
000000 7AB30000    R  MOV      dat,R11          ; A=R11
;---- Variable 'uart_n' assigned to Register 'WR6' ----
                                                ; SOURCE LINE # 158
000004 7E000000    R  MOV      DR0,#WORD0 dat
000008 7E240001       MOV      WR4,#01H
00000C 020000      R  LJMP     uart_write_buffer
;       FUNCTION uart_write_byte (END)

;       FUNCTION uart_rx_start_buff (BEGIN)
                                                ; SOURCE LINE # 167
000000 7D43           MOV      WR8,WR6
;---- Variable 'uart_n' assigned to Register 'WR8' ----
                                                ; SOURCE LINE # 169
000002 6CAA           XRL      R10,R10
000004 7D13           MOV      WR2,WR6
000006 1A02           MOVS     WR0,R2
000008 1A00           MOVS     WR0,R0
00000A 7404           MOV      A,#04H           ; A=R11
00000C 7F10           MOV      DR4,DR0
C251 COMPILER V5.60.0,  zf_driver_uart                                                     08/08/26  11:10:18  PAGE 12  

               ?C0049:
00000E 2F11           ADD      DR4,DR4
000010 14             DEC      A                ; A=R11
000011 78FB           JNE      ?C0049
000013 7F71           MOV      DR28,DR4
000015 2EE4007E       ADD      WR28,#07EH
000019 2E78FA3B       ADD      DR28,#0FA3BH
00001D 7A7BA0         MOV      @DR28,R10
                                                ; SOURCE LINE # 170
000020 E4             CLR      A                ; A=R11
000021 2F00           ADD      DR0,DR0
000023 2F00           ADD      DR0,DR0
000025 2E04007E       ADD      WR0,#07EH
000029 2E08FA8A       ADD      DR0,#0FA8AH
00002D 7A0BB0         MOV      @DR0,R11         ; A=R11
                                                ; SOURCE LINE # 171
000030 7D14           MOV      WR2,WR8
000032 2E140000    R  ADD      WR2,#WORD0 uart_rx_buff
000036 7F21           MOV      DR8,DR4
000038 2E44007E       ADD      WR8,#07EH
00003C 2E28FA3E       ADD      DR8,#0FA3EH
000040 7A2B30         MOV      @DR8,R3
                                                ; SOURCE LINE # 172
000043 0A52           MOVZ     WR10,R2
000045 7F01           MOV      DR0,DR4
000047 2E04007E       ADD      WR0,#07EH
00004B 2E08FA3D       ADD      DR0,#0FA3DH
00004F 7A0BB0         MOV      @DR0,R11         ; A=R11
                                                ; SOURCE LINE # 173
000052 74A1           MOV      A,#0A1H          ; A=R11
000054 2E24007E       ADD      WR4,#07EH
000058 2E18FA39       ADD      DR4,#0FA39H
00005C 7A1BB0         MOV      @DR4,R11         ; A=R11
                                                ; SOURCE LINE # 174
00005F 22             RET      
;       FUNCTION uart_rx_start_buff (END)

;       FUNCTION uart_rx_interrupt (BEGIN)
                                                ; SOURCE LINE # 183
000000 7C5B           MOV      R5,R11           ; A=R11
;---- Variable 'status' assigned to Register 'R5' ----
;---- Variable 'uart_n' assigned to Register 'WR6' ----
                                                ; SOURCE LINE # 185
000002 4C5B           ORL      R5,R11           ; A=R11
000004 681A           JE       ?C0016
                                                ; SOURCE LINE # 187
000006 1A26           MOVS     WR4,R6
000008 1A24           MOVS     WR4,R4
00000A 7404           MOV      A,#04H           ; A=R11
               ?C0050:
00000C 2F11           ADD      DR4,DR4
00000E 14             DEC      A                ; A=R11
00000F 78FB           JNE      ?C0050
000011 2E24007E       ADD      WR4,#07EH
000015 2E18FA38       ADD      DR4,#0FA38H
000019 7E1BB0         MOV      R11,@DR4         ; A=R11
00001C 4480           ORL      A,#080H          ; A=R11
                                                ; SOURCE LINE # 188
00001E 8018           SJMP     ?C0057
               ?C0016:
                                                ; SOURCE LINE # 191
000020 1A26           MOVS     WR4,R6
000022 1A24           MOVS     WR4,R4
000024 7404           MOV      A,#04H           ; A=R11
               ?C0051:
000026 2F11           ADD      DR4,DR4
C251 COMPILER V5.60.0,  zf_driver_uart                                                     08/08/26  11:10:18  PAGE 13  

000028 14             DEC      A                ; A=R11
000029 78FB           JNE      ?C0051
00002B 2E24007E       ADD      WR4,#07EH
00002F 2E18FA38       ADD      DR4,#0FA38H
000033 7E1BB0         MOV      R11,@DR4         ; A=R11
000036 547F           ANL      A,#07FH          ; A=R11
               ?C0057:
000038 7A1BB0         MOV      @DR4,R11         ; A=R11
                                                ; SOURCE LINE # 192
                                                ; SOURCE LINE # 193
00003B 22             RET      
;       FUNCTION uart_rx_interrupt (END)

;       FUNCTION uart_read_byte (BEGIN)
                                                ; SOURCE LINE # 202
000000 CAF8           PUSH     R15
000002 7D43           MOV      WR8,WR6
;---- Variable 'uart_n' assigned to Register 'WR8' ----
                                                ; SOURCE LINE # 203
                                                ; SOURCE LINE # 207
               ?C0018:
000004 7D34           MOV      WR6,WR8
000006 1A28           MOVS     WR4,R8
000008 1A24           MOVS     WR4,R4
00000A 7404           MOV      A,#04H           ; A=R11
               ?C0052:
00000C 2F11           ADD      DR4,DR4
00000E 14             DEC      A                ; A=R11
00000F 78FB           JNE      ?C0052
000011 2E24007E       ADD      WR4,#07EH
000015 2E18FA3A       ADD      DR4,#0FA3AH
000019 7E1BB0         MOV      R11,@DR4         ; A=R11
00001C 5403           ANL      A,#03H           ; A=R11
00001E 68E4           JE       ?C0018
                                                ; SOURCE LINE # 210
000020 7D54           MOV      WR10,WR8
000022 2E540000    R  ADD      WR10,#WORD0 uart_rx_buff
000026 7AB182         MOV      DPL,R11          ; A=R11 WORD0(DR56)=DPTR
000029 7AA183         MOV      DPH,R10          ; WORD0(DR56)=DPTR
00002C 7EEBF0         MOV      R15,@DR56        ; WORD0(DR56)=DPTR
;---- Variable 'dat' assigned to Register 'R15' ----
                                                ; SOURCE LINE # 213
00002F E4             CLR      A                ; A=R11
000030 7A1BB0         MOV      @DR4,R11         ; A=R11
                                                ; SOURCE LINE # 216
000033 7D34           MOV      WR6,WR8
000035 120000      R  LCALL    uart_rx_start_buff
                                                ; SOURCE LINE # 217
000038 7CBF           MOV      R11,R15          ; A=R11
                                                ; SOURCE LINE # 218
00003A DAF8           POP      R15
00003C 22             RET      
;       FUNCTION uart_read_byte (END)

;       FUNCTION uart_query_byte (BEGIN)
                                                ; SOURCE LINE # 227
000000 CAF8           PUSH     R15
000002 7F70           MOV      DR28,DR0
;---- Variable 'dat' assigned to Register 'DR28' ----
000004 7D13           MOV      WR2,WR6
;---- Variable 'uart_n' assigned to Register 'WR2' ----
                                                ; SOURCE LINE # 228
                                                ; SOURCE LINE # 229
;---- Variable 'ret' assigned to Register 'R15' ----
                                                ; SOURCE LINE # 232
000006 7D03           MOV      WR0,WR6
C251 COMPILER V5.60.0,  zf_driver_uart                                                     08/08/26  11:10:18  PAGE 14  

000008 2E040000    R  ADD      WR0,#WORD0 uart_rx_buff
00000C 7A1182         MOV      DPL,R1           ; WORD0(DR56)=DPTR
00000F 7A0183         MOV      DPH,R0           ; WORD0(DR56)=DPTR
000012 E0             MOVX     A,@DPTR          ; A=R11
000013 7A7BB0         MOV      @DR28,R11        ; A=R11
                                                ; SOURCE LINE # 234
000016 1A22           MOVS     WR4,R2
000018 1A24           MOVS     WR4,R4
00001A 7404           MOV      A,#04H           ; A=R11
               ?C0053:
00001C 2F11           ADD      DR4,DR4
00001E 14             DEC      A                ; A=R11
00001F 78FB           JNE      ?C0053
000021 2E24007E       ADD      WR4,#07EH
000025 2E18FA3A       ADD      DR4,#0FA3AH
000029 7E1BB0         MOV      R11,@DR4         ; A=R11
00002C 5403           ANL      A,#03H           ; A=R11
00002E 680D           JE       ?C0023
                                                ; SOURCE LINE # 236
000030 7EF001         MOV      R15,#01H
                                                ; SOURCE LINE # 238
000033 7E1BB0         MOV      R11,@DR4         ; A=R11
000036 54FC           ANL      A,#0FCH          ; A=R11
000038 7A1BB0         MOV      @DR4,R11         ; A=R11
                                                ; SOURCE LINE # 239
00003B 8002           SJMP     ?C0024
               ?C0023:
                                                ; SOURCE LINE # 242
00003D 6CFF           XRL      R15,R15
                                                ; SOURCE LINE # 243
               ?C0024:
                                                ; SOURCE LINE # 246
00003F 7D31           MOV      WR6,WR2
000041 120000      R  LCALL    uart_rx_start_buff
                                                ; SOURCE LINE # 248
000044 7CBF           MOV      R11,R15          ; A=R11
                                                ; SOURCE LINE # 249
000046 DAF8           POP      R15
000048 22             RET      
;       FUNCTION uart_query_byte (END)

;       FUNCTION uart_dma_init (BEGIN)
                                                ; SOURCE LINE # 257
000000 CA3B           PUSH     DR12
000002 7D43           MOV      WR8,WR6
;---- Variable 'uart_n' assigned to Register 'WR8' ----
                                                ; SOURCE LINE # 259
000004 6CAA           XRL      R10,R10
000006 7DF3           MOV      WR30,WR6
000008 1A36           MOVS     WR6,R6
00000A 1AE6           MOVS     WR28,R6
00000C 7404           MOV      A,#04H           ; A=R11
               ?C0054:
00000E 2F77           ADD      DR28,DR28
000010 14             DEC      A                ; A=R11
000011 78FB           JNE      ?C0054
000013 7F17           MOV      DR4,DR28
000015 2E24007E       ADD      WR4,#07EH
000019 2E18FA30       ADD      DR4,#0FA30H
00001D 7A1BA0         MOV      @DR4,R10
                                                ; SOURCE LINE # 260
000020 E4             CLR      A                ; A=R11
000021 7F17           MOV      DR4,DR28
000023 2E24007E       ADD      WR4,#07EH
000027 2E18FA32       ADD      DR4,#0FA32H
00002B 7A1BB0         MOV      @DR4,R11         ; A=R11
C251 COMPILER V5.60.0,  zf_driver_uart                                                     08/08/26  11:10:18  PAGE 15  

                                                ; SOURCE LINE # 261
00002E 7F17           MOV      DR4,DR28
000030 2E24007E       ADD      WR4,#07EH
000034 2E18FA31       ADD      DR4,#0FA31H
000038 7A1BB0         MOV      @DR4,R11         ; A=R11
                                                ; SOURCE LINE # 263
00003B 7F07           MOV      DR0,DR28
00003D 2E04007E       ADD      WR0,#07EH
000041 2E08FA38       ADD      DR0,#0FA38H
000045 7A0BB0         MOV      @DR0,R11         ; A=R11
                                                ; SOURCE LINE # 264
000048 7F17           MOV      DR4,DR28
00004A 2E24007E       ADD      WR4,#07EH
00004E 2E18FA3A       ADD      DR4,#0FA3AH
000052 7A1BB0         MOV      @DR4,R11         ; A=R11
                                                ; SOURCE LINE # 265
000055 7F17           MOV      DR4,DR28
000057 2E24007E       ADD      WR4,#07EH
00005B 2E18FA39       ADD      DR4,#0FA39H
00005F 7A1BB0         MOV      @DR4,R11         ; A=R11
                                                ; SOURCE LINE # 267
000062 7F67           MOV      DR24,DR28
000064 2EC4007E       ADD      WR24,#07EH
000068 2E68FA3B       ADD      DR24,#0FA3BH
00006C 7A6BB0         MOV      @DR24,R11        ; A=R11
                                                ; SOURCE LINE # 268
00006F 7DD4           MOV      WR26,WR8
000071 1A78           MOVS     WR14,R8
000073 1ACE           MOVS     WR24,R14
000075 7F36           MOV      DR12,DR24
000077 2F36           ADD      DR12,DR24
000079 2F33           ADD      DR12,DR12
00007B 7F63           MOV      DR24,DR12
00007D 2EC4007E       ADD      WR24,#07EH
000081 2E68FA8A       ADD      DR24,#0FA8AH
000085 7A6BB0         MOV      @DR24,R11        ; A=R11
                                                ; SOURCE LINE # 269
000088 7D54           MOV      WR10,WR8
00008A 2E540000    R  ADD      WR10,#WORD0 uart_rx_buff
00008E 7F67           MOV      DR24,DR28
000090 2EC4007E       ADD      WR24,#07EH
000094 2E68FA3E       ADD      DR24,#0FA3EH
000098 7A6BB0         MOV      @DR24,R11        ; A=R11
                                                ; SOURCE LINE # 270
00009B 0A7A           MOVZ     WR14,R10
00009D 7F27           MOV      DR8,DR28
00009F 2E44007E       ADD      WR8,#07EH
0000A3 2E28FA3D       ADD      DR8,#0FA3DH
0000A7 7A2BF0         MOV      @DR8,R15
                                                ; SOURCE LINE # 271
0000AA 740F           MOV      A,#0FH           ; A=R11
0000AC 7A0BB0         MOV      @DR0,R11         ; A=R11
                                                ; SOURCE LINE # 272
0000AF 74A1           MOV      A,#0A1H          ; A=R11
0000B1 7A1BB0         MOV      @DR4,R11         ; A=R11
                                                ; SOURCE LINE # 274
0000B4 DA3B           POP      DR12
0000B6 22             RET      
;       FUNCTION uart_dma_init (END)

;       FUNCTION uart_init (BEGIN)
                                                ; SOURCE LINE # 286
000000 CA3B           PUSH     DR12
000002 7D72           MOV      WR14,WR4
;---- Variable 'tx_pin' assigned to Register 'WR14' ----
000004 7A0F0000    R  MOV      baud,DR0
C251 COMPILER V5.60.0,  zf_driver_uart                                                     08/08/26  11:10:18  PAGE 16  

000008 7D63           MOV      WR12,WR6
;---- Variable 'uart_n' assigned to Register 'WR12' ----
                                                ; SOURCE LINE # 287
                                                ; SOURCE LINE # 311
00000A 7D32           MOV      WR6,WR4
00000C 6C66           XRL      R6,R6
00000E 7E240001       MOV      WR4,#01H
000012 7401           MOV      A,#01H           ; A=R11
000014 7E140010       MOV      WR2,#010H
000018 120000      E  LCALL    gpio_init
                                                ; SOURCE LINE # 312
00001B 7E370000    R  MOV      WR6,rx_pin
00001F 6C66           XRL      R6,R6
000021 6D22           XRL      WR4,WR4
000023 7401           MOV      A,#01H           ; A=R11
000025 7E140001       MOV      WR2,#01H
000029 120000      E  LCALL    gpio_init
                                                ; SOURCE LINE # 314
00002C 7E0F0000    R  MOV      DR0,baud
000030 0B0D           INC      DR0,#02H
000032 7E1F0000    E  MOV      DR4,system_clock
000036 120000      E  LCALL    ?C?ULDIV
000039 7402           MOV      A,#02H           ; A=R11
00003B 7F01           MOV      DR0,DR4
               ?C0055:
00003D 1E14           SRL      WR2
00003F 1E04           SRL      WR0
000041 5003           JNC      ?C0056
000043 4E2080         ORL      R2,#080H
               ?C0056:
000046 14             DEC      A                ; A=R11
000047 78F4           JNE      ?C0055
000049 6D33           XRL      WR6,WR6
00004B 7E240001       MOV      WR4,#01H
00004F 9F10           SUB      DR4,DR0
;---- Variable 'brt' assigned to Register 'WR6' ----
                                                ; SOURCE LINE # 316
000051 1B64           DEC      WR12,#01H
000053 7803        R  JNE      $ + 5H
000055 020000      R  LJMP     ?C0028
000058 1B64           DEC      WR12,#01H
00005A 7803        R  JNE      $ + 5H
00005C 020000      R  LJMP     ?C0029
00005F 1B64           DEC      WR12,#01H
000061 7803        R  JNE      $ + 5H
000063 020000      R  LJMP     ?C0030
000066 2E640003       ADD      WR12,#03H
00006A 6803        R  JE       $ + 5H
00006C 020000      R  LJMP     ?C0026
                                                ; SOURCE LINE # 318
               ?C0027:
                                                ; SOURCE LINE # 332
00006F 439850         ORL      SCON,#050H
                                                ; SOURCE LINE # 333
000072 7CB7           MOV      R11,R7           ; A=R11
000074 F5D7           MOV      T2L,A            ; A=R11
                                                ; SOURCE LINE # 334
000076 0A56           MOVZ     WR10,R6
000078 F5D6           MOV      T2H,A            ; A=R11
                                                ; SOURCE LINE # 335
00007A 438E15         ORL      AUXR,#015H
                                                ; SOURCE LINE # 336
00007D C28E           CLR      TR1
                                                ; SOURCE LINE # 339
00007F 53A23F         ANL      P_SW1,#03FH
                                                ; SOURCE LINE # 341
C251 COMPILER V5.60.0,  zf_driver_uart                                                     08/08/26  11:10:18  PAGE 17  

000082 7E270000    R  MOV      WR4,rx_pin
000086 BE240040       CMP      WR4,#040H
00008A 780D           JNE      ?C0031
00008C BE740041       CMP      WR14,#041H
000090 7807           JNE      ?C0031
                                                ; SOURCE LINE # 343
000092 E5A2           MOV      A,P_SW1          ; A=R11
000094 F5A2           MOV      P_SW1,A          ; A=R11
                                                ; SOURCE LINE # 344
000096 020000      R  LJMP     ?C0026
               ?C0031:
                                                ; SOURCE LINE # 345
000099 BE240146       CMP      WR4,#0146H
00009D 780C           JNE      ?C0033
00009F BE740147       CMP      WR14,#0147H
0000A3 7806           JNE      ?C0033
                                                ; SOURCE LINE # 347
0000A5 43A240         ORL      P_SW1,#040H
                                                ; SOURCE LINE # 348
0000A8 020000      R  LJMP     ?C0026
               ?C0033:
                                                ; SOURCE LINE # 349
0000AB BE240226       CMP      WR4,#0226H
0000AF 780C           JNE      ?C0035
0000B1 BE740227       CMP      WR14,#0227H
0000B5 7806           JNE      ?C0035
                                                ; SOURCE LINE # 351
0000B7 43A280         ORL      P_SW1,#080H
                                                ; SOURCE LINE # 352
0000BA 020000      R  LJMP     ?C0026
               ?C0035:
                                                ; SOURCE LINE # 353
0000BD BE240353       CMP      WR4,#0353H
0000C1 6803        R  JE       $ + 5H
0000C3 020000      R  LJMP     ?C0026
0000C6 BE740354       CMP      WR14,#0354H
0000CA 6803        R  JE       $ + 5H
0000CC 020000      R  LJMP     ?C0026
                                                ; SOURCE LINE # 355
0000CF 43A2C0         ORL      P_SW1,#0C0H
                                                ; SOURCE LINE # 356
                                                ; SOURCE LINE # 359
0000D2 020000      R  LJMP     ?C0026
                                                ; SOURCE LINE # 362
               ?C0028:
                                                ; SOURCE LINE # 366
0000D5 439A50         ORL      S2CON,#050H
                                                ; SOURCE LINE # 367
0000D8 7CB7           MOV      R11,R7           ; A=R11
0000DA F5D7           MOV      T2L,A            ; A=R11
                                                ; SOURCE LINE # 368
0000DC 0A56           MOVZ     WR10,R6
0000DE F5D6           MOV      T2H,A            ; A=R11
                                                ; SOURCE LINE # 369
0000E0 438E14         ORL      AUXR,#014H
                                                ; SOURCE LINE # 372
0000E3 53BAFE         ANL      P_SW2,#0FEH
                                                ; SOURCE LINE # 374
0000E6 7E270000    R  MOV      WR4,rx_pin
0000EA BE241022       CMP      WR4,#01022H
0000EE 7808           JNE      ?C0038
0000F0 BE741023       CMP      WR14,#01023H
0000F4 7802           JNE      ?C0038
                                                ; SOURCE LINE # 376
                                                ; SOURCE LINE # 377
0000F6 8066           SJMP     ?C0059
C251 COMPILER V5.60.0,  zf_driver_uart                                                     08/08/26  11:10:18  PAGE 18  

               ?C0038:
                                                ; SOURCE LINE # 378
0000F8 BE241152       CMP      WR4,#01152H
0000FC 7875           JNE      ?C0026
0000FE BE741153       CMP      WR14,#01153H
000102 786F           JNE      ?C0026
                                                ; SOURCE LINE # 380
000104 43BA01         ORL      P_SW2,#01H
                                                ; SOURCE LINE # 381
                                                ; SOURCE LINE # 385
000107 806A           SJMP     ?C0026
                                                ; SOURCE LINE # 388
               ?C0029:
                                                ; SOURCE LINE # 392
000109 43AC10         ORL      S3CON,#010H
                                                ; SOURCE LINE # 393
00010C 7CB7           MOV      R11,R7           ; A=R11
00010E F5D7           MOV      T2L,A            ; A=R11
                                                ; SOURCE LINE # 394
000110 0A56           MOVZ     WR10,R6
000112 F5D6           MOV      T2H,A            ; A=R11
                                                ; SOURCE LINE # 395
000114 438E14         ORL      AUXR,#014H
                                                ; SOURCE LINE # 405
000117 53BAFD         ANL      P_SW2,#0FDH
                                                ; SOURCE LINE # 407
00011A 7E270000    R  MOV      WR4,rx_pin
00011E BE242010       CMP      WR4,#02010H
000122 7808           JNE      ?C0041
000124 BE742011       CMP      WR14,#02011H
000128 7802           JNE      ?C0041
                                                ; SOURCE LINE # 409
               ?C0058:
                                                ; SOURCE LINE # 410
00012A 8032           SJMP     ?C0059
               ?C0041:
                                                ; SOURCE LINE # 411
00012C BE242160       CMP      WR4,#02160H
000130 7841           JNE      ?C0026
000132 BE742161       CMP      WR14,#02161H
000136 783B           JNE      ?C0026
                                                ; SOURCE LINE # 413
000138 43BA02         ORL      P_SW2,#02H
                                                ; SOURCE LINE # 414
                                                ; SOURCE LINE # 418
00013B 8036           SJMP     ?C0026
                                                ; SOURCE LINE # 421
               ?C0030:
                                                ; SOURCE LINE # 425
00013D 43FD10         ORL      S4CON,#010H
                                                ; SOURCE LINE # 426
000140 7CB7           MOV      R11,R7           ; A=R11
000142 F5D7           MOV      T2L,A            ; A=R11
                                                ; SOURCE LINE # 427
000144 0A56           MOVZ     WR10,R6
000146 F5D6           MOV      T2H,A            ; A=R11
                                                ; SOURCE LINE # 428
000148 438E14         ORL      AUXR,#014H
                                                ; SOURCE LINE # 438
00014B 53BAFB         ANL      P_SW2,#0FBH
                                                ; SOURCE LINE # 440
00014E 7E370000    R  MOV      WR6,rx_pin
000152 BE343012       CMP      WR6,#03012H
000156 780C           JNE      ?C0044
000158 BE743013       CMP      WR14,#03013H
00015C 7806           JNE      ?C0044
C251 COMPILER V5.60.0,  zf_driver_uart                                                     08/08/26  11:10:18  PAGE 19  

                                                ; SOURCE LINE # 442
               ?C0059:
00015E E5BA           MOV      A,P_SW2          ; A=R11
000160 F5BA           MOV      P_SW2,A          ; A=R11
                                                ; SOURCE LINE # 443
000162 800F           SJMP     ?C0026
               ?C0044:
                                                ; SOURCE LINE # 444
000164 BE343162       CMP      WR6,#03162H
000168 7809           JNE      ?C0026
00016A BE743163       CMP      WR14,#03163H
00016E 7803           JNE      ?C0026
                                                ; SOURCE LINE # 448
000170 43BA04         ORL      P_SW2,#04H
                                                ; SOURCE LINE # 449
                                                ; SOURCE LINE # 453
                                                ; SOURCE LINE # 456
               ?C0026:
                                                ; SOURCE LINE # 461
000173 DA3B           POP      DR12
000175 22             RET      
;       FUNCTION uart_init (END)



Module Information          Static   Overlayable
------------------------------------------------
  code size            =      1182     ------
  ecode size           =    ------     ------
  data size            =    ------     ------
  idata size           =    ------     ------
  pdata size           =    ------     ------
  xdata size           =         4         64
  xdata-const size     =    ------     ------
  edata size           =         8         15
  bit size             =    ------     ------
  ebit size            =    ------     ------
  bitaddressable size  =    ------     ------
  ebitaddressable size =    ------     ------
  far data size        =    ------     ------
  huge data size       =    ------     ------
  const size           =    ------     ------
  hconst size          =        85     ------
End of Module Information.


C251 COMPILATION COMPLETE.  0 WARNING(S),  0 ERROR(S)
