C251 COMPILER V5.60.0,  zf_driver_pit                                                      08/08/26  11:10:18  PAGE 1   


C251 COMPILER V5.60.0, COMPILATION OF MODULE zf_driver_pit
OBJECT MODULE PLACED IN .\out_file\zf_driver_pit.obj
COMPILER INVOKED BY: D:\keil5-C251-5.60\C251\BIN\C251.EXE ..\..\libraries\zf_driver\zf_driver_pit.c XSMALL INTR2 NOALIAS
                    - WARNINGLEVEL(3) BROWSE INCDIR(..\..\libraries\zf_common;..\..\libraries\zf_components;..\..\libraries\zf_device;..\..\l
                    -ibraries\zf_driver;..\user;..\code;..\..\bldc) DEBUG CODE PRINT(.\out_file\zf_driver_pit.lst) TABS(2) OBJECT(.\out_file\
                    -zf_driver_pit.obj) 

stmt  level    source

    1          /********************************************************************************************************
             -*************
    2          * AI8051U Opensourec Library 即（AI8051U 开源库）是一个基于官方 SDK 接口的第三方开源库
    3          * Copyright (c) 2022 SEEKFREE 逐飞科技
    4          *
    5          * 本文件是STC 开源库的一部分
    6          *
    7          * AI8051U 开源库 是免费软件
    8          * 您可以根据自由软件基金会发布的 GPL（GNU General Public License，即 GNU通用公共许可证）的条款
    9          * 即 GPL 的第3版（即 GPL3.0）或（您选择的）任何后来的版本，重新发布和/或修改它
   10          *
   11          * 本开源库的发布是希望它能发挥作用，但并未对其作任何的保证
   12          * 甚至没有隐含的适销性或适合特定用途的保证
   13          * 更多细节请参见 GPL
   14          *
   15          * 您应该在收到本开源库的同时收到一份 GPL 的副本
   16          * 如果没有，请参阅<https://www.gnu.org/licenses/>
   17          *
   18          * 额外注明：
   19          * 本开源库使用 GPL3.0 开源许可证协议 以上许可申明为译文版本
   20          * 许可申明英文版在 libraries/doc 文件夹下的 GPL3_permission_statement.txt 文件中
   21          * 许可证副本在 libraries 文件夹下 即该文件夹下的 LICENSE 文件
   22          * 欢迎各位使用并传播本程序 但修改内容时必须保留逐飞科技的版权声明（即本声明）
   23          *
   24          * 文件名称          
   25          * 公司名称          成都逐飞科技有限公司
   26          * 版本信息          查看 libraries/doc 文件夹内 version 文件 版本说明
   27          * 开发环境          MDK FOR C251
   28          * 适用平台          AI8051U
   29          * 店铺链接          https://seekfree.taobao.com/
   30          *
   31          * 修改记录
   32          * 日期              作者           备注
   33          * 2024-08-01        大W            first version
   34          *********************************************************************************************************
             -***********/
   35          
   36          #include "zf_common_clock.h"
   37          #include "zf_driver_pit.h"
   38          
   39          #pragma warning disable = 183
   40          #pragma warning disable = 177
   41          
   42          //-------------------------------------------------------------------------------------------------------
             -------------
   43          //  @brief      定时器周期中断
   44          //  @param      pit_n      定时器通道号
   45          //  @param      time_ms    时间(ms)
   46          //  @return     void
   47          //  Sample usage:          pit_timer_ms(TIM_0, 10)
   48          //               使用定时器0做周期中断，时间10ms一次。
   49          //-------------------------------------------------------------------------------------------------------
             -------------
   50          void pit_init(pit_index_enum pit_n, uint32 period)
   51          {
   52   1        uint8 freq_div = 0;                
C251 COMPILER V5.60.0,  zf_driver_pit                                                      08/08/26  11:10:18  PAGE 2   

   53   1          uint16 period_temp = 0;               
   54   1          uint16 temp = 0;
   55   1      
   56   1      
   57   1        if(period > (255*65535))
   58   1        {
   59   2          // 设置定时器为12T模式防止溢出
   60   2          period = period / 12;
   61   2          
   62   2          if(TIM0_PIT == pit_n)
   63   2          {
   64   3            AUXR &= ~0x80;    
   65   3          }
   66   2          else if(TIM1_PIT == pit_n)
   67   2          {
   68   3            AUXR &= ~0x40;    
   69   3          }
   70   2          else if(TIM2_PIT == pit_n)
   71   2          {
   72   3            AUXR &= ~0x04;    
   73   3          }
   74   2          else if(TIM3_PIT == pit_n)
   75   2          {
   76   3            T4T3M &= ~0x02; 
   77   3          }
   78   2          else if(TIM4_PIT == pit_n)
   79   2          {
   80   3            T4T3M &= ~0x20;   
   81   3          }
   82   2          else if(TIM11_PIT == pit_n)
   83   2          {
   84   3            T11CR &= ~0x10;   
   85   3          }
   86   2      
   87   2        }
   88   1        else
   89   1        {
   90   2          // 设置为1T模式
   91   2          if(TIM0_PIT == pit_n)
   92   2          {
   93   3            AUXR |= 0x80;   
   94   3          }
   95   2          else if(TIM1_PIT == pit_n)
   96   2          {
   97   3            AUXR |= 0x40;   
   98   3          }
   99   2          else if(TIM2_PIT == pit_n)
  100   2          {
  101   3            AUXR |= 0x04;   
  102   3          }
  103   2          else if(TIM3_PIT == pit_n)
  104   2          {
  105   3            T4T3M |= 0x02;  
  106   3          }
  107   2          else if(TIM4_PIT == pit_n)
  108   2          {
  109   3            T4T3M |= 0x20;    
  110   3          }
  111   2          else if(TIM11_PIT == pit_n)
  112   2          {
  113   3            T11CR |= 0x10;    
  114   3          }
  115   2        }
  116   1          
  117   1        
  118   1        freq_div = ((period) >> 15);                   // 计算预分频
C251 COMPILER V5.60.0,  zf_driver_pit                                                      08/08/26  11:10:18  PAGE 3   

  119   1        period_temp = ((period) / (freq_div+1));       // 计算自动重装载值
  120   1      
  121   1        temp = (uint16)65536 - period_temp;
  122   1      
  123   1          if(TIM0_PIT == pit_n)
  124   1          {
  125   2          TM0PS = freq_div; // 设置分频值
  126   2              TMOD |= 0x00;     // 模式 0
  127   2              TL0 = temp;
  128   2              TH0 = temp >> 8;
  129   2              TR0 = 1;      // 启动定时器
  130   2              ET0 = 1;      // 使能定时器中断
  131   2          }
  132   1          else if(TIM1_PIT == pit_n)
  133   1          {
  134   2          TM1PS = freq_div; // 设置分频值
  135   2              TMOD |= 0x00; // 模式 0
  136   2              TL1 = temp;
  137   2              TH1 = temp >> 8;
  138   2              TR1 = 1; // 启动定时器
  139   2              ET1 = 1; // 使能定时器中断
  140   2          }
  141   1          else if(TIM2_PIT == pit_n)
  142   1          {
  143   2          TM2PS = freq_div; // 设置分频值
  144   2              T2L = temp;
  145   2              T2H = temp >> 8;
  146   2              AUXR |= 0x10; // 启动定时器
  147   2              IE2 |= 0x04; // 使能定时器中断
  148   2          }
  149   1          else if(TIM3_PIT == pit_n)
  150   1          {
  151   2          TM3PS = freq_div; // 设置分频值
  152   2              T3L = temp;
  153   2              T3H = temp >> 8;
  154   2              T4T3M |= 0x08; // 启动定时器
  155   2              IE2 |= 0x20; // 使能定时器中断
  156   2          }
  157   1          else if(TIM4_PIT == pit_n)
  158   1          {
  159   2          TM4PS = freq_div; // 设置分频值
  160   2              T4L = temp;
  161   2              T4H = temp >> 8;
  162   2              T4T3M |= 0x80; // 启动定时器
  163   2              IE2 |= 0x40; // 使能定时器中断
  164   2          }
  165   1        else if(TIM11_PIT == pit_n)
  166   1        {
  167   2          T11PS = freq_div; // 设置分频值
  168   2          T11L = temp;
  169   2              T11H = temp >> 8;
  170   2          T11CR = 0x82; // 启动定时器，使能定时器中断
  171   2          
  172   2        }
  173   1      }
  174          
C251 COMPILER V5.60.0,  zf_driver_pit                                                      08/08/26  11:10:18  PAGE 4   

ASSEMBLY LISTING OF GENERATED OBJECT CODE


;       FUNCTION pit_init (BEGIN)
                                                ; SOURCE LINE # 50
000000 CA3B           PUSH     DR12
000002 7F60           MOV      DR24,DR0
;---- Variable 'period' assigned to Register 'DR24' ----
000004 7DF3           MOV      WR30,WR6
;---- Variable 'pit_n' assigned to Register 'WR30' ----
                                                ; SOURCE LINE # 51
                                                ; SOURCE LINE # 52
;---- Variable 'freq_div' assigned to Register 'R15' ----
                                                ; SOURCE LINE # 53
                                                ; SOURCE LINE # 54
;---- Variable 'temp' assigned to Register 'WR28' ----
                                                ; SOURCE LINE # 57
000006 7E34FF01       MOV      WR6,#0FF01H
00000A 7E2400FE       MOV      WR4,#0FEH
00000E BF61           CMP      DR24,DR4
000010 2857           JLE      ?C0001
                                                ; SOURCE LINE # 60
000012 7E14000C       MOV      WR2,#0CH
000016 7F16           MOV      DR4,DR24
000018 120000      E  LCALL    ?C?ULIDIV
00001B 7F61           MOV      DR24,DR4
                                                ; SOURCE LINE # 62
00001D 4DFF           ORL      WR30,WR30
00001F 7806           JNE      ?C0002
                                                ; SOURCE LINE # 64
000021 538E7F         ANL      AUXR,#07FH
                                                ; SOURCE LINE # 65
000024 020000      R  LJMP     ?C0013
               ?C0002:
                                                ; SOURCE LINE # 66
000027 BEF40001       CMP      WR30,#01H
00002B 7806           JNE      ?C0004
                                                ; SOURCE LINE # 68
00002D 538EBF         ANL      AUXR,#0BFH
                                                ; SOURCE LINE # 69
000030 020000      R  LJMP     ?C0013
               ?C0004:
                                                ; SOURCE LINE # 70
000033 BEF40002       CMP      WR30,#02H
000037 7805           JNE      ?C0006
                                                ; SOURCE LINE # 72
000039 538EFB         ANL      AUXR,#0FBH
                                                ; SOURCE LINE # 73
00003C 8076           SJMP     ?C0013
               ?C0006:
                                                ; SOURCE LINE # 74
00003E BEF40003       CMP      WR30,#03H
000042 7805           JNE      ?C0008
                                                ; SOURCE LINE # 76
000044 53DDFD         ANL      T4T3M,#0FDH
                                                ; SOURCE LINE # 77
000047 806B           SJMP     ?C0013
               ?C0008:
                                                ; SOURCE LINE # 78
000049 BEF40004       CMP      WR30,#04H
00004D 7805           JNE      ?C0010
                                                ; SOURCE LINE # 80
00004F 53DDDF         ANL      T4T3M,#0DFH
                                                ; SOURCE LINE # 81
000052 8060           SJMP     ?C0013
               ?C0010:
C251 COMPILER V5.60.0,  zf_driver_pit                                                      08/08/26  11:10:18  PAGE 5   

                                                ; SOURCE LINE # 82
000054 BEF40005       CMP      WR30,#05H
000058 785A           JNE      ?C0013
                                                ; SOURCE LINE # 84
00005A 7E34FE78       MOV      WR6,#0FE78H
00005E 7E24007E       MOV      WR4,#07EH
000062 7E1BB0         MOV      R11,@DR4         ; A=R11
000065 54EF           ANL      A,#0EFH          ; A=R11
                                                ; SOURCE LINE # 85
000067 8048           SJMP     ?C0038
               ?C0001:
                                                ; SOURCE LINE # 91
000069 4DFF           ORL      WR30,WR30
00006B 7805           JNE      ?C0014
                                                ; SOURCE LINE # 93
00006D 438E80         ORL      AUXR,#080H
                                                ; SOURCE LINE # 94
000070 8042           SJMP     ?C0013
               ?C0014:
                                                ; SOURCE LINE # 95
000072 BEF40001       CMP      WR30,#01H
000076 7805           JNE      ?C0016
                                                ; SOURCE LINE # 97
000078 438E40         ORL      AUXR,#040H
                                                ; SOURCE LINE # 98
00007B 8037           SJMP     ?C0013
               ?C0016:
                                                ; SOURCE LINE # 99
00007D BEF40002       CMP      WR30,#02H
000081 7805           JNE      ?C0018
                                                ; SOURCE LINE # 101
000083 438E04         ORL      AUXR,#04H
                                                ; SOURCE LINE # 102
000086 802C           SJMP     ?C0013
               ?C0018:
                                                ; SOURCE LINE # 103
000088 BEF40003       CMP      WR30,#03H
00008C 7805           JNE      ?C0020
                                                ; SOURCE LINE # 105
00008E 43DD02         ORL      T4T3M,#02H
                                                ; SOURCE LINE # 106
000091 8021           SJMP     ?C0013
               ?C0020:
                                                ; SOURCE LINE # 107
000093 BEF40004       CMP      WR30,#04H
000097 7805           JNE      ?C0022
                                                ; SOURCE LINE # 109
000099 43DD20         ORL      T4T3M,#020H
                                                ; SOURCE LINE # 110
00009C 8016           SJMP     ?C0013
               ?C0022:
                                                ; SOURCE LINE # 111
00009E BEF40005       CMP      WR30,#05H
0000A2 7810           JNE      ?C0013
                                                ; SOURCE LINE # 113
0000A4 7E34FE78       MOV      WR6,#0FE78H
0000A8 7E24007E       MOV      WR4,#07EH
0000AC 7E1BB0         MOV      R11,@DR4         ; A=R11
0000AF 4410           ORL      A,#010H          ; A=R11
               ?C0038:
0000B1 7A1BB0         MOV      @DR4,R11         ; A=R11
                                                ; SOURCE LINE # 114
               ?C0013:
                                                ; SOURCE LINE # 118
0000B4 740F           MOV      A,#0FH           ; A=R11
0000B6 7F36           MOV      DR12,DR24
C251 COMPILER V5.60.0,  zf_driver_pit                                                      08/08/26  11:10:18  PAGE 6   

               ?C0036:
0000B8 1E74           SRL      WR14
0000BA 1E64           SRL      WR12
0000BC 5003           JNC      ?C0037
0000BE 4EE080         ORL      R14,#080H
               ?C0037:
0000C1 14             DEC      A                ; A=R11
0000C2 78F4           JNE      ?C0036
                                                ; SOURCE LINE # 119
0000C4 0A1F           MOVZ     WR2,R15
0000C6 6D00           XRL      WR0,WR0
0000C8 0B0C           INC      DR0,#01H
0000CA 7F16           MOV      DR4,DR24
0000CC 120000      E  LCALL    ?C?ULDIV
0000CF 7DE3           MOV      WR28,WR6
;---- Variable 'period_temp' assigned to Register 'WR28' ----
                                                ; SOURCE LINE # 121
0000D1 6EE4FFFF       XRL      WR28,#0FFFFH
0000D5 0BE4           INC      WR28,#01H
                                                ; SOURCE LINE # 123
0000D7 4DFF           ORL      WR30,WR30
0000D9 7820           JNE      ?C0025
                                                ; SOURCE LINE # 125
0000DB 7E34FEA0       MOV      WR6,#0FEA0H
0000DF 7E24007E       MOV      WR4,#07EH
0000E3 7A1BF0         MOV      @DR4,R15
                                                ; SOURCE LINE # 126
0000E6 E589           MOV      A,TMOD           ; A=R11
0000E8 F589           MOV      TMOD,A           ; A=R11
                                                ; SOURCE LINE # 127
0000EA 7D3E           MOV      WR6,WR28
0000EC 7CB7           MOV      R11,R7           ; A=R11
0000EE F58A           MOV      TL0,A            ; A=R11
                                                ; SOURCE LINE # 128
0000F0 0A56           MOVZ     WR10,R6
0000F2 F58C           MOV      TH0,A            ; A=R11
                                                ; SOURCE LINE # 129
0000F4 D28C           SETB     TR0
                                                ; SOURCE LINE # 130
0000F6 D2A9           SETB     ET0
                                                ; SOURCE LINE # 131
0000F8 020000      R  LJMP     ?C0026
               ?C0025:
                                                ; SOURCE LINE # 132
0000FB BEF40001       CMP      WR30,#01H
0000FF 7820           JNE      ?C0027
                                                ; SOURCE LINE # 134
000101 7E34FEA1       MOV      WR6,#0FEA1H
000105 7E24007E       MOV      WR4,#07EH
000109 7A1BF0         MOV      @DR4,R15
                                                ; SOURCE LINE # 135
00010C E589           MOV      A,TMOD           ; A=R11
00010E F589           MOV      TMOD,A           ; A=R11
                                                ; SOURCE LINE # 136
000110 7D3E           MOV      WR6,WR28
000112 7CB7           MOV      R11,R7           ; A=R11
000114 F58B           MOV      TL1,A            ; A=R11
                                                ; SOURCE LINE # 137
000116 0A56           MOVZ     WR10,R6
000118 F58D           MOV      TH1,A            ; A=R11
                                                ; SOURCE LINE # 138
00011A D28E           SETB     TR1
                                                ; SOURCE LINE # 139
00011C D2AB           SETB     ET1
                                                ; SOURCE LINE # 140
00011E 020000      R  LJMP     ?C0026
C251 COMPILER V5.60.0,  zf_driver_pit                                                      08/08/26  11:10:18  PAGE 7   

               ?C0027:
                                                ; SOURCE LINE # 141
000121 BEF40002       CMP      WR30,#02H
000125 781D           JNE      ?C0029
                                                ; SOURCE LINE # 143
000127 7E34FEA2       MOV      WR6,#0FEA2H
00012B 7E24007E       MOV      WR4,#07EH
00012F 7A1BF0         MOV      @DR4,R15
                                                ; SOURCE LINE # 144
000132 7D3E           MOV      WR6,WR28
000134 7CB7           MOV      R11,R7           ; A=R11
000136 F5D7           MOV      T2L,A            ; A=R11
                                                ; SOURCE LINE # 145
000138 0A56           MOVZ     WR10,R6
00013A F5D6           MOV      T2H,A            ; A=R11
                                                ; SOURCE LINE # 146
00013C 438E10         ORL      AUXR,#010H
                                                ; SOURCE LINE # 147
00013F 43AF04         ORL      IE2,#04H
                                                ; SOURCE LINE # 148
000142 8076           SJMP     ?C0026
               ?C0029:
                                                ; SOURCE LINE # 149
000144 BEF40003       CMP      WR30,#03H
000148 781D           JNE      ?C0031
                                                ; SOURCE LINE # 151
00014A 7E34FEA3       MOV      WR6,#0FEA3H
00014E 7E24007E       MOV      WR4,#07EH
000152 7A1BF0         MOV      @DR4,R15
                                                ; SOURCE LINE # 152
000155 7D3E           MOV      WR6,WR28
000157 7CB7           MOV      R11,R7           ; A=R11
000159 F5D5           MOV      T3L,A            ; A=R11
                                                ; SOURCE LINE # 153
00015B 0A56           MOVZ     WR10,R6
00015D F5D4           MOV      T3H,A            ; A=R11
                                                ; SOURCE LINE # 154
00015F 43DD08         ORL      T4T3M,#08H
                                                ; SOURCE LINE # 155
000162 43AF20         ORL      IE2,#020H
                                                ; SOURCE LINE # 156
000165 8053           SJMP     ?C0026
               ?C0031:
                                                ; SOURCE LINE # 157
000167 BEF40004       CMP      WR30,#04H
00016B 781D           JNE      ?C0033
                                                ; SOURCE LINE # 159
00016D 7E34FEA4       MOV      WR6,#0FEA4H
000171 7E24007E       MOV      WR4,#07EH
000175 7A1BF0         MOV      @DR4,R15
                                                ; SOURCE LINE # 160
000178 7D3E           MOV      WR6,WR28
00017A 7CB7           MOV      R11,R7           ; A=R11
00017C F5D3           MOV      T4L,A            ; A=R11
                                                ; SOURCE LINE # 161
00017E 0A56           MOVZ     WR10,R6
000180 F5D2           MOV      T4H,A            ; A=R11
                                                ; SOURCE LINE # 162
000182 43DD80         ORL      T4T3M,#080H
                                                ; SOURCE LINE # 163
000185 43AF40         ORL      IE2,#040H
                                                ; SOURCE LINE # 164
000188 8030           SJMP     ?C0026
               ?C0033:
                                                ; SOURCE LINE # 165
00018A BEF40005       CMP      WR30,#05H
C251 COMPILER V5.60.0,  zf_driver_pit                                                      08/08/26  11:10:18  PAGE 8   

00018E 782A           JNE      ?C0026
                                                ; SOURCE LINE # 167
000190 7E34FE79       MOV      WR6,#0FE79H
000194 7E24007E       MOV      WR4,#07EH
000198 7A1BF0         MOV      @DR4,R15
                                                ; SOURCE LINE # 168
00019B 7D3E           MOV      WR6,WR28
00019D 7C37           MOV      R3,R7
00019F 7E34FE7B       MOV      WR6,#0FE7BH
0001A3 7A1B30         MOV      @DR4,R3
                                                ; SOURCE LINE # 169
0001A6 7D1E           MOV      WR2,WR28
0001A8 0A12           MOVZ     WR2,R2
0001AA 7E34FE7A       MOV      WR6,#0FE7AH
0001AE 7A1B30         MOV      @DR4,R3
                                                ; SOURCE LINE # 170
0001B1 7482           MOV      A,#082H          ; A=R11
0001B3 7E34FE78       MOV      WR6,#0FE78H
0001B7 7A1BB0         MOV      @DR4,R11         ; A=R11
                                                ; SOURCE LINE # 172
               ?C0026:
0001BA DA3B           POP      DR12
0001BC 22             RET      
;       FUNCTION pit_init (END)



Module Information          Static   Overlayable
------------------------------------------------
  code size            =       445     ------
  ecode size           =    ------     ------
  data size            =    ------     ------
  idata size           =    ------     ------
  pdata size           =    ------     ------
  xdata size           =    ------     ------
  xdata-const size     =    ------     ------
  edata size           =    ------     ------
  bit size             =    ------     ------
  ebit size            =    ------     ------
  bitaddressable size  =    ------     ------
  ebitaddressable size =    ------     ------
  far data size        =    ------     ------
  huge data size       =    ------     ------
  const size           =    ------     ------
  hconst size          =    ------     ------
End of Module Information.


C251 COMPILATION COMPLETE.  0 WARNING(S),  0 ERROR(S)
